Archive member included to satisfy reference by file (symbol)

/opt/st/stm32cubeide_1.12.1/plugins/com.st.stm32cube.ide.mcu.externaltools.gnu-tools-for-stm32.10.3-2021.10.linux64_1.0.200.202301161003/tools/bin/../lib/gcc/arm-none-eabi/10.3.1/../../../../arm-none-eabi/lib/thumb/v7-m/nofp/libc_nano.a(lib_a-calloc.o)
                              ./Core/Src/main.o (calloc)
/opt/st/stm32cubeide_1.12.1/plugins/com.st.stm32cube.ide.mcu.externaltools.gnu-tools-for-stm32.10.3-2021.10.linux64_1.0.200.202301161003/tools/bin/../lib/gcc/arm-none-eabi/10.3.1/../../../../arm-none-eabi/lib/thumb/v7-m/nofp/libc_nano.a(lib_a-errno.o)
                              ./Core/Src/syscalls.o (__errno)
/opt/st/stm32cubeide_1.12.1/plugins/com.st.stm32cube.ide.mcu.externaltools.gnu-tools-for-stm32.10.3-2021.10.linux64_1.0.200.202301161003/tools/bin/../lib/gcc/arm-none-eabi/10.3.1/../../../../arm-none-eabi/lib/thumb/v7-m/nofp/libc_nano.a(lib_a-exit.o)
                              /opt/st/stm32cubeide_1.12.1/plugins/com.st.stm32cube.ide.mcu.externaltools.gnu-tools-for-stm32.10.3-2021.10.linux64_1.0.200.202301161003/tools/bin/../lib/gcc/arm-none-eabi/10.3.1/../../../../arm-none-eabi/lib/thumb/v7-m/nofp/crt0.o (exit)
/opt/st/stm32cubeide_1.12.1/plugins/com.st.stm32cube.ide.mcu.externaltools.gnu-tools-for-stm32.10.3-2021.10.linux64_1.0.200.202301161003/tools/bin/../lib/gcc/arm-none-eabi/10.3.1/../../../../arm-none-eabi/lib/thumb/v7-m/nofp/libc_nano.a(lib_a-impure.o)
                              /opt/st/stm32cubeide_1.12.1/plugins/com.st.stm32cube.ide.mcu.externaltools.gnu-tools-for-stm32.10.3-2021.10.linux64_1.0.200.202301161003/tools/bin/../lib/gcc/arm-none-eabi/10.3.1/../../../../arm-none-eabi/lib/thumb/v7-m/nofp/libc_nano.a(lib_a-exit.o) (_global_impure_ptr)
/opt/st/stm32cubeide_1.12.1/plugins/com.st.stm32cube.ide.mcu.externaltools.gnu-tools-for-stm32.10.3-2021.10.linux64_1.0.200.202301161003/tools/bin/../lib/gcc/arm-none-eabi/10.3.1/../../../../arm-none-eabi/lib/thumb/v7-m/nofp/libc_nano.a(lib_a-init.o)
                              /opt/st/stm32cubeide_1.12.1/plugins/com.st.stm32cube.ide.mcu.externaltools.gnu-tools-for-stm32.10.3-2021.10.linux64_1.0.200.202301161003/tools/bin/../lib/gcc/arm-none-eabi/10.3.1/../../../../arm-none-eabi/lib/thumb/v7-m/nofp/crt0.o (__libc_init_array)
/opt/st/stm32cubeide_1.12.1/plugins/com.st.stm32cube.ide.mcu.externaltools.gnu-tools-for-stm32.10.3-2021.10.linux64_1.0.200.202301161003/tools/bin/../lib/gcc/arm-none-eabi/10.3.1/../../../../arm-none-eabi/lib/thumb/v7-m/nofp/libc_nano.a(lib_a-malloc.o)
                              ./Core/Src/main.o (free)
/opt/st/stm32cubeide_1.12.1/plugins/com.st.stm32cube.ide.mcu.externaltools.gnu-tools-for-stm32.10.3-2021.10.linux64_1.0.200.202301161003/tools/bin/../lib/gcc/arm-none-eabi/10.3.1/../../../../arm-none-eabi/lib/thumb/v7-m/nofp/libc_nano.a(lib_a-memset.o)
                              /opt/st/stm32cubeide_1.12.1/plugins/com.st.stm32cube.ide.mcu.externaltools.gnu-tools-for-stm32.10.3-2021.10.linux64_1.0.200.202301161003/tools/bin/../lib/gcc/arm-none-eabi/10.3.1/../../../../arm-none-eabi/lib/thumb/v7-m/nofp/crt0.o (memset)
/opt/st/stm32cubeide_1.12.1/plugins/com.st.stm32cube.ide.mcu.externaltools.gnu-tools-for-stm32.10.3-2021.10.linux64_1.0.200.202301161003/tools/bin/../lib/gcc/arm-none-eabi/10.3.1/../../../../arm-none-eabi/lib/thumb/v7-m/nofp/libc_nano.a(lib_a-nano-callocr.o)
                              /opt/st/stm32cubeide_1.12.1/plugins/com.st.stm32cube.ide.mcu.externaltools.gnu-tools-for-stm32.10.3-2021.10.linux64_1.0.200.202301161003/tools/bin/../lib/gcc/arm-none-eabi/10.3.1/../../../../arm-none-eabi/lib/thumb/v7-m/nofp/libc_nano.a(lib_a-calloc.o) (_calloc_r)
/opt/st/stm32cubeide_1.12.1/plugins/com.st.stm32cube.ide.mcu.externaltools.gnu-tools-for-stm32.10.3-2021.10.linux64_1.0.200.202301161003/tools/bin/../lib/gcc/arm-none-eabi/10.3.1/../../../../arm-none-eabi/lib/thumb/v7-m/nofp/libc_nano.a(lib_a-nano-freer.o)
                              /opt/st/stm32cubeide_1.12.1/plugins/com.st.stm32cube.ide.mcu.externaltools.gnu-tools-for-stm32.10.3-2021.10.linux64_1.0.200.202301161003/tools/bin/../lib/gcc/arm-none-eabi/10.3.1/../../../../arm-none-eabi/lib/thumb/v7-m/nofp/libc_nano.a(lib_a-malloc.o) (_free_r)
/opt/st/stm32cubeide_1.12.1/plugins/com.st.stm32cube.ide.mcu.externaltools.gnu-tools-for-stm32.10.3-2021.10.linux64_1.0.200.202301161003/tools/bin/../lib/gcc/arm-none-eabi/10.3.1/../../../../arm-none-eabi/lib/thumb/v7-m/nofp/libc_nano.a(lib_a-nano-mallocr.o)
                              /opt/st/stm32cubeide_1.12.1/plugins/com.st.stm32cube.ide.mcu.externaltools.gnu-tools-for-stm32.10.3-2021.10.linux64_1.0.200.202301161003/tools/bin/../lib/gcc/arm-none-eabi/10.3.1/../../../../arm-none-eabi/lib/thumb/v7-m/nofp/libc_nano.a(lib_a-malloc.o) (_malloc_r)
[...]
Memory Configuration

Name             Origin             Length             Attributes
RAM              0x0000000020000000 0x0000000000005000 xrw
FLASH            0x0000000008000000 0x0000000000010000 xr
*default*        0x0000000000000000 0xffffffffffffffff

Linker script and memory map

LOAD /opt/st/stm32cubeide_1.12.1/plugins/com.st.stm32cube.ide.mcu.externaltools.gnu-tools-for-stm32.10.3-2021.10.linux64_1.0.200.202301161003/tools/bin/../lib/gcc/arm-none-eabi/10.3.1/thumb/v7-m/nofp/crti.o
LOAD /opt/st/stm32cubeide_1.12.1/plugins/com.st.stm32cube.ide.mcu.externaltools.gnu-tools-for-stm32.10.3-2021.10.linux64_1.0.200.202301161003/tools/bin/../lib/gcc/arm-none-eabi/10.3.1/thumb/v7-m/nofp/crtbegin.o
LOAD /opt/st/stm32cubeide_1.12.1/plugins/com.st.stm32cube.ide.mcu.externaltools.gnu-tools-for-stm32.10.3-2021.10.linux64_1.0.200.202301161003/tools/bin/../lib/gcc/arm-none-eabi/10.3.1/../../../../arm-none-eabi/lib/thumb/v7-m/nofp/crt0.o
LOAD ./Core/Src/main.o
LOAD ./Core/Src/stm32f1xx_hal_msp.o
LOAD ./Core/Src/stm32f1xx_it.o
LOAD ./Core/Src/syscalls.o
LOAD ./Core/Src/sysmem.o
LOAD ./Core/Src/system_stm32f1xx.o
LOAD ./Core/Startup/startup_stm32f103c8tx.o
LOAD ./Drivers/STM32F1xx_HAL_Driver/Src/stm32f1xx_hal.o
LOAD ./Drivers/STM32F1xx_HAL_Driver/Src/stm32f1xx_hal_cortex.o
LOAD ./Drivers/STM32F1xx_HAL_Driver/Src/stm32f1xx_hal_dma.o
LOAD ./Drivers/STM32F1xx_HAL_Driver/Src/stm32f1xx_hal_exti.o
LOAD ./Drivers/STM32F1xx_HAL_Driver/Src/stm32f1xx_hal_flash.o
LOAD ./Drivers/STM32F1xx_HAL_Driver/Src/stm32f1xx_hal_flash_ex.o
LOAD ./Drivers/STM32F1xx_HAL_Driver/Src/stm32f1xx_hal_gpio.o
LOAD ./Drivers/STM32F1xx_HAL_Driver/Src/stm32f1xx_hal_gpio_ex.o
LOAD ./Drivers/STM32F1xx_HAL_Driver/Src/stm32f1xx_hal_i2c.o
LOAD ./Drivers/STM32F1xx_HAL_Driver/Src/stm32f1xx_hal_iwdg.o
LOAD ./Drivers/STM32F1xx_HAL_Driver/Src/stm32f1xx_hal_pwr.o
LOAD ./Drivers/STM32F1xx_HAL_Driver/Src/stm32f1xx_hal_rcc.o
LOAD ./Drivers/STM32F1xx_HAL_Driver/Src/stm32f1xx_hal_rcc_ex.o
LOAD ./Drivers/STM32F1xx_HAL_Driver/Src/stm32f1xx_hal_tim.o
LOAD ./Drivers/STM32F1xx_HAL_Driver/Src/stm32f1xx_hal_tim_ex.o
LOAD ./OLED/Src/fonts.o
LOAD ./OLED/Src/ssd1306.o
LOAD ./Rojo_BH1750/Src/Rojo_BH1750.o
START GROUP
LOAD /opt/st/stm32cubeide_1.12.1/plugins/com.st.stm32cube.ide.mcu.externaltools.gnu-tools-for-stm32.10.3-2021.10.linux64_1.0.200.202301161003/tools/bin/../lib/gcc/arm-none-eabi/10.3.1/../../../../arm-none-eabi/lib/thumb/v7-m/nofp/libc_nano.a
LOAD /opt/st/stm32cubeide_1.12.1/plugins/com.st.stm32cube.ide.mcu.externaltools.gnu-tools-for-stm32.10.3-2021.10.linux64_1.0.200.202301161003/tools/bin/../lib/gcc/arm-none-eabi/10.3.1/../../../../arm-none-eabi/lib/thumb/v7-m/nofp/libm.a
END GROUP
START GROUP
LOAD /opt/st/stm32cubeide_1.12.1/plugins/com.st.stm32cube.ide.mcu.externaltools.gnu-tools-for-stm32.10.3-2021.10.linux64_1.0.200.202301161003/tools/bin/../lib/gcc/arm-none-eabi/10.3.1/thumb/v7-m/nofp/libgcc.a
LOAD /opt/st/stm32cubeide_1.12.1/plugins/com.st.stm32cube.ide.mcu.externaltools.gnu-tools-for-stm32.10.3-2021.10.linux64_1.0.200.202301161003/tools/bin/../lib/gcc/arm-none-eabi/10.3.1/../../../../arm-none-eabi/lib/thumb/v7-m/nofp/libc_nano.a
END GROUP
START GROUP
LOAD /opt/st/stm32cubeide_1.12.1/plugins/com.st.stm32cube.ide.mcu.externaltools.gnu-tools-for-stm32.10.3-2021.10.linux64_1.0.200.202301161003/tools/bin/../lib/gcc/arm-none-eabi/10.3.1/thumb/v7-m/nofp/libgcc.a
LOAD /opt/st/stm32cubeide_1.12.1/plugins/com.st.stm32cube.ide.mcu.externaltools.gnu-tools-for-stm32.10.3-2021.10.linux64_1.0.200.202301161003/tools/bin/../lib/gcc/arm-none-eabi/10.3.1/../../../../arm-none-eabi/lib/thumb/v7-m/nofp/libc_nano.a
LOAD /opt/st/stm32cubeide_1.12.1/plugins/com.st.stm32cube.ide.mcu.externaltools.gnu-tools-for-stm32.10.3-2021.10.linux64_1.0.200.202301161003/tools/bin/../lib/gcc/arm-none-eabi/10.3.1/../../../../arm-none-eabi/lib/thumb/v7-m/nofp/libnosys.a
END GROUP
START GROUP
LOAD /opt/st/stm32cubeide_1.12.1/plugins/com.st.stm32cube.ide.mcu.externaltools.gnu-tools-for-stm32.10.3-2021.10.linux64_1.0.200.202301161003/tools/bin/../lib/gcc/arm-none-eabi/10.3.1/thumb/v7-m/nofp/libgcc.a
LOAD /opt/st/stm32cubeide_1.12.1/plugins/com.st.stm32cube.ide.mcu.externaltools.gnu-tools-for-stm32.10.3-2021.10.linux64_1.0.200.202301161003/tools/bin/../lib/gcc/arm-none-eabi/10.3.1/../../../../arm-none-eabi/lib/thumb/v7-m/nofp/libc_nano.a
LOAD /opt/st/stm32cubeide_1.12.1/plugins/com.st.stm32cube.ide.mcu.externaltools.gnu-tools-for-stm32.10.3-2021.10.linux64_1.0.200.202301161003/tools/bin/../lib/gcc/arm-none-eabi/10.3.1/../../../../arm-none-eabi/lib/thumb/v7-m/nofp/libnosys.a
END GROUP
LOAD /opt/st/stm32cubeide_1.12.1/plugins/com.st.stm32cube.ide.mcu.externaltools.gnu-tools-for-stm32.10.3-2021.10.linux64_1.0.200.202301161003/tools/bin/../lib/gcc/arm-none-eabi/10.3.1/thumb/v7-m/nofp/crtend.o
LOAD /opt/st/stm32cubeide_1.12.1/plugins/com.st.stm32cube.ide.mcu.externaltools.gnu-tools-for-stm32.10.3-2021.10.linux64_1.0.200.202301161003/tools/bin/../lib/gcc/arm-none-eabi/10.3.1/thumb/v7-m/nofp/crtn.o
                0x0000000020005000                _estack = (ORIGIN (RAM) + LENGTH (RAM))
                0x0000000000000200                _Min_Heap_Size = 0x200
                0x0000000000000400                _Min_Stack_Size = 0x400

.isr_vector     0x0000000008000000      0x10c
                0x0000000008000000                . = ALIGN (0x4)
 *(.isr_vector)
 .isr_vector    0x0000000008000000      0x10c ./Core/Startup/startup_stm32f103c8tx.o
                0x0000000008000000                g_pfnVectors
                0x000000000800010c                . = ALIGN (0x4)

.text           0x0000000008000110     0x7a04
                0x0000000008000110                . = ALIGN (0x4)
 *(.text)
 .text          0x0000000008000110       0x40 /opt/st/stm32cubeide_1.12.1/plugins/com.st.stm32cube.ide.mcu.externaltools.gnu-tools-for-stm32.10.3-2021.10.linux64_1.0.200.202301161003/tools/bin/../lib/gcc/arm-none-eabi/10.3.1/thumb/v7-m/nofp/crtbegin.o
 .text          0x0000000008000150      0x168 /opt/st/stm32cubeide_1.12.1/plugins/com.st.stm32cube.ide.mcu.externaltools.gnu-tools-for-stm32.10.3-2021.10.linux64_1.0.200.202301161003/tools/bin/../lib/gcc/arm-none-eabi/10.3.1/thumb/v7-m/nofp/libgcc.a(_arm_mulsf3.o)
                0x0000000008000150                __mulsf3
                0x0000000008000150                __aeabi_fmul
 .text          0x00000000080002b8      0x378 /opt/st/stm32cubeide_1.12.1/plugins/com.st.stm32cube.ide.mcu.externaltools.gnu-tools-for-stm32.10.3-2021.10.linux64_1.0.200.202301161003/tools/bin/../lib/gcc/arm-none-eabi/10.3.1/thumb/v7-m/nofp/libgcc.a(_arm_addsubdf3.o)
                0x00000000080002b8                __aeabi_drsub
                0x00000000080002c0                __aeabi_dsub
                0x00000000080002c0                __subdf3
                0x00000000080002c4                __adddf3
                0x00000000080002c4                __aeabi_dadd
                0x000000000800053c                __aeabi_ui2d
                0x000000000800053c                __floatunsidf
                0x000000000800055c                __floatsidf
                0x000000000800055c                __aeabi_i2d
                0x0000000008000580                __extendsfdf2
                0x0000000008000580                __aeabi_f2d
                0x00000000080005c4                __aeabi_ul2d
                0x00000000080005c4                __floatundidf
                0x00000000080005d4                __floatdidf
                0x00000000080005d4                __aeabi_l2d
 .text          0x0000000008000630      0x424 /opt/st/stm32cubeide_1.12.1/plugins/com.st.stm32cube.ide.mcu.externaltools.gnu-tools-for-stm32.10.3-2021.10.linux64_1.0.200.202301161003/tools/bin/../lib/gcc/arm-none-eabi/10.3.1/thumb/v7-m/nofp/libgcc.a(_arm_muldivdf3.o)
                0x0000000008000630                __aeabi_dmul
                0x0000000008000630                __muldf3
                0x0000000008000884                __aeabi_ddiv
                0x0000000008000884                __divdf3
 .text          0x0000000008000a54       0x40 /opt/st/stm32cubeide_1.12.1/plugins/com.st.stm32cube.ide.mcu.externaltools.gnu-tools-for-stm32.10.3-2021.10.linux64_1.0.200.202301161003/tools/bin/../lib/gcc/arm-none-eabi/10.3.1/thumb/v7-m/nofp/libgcc.a(_arm_fixunsdfsi.o)
                0x0000000008000a54                __fixunsdfsi
                0x0000000008000a54                __aeabi_d2uiz
 .text          0x0000000008000a94       0xa0 /opt/st/stm32cubeide_1.12.1/plugins/com.st.stm32cube.ide.mcu.externaltools.gnu-tools-for-stm32.10.3-2021.10.linux64_1.0.200.202301161003/tools/bin/../lib/gcc/arm-none-eabi/10.3.1/thumb/v7-m/nofp/libgcc.a(_arm_truncdfsf2.o)
                0x0000000008000a94                __aeabi_d2f
                0x0000000008000a94                __truncdfsf2
 .text          0x0000000008000b34      0x21c /opt/st/stm32cubeide_1.12.1/plugins/com.st.stm32cube.ide.mcu.externaltools.gnu-tools-for-stm32.10.3-2021.10.linux64_1.0.200.202301161003/tools/bin/../lib/gcc/arm-none-eabi/10.3.1/thumb/v7-m/nofp/libgcc.a(_arm_addsubsf3.o)
                0x0000000008000b34                __aeabi_frsub
                0x0000000008000b3c                __subsf3
                0x0000000008000b3c                __aeabi_fsub
                0x0000000008000b40                __aeabi_fadd
                0x0000000008000b40                __addsf3
                0x0000000008000ca0                __aeabi_ui2f
                0x0000000008000ca0                __floatunsisf
                0x0000000008000ca8                __aeabi_i2f
                0x0000000008000ca8                __floatsisf
                0x0000000008000cc4                __floatundisf
                0x0000000008000cc4                __aeabi_ul2f
                0x0000000008000cd4                __floatdisf
                0x0000000008000cd4                __aeabi_l2f
 .text          0x0000000008000d50       0x40 /opt/st/stm32cubeide_1.12.1/plugins/com.st.stm32cube.ide.mcu.externaltools.gnu-tools-for-stm32.10.3-2021.10.linux64_1.0.200.202301161003/tools/bin/../lib/gcc/arm-none-eabi/10.3.1/thumb/v7-m/nofp/libgcc.a(_arm_fixunssfsi.o)
                0x0000000008000d50                __aeabi_f2uiz
                0x0000000008000d50                __fixunssfsi
 *(.text*)
 .text.__NVIC_SystemReset
                0x0000000008000d90       0x2c ./Core/Src/main.o
 .text.main     0x0000000008000dbc      0x1d0 ./Core/Src/main.o
                0x0000000008000dbc                main
 .text.Continous_mode
                0x0000000008000f8c       0xe4 ./Core/Src/main.o
                0x0000000008000f8c                Continous_mode
 .text.Hold_mode
                0x0000000008001070       0xd8 ./Core/Src/main.o
                0x0000000008001070                Hold_mode
 .text.Plot_mode
                0x0000000008001148      0x5c8 ./Core/Src/main.o
                0x0000000008001148                Plot_mode
 .text.Print_OkToContinue
                0x0000000008001710      0x128 ./Core/Src/main.o
                0x0000000008001710                Print_OkToContinue
 .text.Config_plot_mode
                0x0000000008001838      0x698 ./Core/Src/main.o
                0x0000000008001838                Config_plot_mode
 .text.Reset_sensor_mode
                0x0000000008001ed0       0xdc ./Core/Src/main.o
                0x0000000008001ed0                Reset_sensor_mode
 .text.MenuGUI  0x0000000008001fac      0x284 ./Core/Src/main.o
                0x0000000008001fac                MenuGUI
 .text.Select_animation
                0x0000000008002230       0x64 ./Core/Src/main.o
                0x0000000008002230                Select_animation
 .text.Fatal_Error_BH1750
                0x0000000008002294       0xbc ./Core/Src/main.o
                0x0000000008002294                Fatal_Error_BH1750
 .text.NoConnected_BH1750
                0x0000000008002350       0xbc ./Core/Src/main.o
                0x0000000008002350                NoConnected_BH1750
 .text.Print_Measure
                0x000000000800240c       0xdc ./Core/Src/main.o
                0x000000000800240c                Print_Measure
 .text.wait_until_press
                0x00000000080024e8       0x50 ./Core/Src/main.o
                0x00000000080024e8                wait_until_press
 .text.Timer_Delay_250ms
                0x0000000008002538       0x1e ./Core/Src/main.o
                0x0000000008002538                Timer_Delay_250ms
 .text.Timer_Delay_50ms
                0x0000000008002556       0x1e ./Core/Src/main.o
                0x0000000008002556                Timer_Delay_50ms
 .text.Timer_Delay_at_274PSC
                0x0000000008002574       0x70 ./Core/Src/main.o
                0x0000000008002574                Timer_Delay_at_274PSC
 .text.MCU_Reset_Subrutine
                0x00000000080025e4       0x30 ./Core/Src/main.o
                0x00000000080025e4                MCU_Reset_Subrutine
 *fill*         0x0000000008002614        0x4 
 .text.SensorRead
                0x0000000008002618      0x108 ./Core/Src/main.o
                0x0000000008002618                SensorRead
 .text.CenterXPrint
                0x0000000008002720       0x4c ./Core/Src/main.o
                0x0000000008002720                CenterXPrint
 .text.CharsNumberFromInt
                0x000000000800276c       0x48 ./Core/Src/main.o
                0x000000000800276c                CharsNumberFromInt
 .text.NumberOfCharsUsed
                0x00000000080027b4       0x3e ./Core/Src/main.o
                0x00000000080027b4                NumberOfCharsUsed
 *fill*         0x00000000080027f2        0x2 
 .text.Configs_init
                0x00000000080027f4       0x28 ./Core/Src/main.o
                0x00000000080027f4                Configs_init
 .text.HAL_GPIO_EXTI_Callback
                0x000000000800281c       0x3c ./Core/Src/main.o
                0x000000000800281c                HAL_GPIO_EXTI_Callback
 .text.HAL_TIM_PeriodElapsedCallback
                0x0000000008002858       0x1c ./Core/Src/main.o
                0x0000000008002858                HAL_TIM_PeriodElapsedCallback
 .text.HAL_I2C_ErrorCallback
                0x0000000008002874       0x12 ./Core/Src/main.o
                0x0000000008002874                HAL_I2C_ErrorCallback
 .text.SystemClock_Config
                0x0000000008002886       0x8e ./Core/Src/main.o
                0x0000000008002886                SystemClock_Config
 .text.MX_I2C1_Init
                0x0000000008002914       0x5c ./Core/Src/main.o
 .text.MX_I2C2_Init
                0x0000000008002970       0x5c ./Core/Src/main.o
 .text.MX_IWDG_Init
                0x00000000080029cc       0x34 ./Core/Src/main.o
 .text.MX_TIM3_Init
                0x0000000008002a00       0x9c ./Core/Src/main.o
 .text.MX_TIM4_Init
                0x0000000008002a9c       0x9c ./Core/Src/main.o
 .text.MX_GPIO_Init
                0x0000000008002b38      0x15c ./Core/Src/main.o
 .text.Error_Handler
                0x0000000008002c94        0xa ./Core/Src/main.o
                0x0000000008002c94                Error_Handler
 *fill*         0x0000000008002c9e        0x2 
 .text.HAL_MspInit
                0x0000000008002ca0       0x64 ./Core/Src/stm32f1xx_hal_msp.o
                0x0000000008002ca0                HAL_MspInit
 .text.HAL_I2C_MspInit
                0x0000000008002d04      0x118 ./Core/Src/stm32f1xx_hal_msp.o
                0x0000000008002d04                HAL_I2C_MspInit
 .text.HAL_TIM_Base_MspInit
                0x0000000008002e1c       0x74 ./Core/Src/stm32f1xx_hal_msp.o
                0x0000000008002e1c                HAL_TIM_Base_MspInit
 .text.NMI_Handler
                0x0000000008002e90        0x6 ./Core/Src/stm32f1xx_it.o
                0x0000000008002e90                NMI_Handler
 .text.HardFault_Handler
                0x0000000008002e96        0x6 ./Core/Src/stm32f1xx_it.o
                0x0000000008002e96                HardFault_Handler
 .text.MemManage_Handler
                0x0000000008002e9c        0x6 ./Core/Src/stm32f1xx_it.o
                0x0000000008002e9c                MemManage_Handler
 .text.BusFault_Handler
                0x0000000008002ea2        0x6 ./Core/Src/stm32f1xx_it.o
                0x0000000008002ea2                BusFault_Handler
 .text.UsageFault_Handler
                0x0000000008002ea8        0x6 ./Core/Src/stm32f1xx_it.o
                0x0000000008002ea8                UsageFault_Handler
 .text.SVC_Handler
                0x0000000008002eae        0xc ./Core/Src/stm32f1xx_it.o
                0x0000000008002eae                SVC_Handler
 .text.DebugMon_Handler
                0x0000000008002eba        0xc ./Core/Src/stm32f1xx_it.o
                0x0000000008002eba                DebugMon_Handler
 .text.PendSV_Handler
                0x0000000008002ec6        0xc ./Core/Src/stm32f1xx_it.o
                0x0000000008002ec6                PendSV_Handler
 .text.SysTick_Handler
                0x0000000008002ed2        0xc ./Core/Src/stm32f1xx_it.o
                0x0000000008002ed2                SysTick_Handler
 .text.EXTI0_IRQHandler
                0x0000000008002ede        0xe ./Core/Src/stm32f1xx_it.o
                0x0000000008002ede                EXTI0_IRQHandler
 .text.EXTI1_IRQHandler
                0x0000000008002eec        0xe ./Core/Src/stm32f1xx_it.o
                0x0000000008002eec                EXTI1_IRQHandler
 *fill*         0x0000000008002efa        0x2 
 .text.TIM3_IRQHandler
                0x0000000008002efc       0x14 ./Core/Src/stm32f1xx_it.o
                0x0000000008002efc                TIM3_IRQHandler
 .text.I2C1_ER_IRQHandler
                0x0000000008002f10       0x14 ./Core/Src/stm32f1xx_it.o
                0x0000000008002f10                I2C1_ER_IRQHandler
 .text.I2C2_ER_IRQHandler
                0x0000000008002f24       0x14 ./Core/Src/stm32f1xx_it.o
                0x0000000008002f24                I2C2_ER_IRQHandler
 .text._sbrk    0x0000000008002f38       0x6c ./Core/Src/sysmem.o
                0x0000000008002f38                _sbrk
 .text.SystemInit
                0x0000000008002fa4        0xc ./Core/Src/system_stm32f1xx.o
                0x0000000008002fa4                SystemInit
 .text.Reset_Handler
                0x0000000008002fb0       0x48 ./Core/Startup/startup_stm32f103c8tx.o
                0x0000000008002fb0                Reset_Handler
 .text.Default_Handler
                0x0000000008002ff8        0x2 ./Core/Startup/startup_stm32f103c8tx.o
                0x0000000008002ff8                RTC_Alarm_IRQHandler
                0x0000000008002ff8                EXTI2_IRQHandler
                0x0000000008002ff8                TIM1_CC_IRQHandler
                0x0000000008002ff8                PVD_IRQHandler
                0x0000000008002ff8                EXTI3_IRQHandler
                0x0000000008002ff8                I2C2_EV_IRQHandler
                0x0000000008002ff8                ADC1_2_IRQHandler
                0x0000000008002ff8                SPI1_IRQHandler
                0x0000000008002ff8                TAMPER_IRQHandler
                0x0000000008002ff8                DMA1_Channel4_IRQHandler
                0x0000000008002ff8                USART3_IRQHandler
                0x0000000008002ff8                RTC_IRQHandler
                0x0000000008002ff8                DMA1_Channel7_IRQHandler
                0x0000000008002ff8                CAN1_RX1_IRQHandler
                0x0000000008002ff8                TIM4_IRQHandler
                0x0000000008002ff8                I2C1_EV_IRQHandler
                0x0000000008002ff8                DMA1_Channel6_IRQHandler
                0x0000000008002ff8                RCC_IRQHandler
                0x0000000008002ff8                TIM1_TRG_COM_IRQHandler
                0x0000000008002ff8                DMA1_Channel1_IRQHandler
                0x0000000008002ff8                Default_Handler
                0x0000000008002ff8                EXTI15_10_IRQHandler
                0x0000000008002ff8                EXTI9_5_IRQHandler
                0x0000000008002ff8                SPI2_IRQHandler
                0x0000000008002ff8                DMA1_Channel5_IRQHandler
                0x0000000008002ff8                EXTI4_IRQHandler
                0x0000000008002ff8                USB_LP_CAN1_RX0_IRQHandler
                0x0000000008002ff8                USB_HP_CAN1_TX_IRQHandler
                0x0000000008002ff8                DMA1_Channel3_IRQHandler
                0x0000000008002ff8                TIM1_UP_IRQHandler
                0x0000000008002ff8                WWDG_IRQHandler
                0x0000000008002ff8                TIM2_IRQHandler
                0x0000000008002ff8                TIM1_BRK_IRQHandler
                0x0000000008002ff8                USART2_IRQHandler
                0x0000000008002ff8                DMA1_Channel2_IRQHandler
                0x0000000008002ff8                CAN1_SCE_IRQHandler
                0x0000000008002ff8                FLASH_IRQHandler
                0x0000000008002ff8                USART1_IRQHandler
                0x0000000008002ff8                USBWakeUp_IRQHandler
 *fill*         0x0000000008002ffa        0x2 
 .text.HAL_Init
                0x0000000008002ffc       0x2c ./Drivers/STM32F1xx_HAL_Driver/Src/stm32f1xx_hal.o
                0x0000000008002ffc                HAL_Init
 .text.HAL_InitTick
                0x0000000008003028       0x60 ./Drivers/STM32F1xx_HAL_Driver/Src/stm32f1xx_hal.o
                0x0000000008003028                HAL_InitTick
 .text.HAL_IncTick
                0x0000000008003088       0x24 ./Drivers/STM32F1xx_HAL_Driver/Src/stm32f1xx_hal.o
                0x0000000008003088                HAL_IncTick
 .text.HAL_GetTick
                0x00000000080030ac       0x14 ./Drivers/STM32F1xx_HAL_Driver/Src/stm32f1xx_hal.o
                0x00000000080030ac                HAL_GetTick
 .text.HAL_Delay
                0x00000000080030c0       0x48 ./Drivers/STM32F1xx_HAL_Driver/Src/stm32f1xx_hal.o
                0x00000000080030c0                HAL_Delay
 .text.__NVIC_SetPriorityGrouping
                0x0000000008003108       0x48 ./Drivers/STM32F1xx_HAL_Driver/Src/stm32f1xx_hal_cortex.o
 .text.__NVIC_GetPriorityGrouping
                0x0000000008003150       0x1c ./Drivers/STM32F1xx_HAL_Driver/Src/stm32f1xx_hal_cortex.o
 .text.__NVIC_EnableIRQ
                0x000000000800316c       0x38 ./Drivers/STM32F1xx_HAL_Driver/Src/stm32f1xx_hal_cortex.o
 .text.__NVIC_SetPriority
                0x00000000080031a4       0x54 ./Drivers/STM32F1xx_HAL_Driver/Src/stm32f1xx_hal_cortex.o
 .text.NVIC_EncodePriority
                0x00000000080031f8       0x64 ./Drivers/STM32F1xx_HAL_Driver/Src/stm32f1xx_hal_cortex.o
 .text.SysTick_Config
                0x000000000800325c       0x44 ./Drivers/STM32F1xx_HAL_Driver/Src/stm32f1xx_hal_cortex.o
 .text.HAL_NVIC_SetPriorityGrouping
                0x00000000080032a0       0x16 ./Drivers/STM32F1xx_HAL_Driver/Src/stm32f1xx_hal_cortex.o
                0x00000000080032a0                HAL_NVIC_SetPriorityGrouping
 .text.HAL_NVIC_SetPriority
                0x00000000080032b6       0x38 ./Drivers/STM32F1xx_HAL_Driver/Src/stm32f1xx_hal_cortex.o
                0x00000000080032b6                HAL_NVIC_SetPriority
 .text.HAL_NVIC_EnableIRQ
                0x00000000080032ee       0x1c ./Drivers/STM32F1xx_HAL_Driver/Src/stm32f1xx_hal_cortex.o
                0x00000000080032ee                HAL_NVIC_EnableIRQ
 .text.HAL_SYSTICK_Config
                0x000000000800330a       0x18 ./Drivers/STM32F1xx_HAL_Driver/Src/stm32f1xx_hal_cortex.o
                0x000000000800330a                HAL_SYSTICK_Config
 *fill*         0x0000000008003322        0x2 
 .text.HAL_DMA_Abort_IT
                0x0000000008003324       0xf0 ./Drivers/STM32F1xx_HAL_Driver/Src/stm32f1xx_hal_dma.o
                0x0000000008003324                HAL_DMA_Abort_IT
 .text.HAL_GPIO_Init
                0x0000000008003414      0x308 ./Drivers/STM32F1xx_HAL_Driver/Src/stm32f1xx_hal_gpio.o
                0x0000000008003414                HAL_GPIO_Init
 .text.HAL_GPIO_WritePin
                0x000000000800371c       0x30 ./Drivers/STM32F1xx_HAL_Driver/Src/stm32f1xx_hal_gpio.o
                0x000000000800371c                HAL_GPIO_WritePin
 .text.HAL_GPIO_EXTI_IRQHandler
                0x000000000800374c       0x30 ./Drivers/STM32F1xx_HAL_Driver/Src/stm32f1xx_hal_gpio.o
                0x000000000800374c                HAL_GPIO_EXTI_IRQHandler
 .text.HAL_I2C_Init
                0x000000000800377c      0x288 ./Drivers/STM32F1xx_HAL_Driver/Src/stm32f1xx_hal_i2c.o
                0x000000000800377c                HAL_I2C_Init
 .text.I2C_Flush_DR
                0x0000000008003a04       0x28 ./Drivers/STM32F1xx_HAL_Driver/Src/stm32f1xx_hal_i2c.o
 .text.HAL_I2C_Master_Transmit
                0x0000000008003a2c      0x1fc ./Drivers/STM32F1xx_HAL_Driver/Src/stm32f1xx_hal_i2c.o
                0x0000000008003a2c                HAL_I2C_Master_Transmit
 .text.HAL_I2C_Master_Receive
                0x0000000008003c28      0x4d8 ./Drivers/STM32F1xx_HAL_Driver/Src/stm32f1xx_hal_i2c.o
                0x0000000008003c28                HAL_I2C_Master_Receive
 .text.HAL_I2C_Mem_Write
                0x0000000008004100      0x1f4 ./Drivers/STM32F1xx_HAL_Driver/Src/stm32f1xx_hal_i2c.o
                0x0000000008004100                HAL_I2C_Mem_Write
 .text.HAL_I2C_IsDeviceReady
                0x00000000080042f4      0x25c ./Drivers/STM32F1xx_HAL_Driver/Src/stm32f1xx_hal_i2c.o
                0x00000000080042f4                HAL_I2C_IsDeviceReady
 .text.HAL_I2C_ER_IRQHandler
                0x0000000008004550      0x15e ./Drivers/STM32F1xx_HAL_Driver/Src/stm32f1xx_hal_i2c.o
                0x0000000008004550                HAL_I2C_ER_IRQHandler
 .text.HAL_I2C_SlaveTxCpltCallback
                0x00000000080046ae       0x12 ./Drivers/STM32F1xx_HAL_Driver/Src/stm32f1xx_hal_i2c.o
                0x00000000080046ae                HAL_I2C_SlaveTxCpltCallback
 .text.HAL_I2C_ListenCpltCallback
                0x00000000080046c0       0x12 ./Drivers/STM32F1xx_HAL_Driver/Src/stm32f1xx_hal_i2c.o
                0x00000000080046c0                HAL_I2C_ListenCpltCallback
 .text.HAL_I2C_AbortCpltCallback
                0x00000000080046d2       0x12 ./Drivers/STM32F1xx_HAL_Driver/Src/stm32f1xx_hal_i2c.o
                0x00000000080046d2                HAL_I2C_AbortCpltCallback
 .text.I2C_Slave_AF
                0x00000000080046e4       0xe8 ./Drivers/STM32F1xx_HAL_Driver/Src/stm32f1xx_hal_i2c.o
 .text.I2C_ITError
                0x00000000080047cc      0x264 ./Drivers/STM32F1xx_HAL_Driver/Src/stm32f1xx_hal_i2c.o
 .text.I2C_MasterRequestWrite
                0x0000000008004a30      0x104 ./Drivers/STM32F1xx_HAL_Driver/Src/stm32f1xx_hal_i2c.o
 .text.I2C_MasterRequestRead
                0x0000000008004b34      0x19c ./Drivers/STM32F1xx_HAL_Driver/Src/stm32f1xx_hal_i2c.o
 .text.I2C_RequestMemoryWrite
                0x0000000008004cd0      0x12c ./Drivers/STM32F1xx_HAL_Driver/Src/stm32f1xx_hal_i2c.o
 .text.I2C_DMAAbort
                0x0000000008004dfc      0x150 ./Drivers/STM32F1xx_HAL_Driver/Src/stm32f1xx_hal_i2c.o
 .text.I2C_WaitOnFlagUntilTimeout
                0x0000000008004f4c       0xf4 ./Drivers/STM32F1xx_HAL_Driver/Src/stm32f1xx_hal_i2c.o
 .text.I2C_WaitOnMasterAddressFlagUntilTimeout
                0x0000000008005040      0x140 ./Drivers/STM32F1xx_HAL_Driver/Src/stm32f1xx_hal_i2c.o
 .text.I2C_WaitOnTXEFlagUntilTimeout
                0x0000000008005180       0x90 ./Drivers/STM32F1xx_HAL_Driver/Src/stm32f1xx_hal_i2c.o
 .text.I2C_WaitOnBTFFlagUntilTimeout
                0x0000000008005210       0x90 ./Drivers/STM32F1xx_HAL_Driver/Src/stm32f1xx_hal_i2c.o
 .text.I2C_WaitOnRXNEFlagUntilTimeout
                0x00000000080052a0       0xba ./Drivers/STM32F1xx_HAL_Driver/Src/stm32f1xx_hal_i2c.o
 .text.I2C_IsAcknowledgeFailed
                0x000000000800535a       0x5c ./Drivers/STM32F1xx_HAL_Driver/Src/stm32f1xx_hal_i2c.o
 .text.HAL_IWDG_Init
                0x00000000080053b6       0x84 ./Drivers/STM32F1xx_HAL_Driver/Src/stm32f1xx_hal_iwdg.o
                0x00000000080053b6                HAL_IWDG_Init
 .text.HAL_IWDG_Refresh
                0x000000000800543a       0x1e ./Drivers/STM32F1xx_HAL_Driver/Src/stm32f1xx_hal_iwdg.o
                0x000000000800543a                HAL_IWDG_Refresh
 .text.HAL_RCC_OscConfig
                0x0000000008005458      0x504 ./Drivers/STM32F1xx_HAL_Driver/Src/stm32f1xx_hal_rcc.o
                0x0000000008005458                HAL_RCC_OscConfig
 .text.HAL_RCC_ClockConfig
                0x000000000800595c      0x1d4 ./Drivers/STM32F1xx_HAL_Driver/Src/stm32f1xx_hal_rcc.o
                0x000000000800595c                HAL_RCC_ClockConfig
 .text.HAL_RCC_GetSysClockFreq
                0x0000000008005b30       0xa8 ./Drivers/STM32F1xx_HAL_Driver/Src/stm32f1xx_hal_rcc.o
                0x0000000008005b30                HAL_RCC_GetSysClockFreq
 .text.HAL_RCC_GetHCLKFreq
                0x0000000008005bd8       0x14 ./Drivers/STM32F1xx_HAL_Driver/Src/stm32f1xx_hal_rcc.o
                0x0000000008005bd8                HAL_RCC_GetHCLKFreq
 .text.HAL_RCC_GetPCLK1Freq
                0x0000000008005bec       0x28 ./Drivers/STM32F1xx_HAL_Driver/Src/stm32f1xx_hal_rcc.o
                0x0000000008005bec                HAL_RCC_GetPCLK1Freq
 .text.RCC_Delay
                0x0000000008005c14       0x3c ./Drivers/STM32F1xx_HAL_Driver/Src/stm32f1xx_hal_rcc.o
 .text.HAL_TIM_Base_Init
                0x0000000008005c50       0x9e ./Drivers/STM32F1xx_HAL_Driver/Src/stm32f1xx_hal_tim.o
                0x0000000008005c50                HAL_TIM_Base_Init
 *fill*         0x0000000008005cee        0x2 
 .text.HAL_TIM_Base_Start
                0x0000000008005cf0       0x94 ./Drivers/STM32F1xx_HAL_Driver/Src/stm32f1xx_hal_tim.o
                0x0000000008005cf0                HAL_TIM_Base_Start
 .text.HAL_TIM_Base_Start_IT
                0x0000000008005d84       0xa4 ./Drivers/STM32F1xx_HAL_Driver/Src/stm32f1xx_hal_tim.o
                0x0000000008005d84                HAL_TIM_Base_Start_IT
 .text.HAL_TIM_IRQHandler
                0x0000000008005e28      0x210 ./Drivers/STM32F1xx_HAL_Driver/Src/stm32f1xx_hal_tim.o
                0x0000000008005e28                HAL_TIM_IRQHandler
 .text.HAL_TIM_ConfigClockSource
                0x0000000008006038      0x18e ./Drivers/STM32F1xx_HAL_Driver/Src/stm32f1xx_hal_tim.o
                0x0000000008006038                HAL_TIM_ConfigClockSource
 .text.HAL_TIM_OC_DelayElapsedCallback
                0x00000000080061c6       0x12 ./Drivers/STM32F1xx_HAL_Driver/Src/stm32f1xx_hal_tim.o
                0x00000000080061c6                HAL_TIM_OC_DelayElapsedCallback
 .text.HAL_TIM_IC_CaptureCallback
                0x00000000080061d8       0x12 ./Drivers/STM32F1xx_HAL_Driver/Src/stm32f1xx_hal_tim.o
                0x00000000080061d8                HAL_TIM_IC_CaptureCallback
 .text.HAL_TIM_PWM_PulseFinishedCallback
                0x00000000080061ea       0x12 ./Drivers/STM32F1xx_HAL_Driver/Src/stm32f1xx_hal_tim.o
                0x00000000080061ea                HAL_TIM_PWM_PulseFinishedCallback
 .text.HAL_TIM_TriggerCallback
                0x00000000080061fc       0x12 ./Drivers/STM32F1xx_HAL_Driver/Src/stm32f1xx_hal_tim.o
                0x00000000080061fc                HAL_TIM_TriggerCallback
 *fill*         0x000000000800620e        0x2 
 .text.TIM_Base_SetConfig
                0x0000000008006210       0xc4 ./Drivers/STM32F1xx_HAL_Driver/Src/stm32f1xx_hal_tim.o
                0x0000000008006210                TIM_Base_SetConfig
 .text.TIM_TI1_ConfigInputStage
                0x00000000080062d4       0x5c ./Drivers/STM32F1xx_HAL_Driver/Src/stm32f1xx_hal_tim.o
 .text.TIM_TI2_ConfigInputStage
                0x0000000008006330       0x5e ./Drivers/STM32F1xx_HAL_Driver/Src/stm32f1xx_hal_tim.o
 .text.TIM_ITRx_SetConfig
                0x000000000800638e       0x34 ./Drivers/STM32F1xx_HAL_Driver/Src/stm32f1xx_hal_tim.o
 .text.TIM_ETR_SetConfig
                0x00000000080063c2       0x3e ./Drivers/STM32F1xx_HAL_Driver/Src/stm32f1xx_hal_tim.o
                0x00000000080063c2                TIM_ETR_SetConfig
 .text.HAL_TIMEx_MasterConfigSynchronization
                0x0000000008006400       0xbc ./Drivers/STM32F1xx_HAL_Driver/Src/stm32f1xx_hal_tim_ex.o
                0x0000000008006400                HAL_TIMEx_MasterConfigSynchronization
 .text.HAL_TIMEx_CommutCallback
                0x00000000080064bc       0x12 ./Drivers/STM32F1xx_HAL_Driver/Src/stm32f1xx_hal_tim_ex.o
                0x00000000080064bc                HAL_TIMEx_CommutCallback
 .text.HAL_TIMEx_BreakCallback
                0x00000000080064ce       0x12 ./Drivers/STM32F1xx_HAL_Driver/Src/stm32f1xx_hal_tim_ex.o
                0x00000000080064ce                HAL_TIMEx_BreakCallback
 .text.SSD1306_Init
                0x00000000080064e0      0x188 ./OLED/Src/ssd1306.o
                0x00000000080064e0                SSD1306_Init
 .text.SSD1306_UpdateScreen
                0x0000000008006668       0x5c ./OLED/Src/ssd1306.o
                0x0000000008006668                SSD1306_UpdateScreen
 .text.SSD1306_Fill
                0x00000000080066c4       0x30 ./OLED/Src/ssd1306.o
                0x00000000080066c4                SSD1306_Fill
 .text.SSD1306_DrawPixel
                0x00000000080066f4       0xbc ./OLED/Src/ssd1306.o
                0x00000000080066f4                SSD1306_DrawPixel
 .text.SSD1306_GotoXY
                0x00000000080067b0       0x2c ./OLED/Src/ssd1306.o
                0x00000000080067b0                SSD1306_GotoXY
 .text.SSD1306_Putc
                0x00000000080067dc      0x100 ./OLED/Src/ssd1306.o
                0x00000000080067dc                SSD1306_Putc
 .text.SSD1306_Puts
                0x00000000080068dc       0x4a ./OLED/Src/ssd1306.o
                0x00000000080068dc                SSD1306_Puts
 .text.SSD1306_DrawLine
                0x0000000008006926      0x1f6 ./OLED/Src/ssd1306.o
                0x0000000008006926                SSD1306_DrawLine
 .text.SSD1306_DrawRectangle
                0x0000000008006b1c       0xd4 ./OLED/Src/ssd1306.o
                0x0000000008006b1c                SSD1306_DrawRectangle
 .text.SSD1306_DrawFilledTriangle
                0x0000000008006bf0      0x184 ./OLED/Src/ssd1306.o
                0x0000000008006bf0                SSD1306_DrawFilledTriangle
 .text.SSD1306_Clear
                0x0000000008006d74       0x12 ./OLED/Src/ssd1306.o
                0x0000000008006d74                SSD1306_Clear
 *fill*         0x0000000008006d86        0x2 
 .text.ssd1306_I2C_Init
                0x0000000008006d88       0x28 ./OLED/Src/ssd1306.o
                0x0000000008006d88                ssd1306_I2C_Init
 .text.ssd1306_I2C_WriteMulti
                0x0000000008006db0       0xcc ./OLED/Src/ssd1306.o
                0x0000000008006db0                ssd1306_I2C_WriteMulti
 .text.ssd1306_I2C_Write
                0x0000000008006e7c       0x3c ./OLED/Src/ssd1306.o
                0x0000000008006e7c                ssd1306_I2C_Write
 .text.ResetCommand
                0x0000000008006eb8       0x3c ./Rojo_BH1750/Src/Rojo_BH1750.o
 .text.PowerOnCommand
                0x0000000008006ef4       0x3c ./Rojo_BH1750/Src/Rojo_BH1750.o
 .text.PowerDownCommand
                0x0000000008006f30       0x3c ./Rojo_BH1750/Src/Rojo_BH1750.o
 .text.Measure_Subrutine
                0x0000000008006f6c       0xac ./Rojo_BH1750/Src/Rojo_BH1750.o
 .text.BH1750_Init
                0x0000000008007018       0x5c ./Rojo_BH1750/Src/Rojo_BH1750.o
                0x0000000008007018                BH1750_Init
 .text.BH1750_Read
                0x0000000008007074       0x8c ./Rojo_BH1750/Src/Rojo_BH1750.o
                0x0000000008007074                BH1750_Read
 .text.BH1750_ReCalibrate
                0x0000000008007100       0x5a ./Rojo_BH1750/Src/Rojo_BH1750.o
                0x0000000008007100                BH1750_ReCalibrate
 *fill*         0x000000000800715a        0x2 
 .text.calloc   0x000000000800715c       0x10 /opt/st/stm32cubeide_1.12.1/plugins/com.st.stm32cube.ide.mcu.externaltools.gnu-tools-for-stm32.10.3-2021.10.linux64_1.0.200.202301161003/tools/bin/../lib/gcc/arm-none-eabi/10.3.1/../../../../arm-none-eabi/lib/thumb/v7-m/nofp/libc_nano.a(lib_a-calloc.o)
                0x000000000800715c                calloc
 .text.__errno  0x000000000800716c        0xc /opt/st/stm32cubeide_1.12.1/plugins/com.st.stm32cube.ide.mcu.externaltools.gnu-tools-for-stm32.10.3-2021.10.linux64_1.0.200.202301161003/tools/bin/../lib/gcc/arm-none-eabi/10.3.1/../../../../arm-none-eabi/lib/thumb/v7-m/nofp/libc_nano.a(lib_a-errno.o)
                0x000000000800716c                __errno
 .text.__libc_init_array
                0x0000000008007178       0x48 /opt/st/stm32cubeide_1.12.1/plugins/com.st.stm32cube.ide.mcu.externaltools.gnu-tools-for-stm32.10.3-2021.10.linux64_1.0.200.202301161003/tools/bin/../lib/gcc/arm-none-eabi/10.3.1/../../../../arm-none-eabi/lib/thumb/v7-m/nofp/libc_nano.a(lib_a-init.o)
                0x0000000008007178                __libc_init_array
 .text.free     0x00000000080071c0       0x10 /opt/st/stm32cubeide_1.12.1/plugins/com.st.stm32cube.ide.mcu.externaltools.gnu-tools-for-stm32.10.3-2021.10.linux64_1.0.200.202301161003/tools/bin/../lib/gcc/arm-none-eabi/10.3.1/../../../../arm-none-eabi/lib/thumb/v7-m/nofp/libc_nano.a(lib_a-malloc.o)
                0x00000000080071c0                free
 .text.memset   0x00000000080071d0       0x10 /opt/st/stm32cubeide_1.12.1/plugins/com.st.stm32cube.ide.mcu.externaltools.gnu-tools-for-stm32.10.3-2021.10.linux64_1.0.200.202301161003/tools/bin/../lib/gcc/arm-none-eabi/10.3.1/../../../../arm-none-eabi/lib/thumb/v7-m/nofp/libc_nano.a(lib_a-memset.o)
                0x00000000080071d0                memset
 .text._calloc_r
                0x00000000080071e0       0x28 /opt/st/stm32cubeide_1.12.1/plugins/com.st.stm32cube.ide.mcu.externaltools.gnu-tools-for-stm32.10.3-2021.10.linux64_1.0.200.202301161003/tools/bin/../lib/gcc/arm-none-eabi/10.3.1/../../../../arm-none-eabi/lib/thumb/v7-m/nofp/libc_nano.a(lib_a-nano-callocr.o)
                0x00000000080071e0                _calloc_r
 .text._free_r  0x0000000008007208       0x90 /opt/st/stm32cubeide_1.12.1/plugins/com.st.stm32cube.ide.mcu.externaltools.gnu-tools-for-stm32.10.3-2021.10.linux64_1.0.200.202301161003/tools/bin/../lib/gcc/arm-none-eabi/10.3.1/../../../../arm-none-eabi/lib/thumb/v7-m/nofp/libc_nano.a(lib_a-nano-freer.o)
                0x0000000008007208                _free_r
 .text.sbrk_aligned
                0x0000000008007298       0x40 /opt/st/stm32cubeide_1.12.1/plugins/com.st.stm32cube.ide.mcu.externaltools.gnu-tools-for-stm32.10.3-2021.10.linux64_1.0.200.202301161003/tools/bin/../lib/gcc/arm-none-eabi/10.3.1/../../../../arm-none-eabi/lib/thumb/v7-m/nofp/libc_nano.a(lib_a-nano-mallocr.o)
 .text._malloc_r
                0x00000000080072d8       0xe8 /opt/st/stm32cubeide_1.12.1/plugins/com.st.stm32cube.ide.mcu.externaltools.gnu-tools-for-stm32.10.3-2021.10.linux64_1.0.200.202301161003/tools/bin/../lib/gcc/arm-none-eabi/10.3.1/../../../../arm-none-eabi/lib/thumb/v7-m/nofp/libc_nano.a(lib_a-nano-mallocr.o)
                0x00000000080072d8                _malloc_r
 .text._sbrk_r  0x00000000080073c0       0x20 /opt/st/stm32cubeide_1.12.1/plugins/com.st.stm32cube.ide.mcu.externaltools.gnu-tools-for-stm32.10.3-2021.10.linux64_1.0.200.202301161003/tools/bin/../lib/gcc/arm-none-eabi/10.3.1/../../../../arm-none-eabi/lib/thumb/v7-m/nofp/libc_nano.a(lib_a-sbrkr.o)
                0x00000000080073c0                _sbrk_r
 .text.sprintf  0x00000000080073e0       0x40 /opt/st/stm32cubeide_1.12.1/plugins/com.st.stm32cube.ide.mcu.externaltools.gnu-tools-for-stm32.10.3-2021.10.linux64_1.0.200.202301161003/tools/bin/../lib/gcc/arm-none-eabi/10.3.1/../../../../arm-none-eabi/lib/thumb/v7-m/nofp/libc_nano.a(lib_a-sprintf.o)
                0x00000000080073e0                sprintf
                0x00000000080073e0                siprintf
 .text.__malloc_lock
                0x0000000008007420        0xc /opt/st/stm32cubeide_1.12.1/plugins/com.st.stm32cube.ide.mcu.externaltools.gnu-tools-for-stm32.10.3-2021.10.linux64_1.0.200.202301161003/tools/bin/../lib/gcc/arm-none-eabi/10.3.1/../../../../arm-none-eabi/lib/thumb/v7-m/nofp/libc_nano.a(lib_a-mlock.o)
                0x0000000008007420                __malloc_lock
 .text.__malloc_unlock
                0x000000000800742c        0xc /opt/st/stm32cubeide_1.12.1/plugins/com.st.stm32cube.ide.mcu.externaltools.gnu-tools-for-stm32.10.3-2021.10.linux64_1.0.200.202301161003/tools/bin/../lib/gcc/arm-none-eabi/10.3.1/../../../../arm-none-eabi/lib/thumb/v7-m/nofp/libc_nano.a(lib_a-mlock.o)
                0x000000000800742c                __malloc_unlock
 .text.__ssputs_r
                0x0000000008007438       0xb6 /opt/st/stm32cubeide_1.12.1/plugins/com.st.stm32cube.ide.mcu.externaltools.gnu-tools-for-stm32.10.3-2021.10.linux64_1.0.200.202301161003/tools/bin/../lib/gcc/arm-none-eabi/10.3.1/../../../../arm-none-eabi/lib/thumb/v7-m/nofp/libc_nano.a(lib_a-nano-svfprintf.o)
                0x0000000008007438                __ssputs_r
 *fill*         0x00000000080074ee        0x2 
 .text._svfprintf_r
                0x00000000080074f0      0x200 /opt/st/stm32cubeide_1.12.1/plugins/com.st.stm32cube.ide.mcu.externaltools.gnu-tools-for-stm32.10.3-2021.10.linux64_1.0.200.202301161003/tools/bin/../lib/gcc/arm-none-eabi/10.3.1/../../../../arm-none-eabi/lib/thumb/v7-m/nofp/libc_nano.a(lib_a-nano-svfprintf.o)
                0x00000000080074f0                _svfprintf_r
                0x00000000080074f0                _svfiprintf_r
 .text._printf_common
                0x00000000080076f0       0xde /opt/st/stm32cubeide_1.12.1/plugins/com.st.stm32cube.ide.mcu.externaltools.gnu-tools-for-stm32.10.3-2021.10.linux64_1.0.200.202301161003/tools/bin/../lib/gcc/arm-none-eabi/10.3.1/../../../../arm-none-eabi/lib/thumb/v7-m/nofp/libc_nano.a(lib_a-nano-vfprintf_i.o)
                0x00000000080076f0                _printf_common
 *fill*         0x00000000080077ce        0x2 
 .text._printf_i
                0x00000000080077d0      0x24c /opt/st/stm32cubeide_1.12.1/plugins/com.st.stm32cube.ide.mcu.externaltools.gnu-tools-for-stm32.10.3-2021.10.linux64_1.0.200.202301161003/tools/bin/../lib/gcc/arm-none-eabi/10.3.1/../../../../arm-none-eabi/lib/thumb/v7-m/nofp/libc_nano.a(lib_a-nano-vfprintf_i.o)
                0x00000000080077d0                _printf_i
 .text.__retarget_lock_acquire_recursive
                0x0000000008007a1c        0x2 /opt/st/stm32cubeide_1.12.1/plugins/com.st.stm32cube.ide.mcu.externaltools.gnu-tools-for-stm32.10.3-2021.10.linux64_1.0.200.202301161003/tools/bin/../lib/gcc/arm-none-eabi/10.3.1/../../../../arm-none-eabi/lib/thumb/v7-m/nofp/libc_nano.a(lib_a-lock.o)
                0x0000000008007a1c                __retarget_lock_acquire_recursive
 .text.__retarget_lock_release_recursive
                0x0000000008007a1e        0x2 /opt/st/stm32cubeide_1.12.1/plugins/com.st.stm32cube.ide.mcu.externaltools.gnu-tools-for-stm32.10.3-2021.10.linux64_1.0.200.202301161003/tools/bin/../lib/gcc/arm-none-eabi/10.3.1/../../../../arm-none-eabi/lib/thumb/v7-m/nofp/libc_nano.a(lib_a-lock.o)
                0x0000000008007a1e                __retarget_lock_release_recursive
 .text.memchr   0x0000000008007a20       0x1c /opt/st/stm32cubeide_1.12.1/plugins/com.st.stm32cube.ide.mcu.externaltools.gnu-tools-for-stm32.10.3-2021.10.linux64_1.0.200.202301161003/tools/bin/../lib/gcc/arm-none-eabi/10.3.1/../../../../arm-none-eabi/lib/thumb/v7-m/nofp/libc_nano.a(lib_a-memchr-stub.o)
                0x0000000008007a20                memchr
 .text.memcpy   0x0000000008007a3c       0x1c /opt/st/stm32cubeide_1.12.1/plugins/com.st.stm32cube.ide.mcu.externaltools.gnu-tools-for-stm32.10.3-2021.10.linux64_1.0.200.202301161003/tools/bin/../lib/gcc/arm-none-eabi/10.3.1/../../../../arm-none-eabi/lib/thumb/v7-m/nofp/libc_nano.a(lib_a-memcpy-stub.o)
                0x0000000008007a3c                memcpy
 .text.memmove  0x0000000008007a58       0x34 /opt/st/stm32cubeide_1.12.1/plugins/com.st.stm32cube.ide.mcu.externaltools.gnu-tools-for-stm32.10.3-2021.10.linux64_1.0.200.202301161003/tools/bin/../lib/gcc/arm-none-eabi/10.3.1/../../../../arm-none-eabi/lib/thumb/v7-m/nofp/libc_nano.a(lib_a-memmove.o)
                0x0000000008007a58                memmove
 .text._realloc_r
                0x0000000008007a8c       0x5e /opt/st/stm32cubeide_1.12.1/plugins/com.st.stm32cube.ide.mcu.externaltools.gnu-tools-for-stm32.10.3-2021.10.linux64_1.0.200.202301161003/tools/bin/../lib/gcc/arm-none-eabi/10.3.1/../../../../arm-none-eabi/lib/thumb/v7-m/nofp/libc_nano.a(lib_a-nano-reallocr.o)
                0x0000000008007a8c                _realloc_r
 .text._malloc_usable_size_r
                0x0000000008007aea       0x10 /opt/st/stm32cubeide_1.12.1/plugins/com.st.stm32cube.ide.mcu.externaltools.gnu-tools-for-stm32.10.3-2021.10.linux64_1.0.200.202301161003/tools/bin/../lib/gcc/arm-none-eabi/10.3.1/../../../../arm-none-eabi/lib/thumb/v7-m/nofp/libc_nano.a(lib_a-nano-msizer.o)
                0x0000000008007aea                _malloc_usable_size_r
 *(.glue_7)
 .glue_7        0x0000000008007afa        0x0 linker stubs
 *(.glue_7t)
 .glue_7t       0x0000000008007afa        0x0 linker stubs
 *(.eh_frame)
 *fill*         0x0000000008007afa        0x2 
 .eh_frame      0x0000000008007afc        0x0 /opt/st/stm32cubeide_1.12.1/plugins/com.st.stm32cube.ide.mcu.externaltools.gnu-tools-for-stm32.10.3-2021.10.linux64_1.0.200.202301161003/tools/bin/../lib/gcc/arm-none-eabi/10.3.1/thumb/v7-m/nofp/crtbegin.o
 *(.init)
 .init          0x0000000008007afc        0x4 /opt/st/stm32cubeide_1.12.1/plugins/com.st.stm32cube.ide.mcu.externaltools.gnu-tools-for-stm32.10.3-2021.10.linux64_1.0.200.202301161003/tools/bin/../lib/gcc/arm-none-eabi/10.3.1/thumb/v7-m/nofp/crti.o
                0x0000000008007afc                _init
 .init          0x0000000008007b00        0x8 /opt/st/stm32cubeide_1.12.1/plugins/com.st.stm32cube.ide.mcu.externaltools.gnu-tools-for-stm32.10.3-2021.10.linux64_1.0.200.202301161003/tools/bin/../lib/gcc/arm-none-eabi/10.3.1/thumb/v7-m/nofp/crtn.o
 *(.fini)
 .fini          0x0000000008007b08        0x4 /opt/st/stm32cubeide_1.12.1/plugins/com.st.stm32cube.ide.mcu.externaltools.gnu-tools-for-stm32.10.3-2021.10.linux64_1.0.200.202301161003/tools/bin/../lib/gcc/arm-none-eabi/10.3.1/thumb/v7-m/nofp/crti.o
                0x0000000008007b08                _fini
 .fini          0x0000000008007b0c        0x8 /opt/st/stm32cubeide_1.12.1/plugins/com.st.stm32cube.ide.mcu.externaltools.gnu-tools-for-stm32.10.3-2021.10.linux64_1.0.200.202301161003/tools/bin/../lib/gcc/arm-none-eabi/10.3.1/thumb/v7-m/nofp/crtn.o
                0x0000000008007b14                . = ALIGN (0x4)
                0x0000000008007b14                _etext = .

.vfp11_veneer   0x0000000008007b14        0x0
 .vfp11_veneer  0x0000000008007b14        0x0 linker stubs

.v4_bx          0x0000000008007b14        0x0
 .v4_bx         0x0000000008007b14        0x0 linker stubs

.iplt           0x0000000008007b14        0x0
 .iplt          0x0000000008007b14        0x0 /opt/st/stm32cubeide_1.12.1/plugins/com.st.stm32cube.ide.mcu.externaltools.gnu-tools-for-stm32.10.3-2021.10.linux64_1.0.200.202301161003/tools/bin/../lib/gcc/arm-none-eabi/10.3.1/thumb/v7-m/nofp/crtbegin.o

.rodata         0x0000000008007b14     0x2a28
                0x0000000008007b14                . = ALIGN (0x4)
 *(.rodata)
 .rodata        0x0000000008007b14      0x1b2 ./Core/Src/main.o
 *(.rodata*)
 *fill*         0x0000000008007cc6        0x2 
 .rodata.AHBPrescTable
                0x0000000008007cc8       0x10 ./Core/Src/system_stm32f1xx.o
                0x0000000008007cc8                AHBPrescTable
 .rodata.APBPrescTable
                0x0000000008007cd8        0x8 ./Core/Src/system_stm32f1xx.o
                0x0000000008007cd8                APBPrescTable
 .rodata.aPLLMULFactorTable.1
                0x0000000008007ce0       0x10 ./Drivers/STM32F1xx_HAL_Driver/Src/stm32f1xx_hal_rcc.o
 .rodata.aPredivFactorTable.0
                0x0000000008007cf0        0x2 ./Drivers/STM32F1xx_HAL_Driver/Src/stm32f1xx_hal_rcc.o
 *fill*         0x0000000008007cf2        0x2 
 .rodata.Font7x10
                0x0000000008007cf4      0x76c ./OLED/Src/fonts.o
                0x0000000008007cf4                Font7x10
 .rodata.Font11x18
                0x0000000008008460      0xd5c ./OLED/Src/fonts.o
                0x0000000008008460                Font11x18
 .rodata.Font16x26
                0x00000000080091bc     0x134c ./OLED/Src/fonts.o
                0x00000000080091bc                Font16x26
 .rodata._svfprintf_r.str1.1
                0x000000000800a508       0x11 /opt/st/stm32cubeide_1.12.1/plugins/com.st.stm32cube.ide.mcu.externaltools.gnu-tools-for-stm32.10.3-2021.10.linux64_1.0.200.202301161003/tools/bin/../lib/gcc/arm-none-eabi/10.3.1/../../../../arm-none-eabi/lib/thumb/v7-m/nofp/libc_nano.a(lib_a-nano-svfprintf.o)
 .rodata._printf_i.str1.1
                0x000000000800a519       0x22 /opt/st/stm32cubeide_1.12.1/plugins/com.st.stm32cube.ide.mcu.externaltools.gnu-tools-for-stm32.10.3-2021.10.linux64_1.0.200.202301161003/tools/bin/../lib/gcc/arm-none-eabi/10.3.1/../../../../arm-none-eabi/lib/thumb/v7-m/nofp/libc_nano.a(lib_a-nano-vfprintf_i.o)
                0x000000000800a53c                . = ALIGN (0x4)
 *fill*         0x000000000800a53b        0x1 

.rel.dyn        0x000000000800a53c        0x0
 .rel.iplt      0x000000000800a53c        0x0 /opt/st/stm32cubeide_1.12.1/plugins/com.st.stm32cube.ide.mcu.externaltools.gnu-tools-for-stm32.10.3-2021.10.linux64_1.0.200.202301161003/tools/bin/../lib/gcc/arm-none-eabi/10.3.1/thumb/v7-m/nofp/crtbegin.o

.ARM.extab      0x000000000800a53c        0x0
                0x000000000800a53c                . = ALIGN (0x4)
 *(.ARM.extab* .gnu.linkonce.armextab.*)
                0x000000000800a53c                . = ALIGN (0x4)

.ARM            0x000000000800a53c        0x0
                0x000000000800a53c                . = ALIGN (0x4)
                0x000000000800a53c                __exidx_start = .
 *(.ARM.exidx*)
                0x000000000800a53c                __exidx_end = .
                0x000000000800a53c                . = ALIGN (0x4)

.preinit_array  0x000000000800a53c        0x0
                0x000000000800a53c                . = ALIGN (0x4)
                0x000000000800a53c                PROVIDE (__preinit_array_start = .)
 *(.preinit_array*)
                0x000000000800a53c                PROVIDE (__preinit_array_end = .)
                0x000000000800a53c                . = ALIGN (0x4)

.init_array     0x000000000800a53c        0x4
                0x000000000800a53c                . = ALIGN (0x4)
                0x000000000800a53c                PROVIDE (__init_array_start = .)
 *(SORT_BY_NAME(.init_array.*))
 *(.init_array*)
 .init_array    0x000000000800a53c        0x4 /opt/st/stm32cubeide_1.12.1/plugins/com.st.stm32cube.ide.mcu.externaltools.gnu-tools-for-stm32.10.3-2021.10.linux64_1.0.200.202301161003/tools/bin/../lib/gcc/arm-none-eabi/10.3.1/thumb/v7-m/nofp/crtbegin.o
                0x000000000800a540                PROVIDE (__init_array_end = .)
                0x000000000800a540                . = ALIGN (0x4)

.fini_array     0x000000000800a540        0x4
                0x000000000800a540                . = ALIGN (0x4)
                [!provide]                        PROVIDE (__fini_array_start = .)
 *(SORT_BY_NAME(.fini_array.*))
 *(.fini_array*)
 .fini_array    0x000000000800a540        0x4 /opt/st/stm32cubeide_1.12.1/plugins/com.st.stm32cube.ide.mcu.externaltools.gnu-tools-for-stm32.10.3-2021.10.linux64_1.0.200.202301161003/tools/bin/../lib/gcc/arm-none-eabi/10.3.1/thumb/v7-m/nofp/crtbegin.o
                [!provide]                        PROVIDE (__fini_array_end = .)
                0x000000000800a544                . = ALIGN (0x4)
                0x000000000800a544                _sidata = LOADADDR (.data)

.data           0x0000000020000000       0xc4 load address 0x000000000800a544
                0x0000000020000000                . = ALIGN (0x4)
                0x0000000020000000                _sdata = .
 *(.data)
 *(.data*)
 .data.YAxisPosition
                0x0000000020000000       0x24 ./Core/Src/main.o
 .data.PauseFlag
                0x0000000020000024        0x1 ./Core/Src/main.o
                0x0000000020000024                PauseFlag
 *fill*         0x0000000020000025        0x3 
 .data.GlobalConfigs
                0x0000000020000028        0x8 ./Core/Src/main.o
                0x0000000020000028                GlobalConfigs
 .data.LocalBuffers.6
                0x0000000020000030        0x8 ./Core/Src/main.o
 .data.CurrentStage.5
                0x0000000020000038        0x1 ./Core/Src/main.o
 .data.Cursor.4
                0x0000000020000039        0x1 ./Core/Src/main.o
 *fill*         0x000000002000003a        0x2 
 .data.SystemCoreClock
                0x000000002000003c        0x4 ./Core/Src/system_stm32f1xx.o
                0x000000002000003c                SystemCoreClock
 .data.uwTickPrio
                0x0000000020000040        0x4 ./Drivers/STM32F1xx_HAL_Driver/Src/stm32f1xx_hal.o
                0x0000000020000040                uwTickPrio
 .data.uwTickFreq
                0x0000000020000044        0x1 ./Drivers/STM32F1xx_HAL_Driver/Src/stm32f1xx_hal.o
                0x0000000020000044                uwTickFreq
 *fill*         0x0000000020000045        0x3 
 .data.Font_7x10
                0x0000000020000048        0x8 ./OLED/Src/fonts.o
                0x0000000020000048                Font_7x10
 .data.Font_11x18
                0x0000000020000050        0x8 ./OLED/Src/fonts.o
                0x0000000020000050                Font_11x18
 .data.Font_16x26
                0x0000000020000058        0x8 ./OLED/Src/fonts.o
                0x0000000020000058                Font_16x26
 .data._impure_ptr
                0x0000000020000060        0x4 /opt/st/stm32cubeide_1.12.1/plugins/com.st.stm32cube.ide.mcu.externaltools.gnu-tools-for-stm32.10.3-2021.10.linux64_1.0.200.202301161003/tools/bin/../lib/gcc/arm-none-eabi/10.3.1/../../../../arm-none-eabi/lib/thumb/v7-m/nofp/libc_nano.a(lib_a-impure.o)
                0x0000000020000060                _impure_ptr
 .data.impure_data
                0x0000000020000064       0x60 /opt/st/stm32cubeide_1.12.1/plugins/com.st.stm32cube.ide.mcu.externaltools.gnu-tools-for-stm32.10.3-2021.10.linux64_1.0.200.202301161003/tools/bin/../lib/gcc/arm-none-eabi/10.3.1/../../../../arm-none-eabi/lib/thumb/v7-m/nofp/libc_nano.a(lib_a-impure.o)
 *(.RamFunc)
 *(.RamFunc*)
                0x00000000200000c4                . = ALIGN (0x4)
                0x00000000200000c4                _edata = .

.igot.plt       0x00000000200000c4        0x0 load address 0x000000000800a608
 .igot.plt      0x00000000200000c4        0x0 /opt/st/stm32cubeide_1.12.1/plugins/com.st.stm32cube.ide.mcu.externaltools.gnu-tools-for-stm32.10.3-2021.10.linux64_1.0.200.202301161003/tools/bin/../lib/gcc/arm-none-eabi/10.3.1/thumb/v7-m/nofp/crtbegin.o
                0x00000000200000c4                . = ALIGN (0x4)

.bss            0x00000000200000c4      0x5b8 load address 0x000000000800a608
                0x00000000200000c4                _sbss = .
                0x00000000200000c4                __bss_start__ = _sbss
 *(.bss)
 .bss           0x00000000200000c4       0x1c /opt/st/stm32cubeide_1.12.1/plugins/com.st.stm32cube.ide.mcu.externaltools.gnu-tools-for-stm32.10.3-2021.10.linux64_1.0.200.202301161003/tools/bin/../lib/gcc/arm-none-eabi/10.3.1/thumb/v7-m/nofp/crtbegin.o
 *(.bss*)
 .bss.hi2c1     0x00000000200000e0       0x54 ./Core/Src/main.o
                0x00000000200000e0                hi2c1
 .bss.hi2c2     0x0000000020000134       0x54 ./Core/Src/main.o
                0x0000000020000134                hi2c2
 .bss.htim3     0x0000000020000188       0x48 ./Core/Src/main.o
                0x0000000020000188                htim3
 .bss.htim4     0x00000000200001d0       0x48 ./Core/Src/main.o
                0x00000000200001d0                htim4
 .bss.hiwdg     0x0000000020000218        0xc ./Core/Src/main.o
                0x0000000020000218                hiwdg
 .bss.Sensor    0x0000000020000224        0x1 ./Core/Src/main.o
                0x0000000020000224                Sensor
 .bss.ISR       0x0000000020000225        0x1 ./Core/Src/main.o
                0x0000000020000225                ISR
 *fill*         0x0000000020000226        0x2 
 .bss.Errors    0x0000000020000228        0x3 ./Core/Src/main.o
                0x0000000020000228                Errors
 *fill*         0x000000002000022b        0x1 
 .bss.Configs   0x000000002000022c        0x4 ./Core/Src/main.o
                0x000000002000022c                Configs
 .bss.Measure   0x0000000020000230        0x4 ./Core/Src/main.o
                0x0000000020000230                Measure
 .bss.Measure2  0x0000000020000234        0x4 ./Core/Src/main.o
                0x0000000020000234                Measure2
 .bss.BH1750    0x0000000020000238        0xc ./Core/Src/main.o
                0x0000000020000238                BH1750
 .bss.Sensor2   0x0000000020000244        0xc ./Core/Src/main.o
                0x0000000020000244                Sensor2
 .bss.IDR_Read  0x0000000020000250        0x2 ./Core/Src/main.o
                0x0000000020000250                IDR_Read
 .bss.comeFromMenu
                0x0000000020000252        0x1 ./Core/Src/main.o
                0x0000000020000252                comeFromMenu
 .bss.ChangedConfigs.7
                0x0000000020000253        0x1 ./Core/Src/main.o
 .bss.CursorMoved.3
                0x0000000020000254        0x1 ./Core/Src/main.o
 .bss.EnteredGraphic.2
                0x0000000020000255        0x1 ./Core/Src/main.o
 *fill*         0x0000000020000256        0x2 
 .bss.DACVal.0  0x0000000020000258        0x4 ./Core/Src/main.o
 .bss.__sbrk_heap_end
                0x000000002000025c        0x4 ./Core/Src/sysmem.o
 .bss.uwTick    0x0000000020000260        0x4 ./Drivers/STM32F1xx_HAL_Driver/Src/stm32f1xx_hal.o
                0x0000000020000260                uwTick
 .bss.SSD1306_Buffer
                0x0000000020000264      0x400 ./OLED/Src/ssd1306.o
 .bss.SSD1306   0x0000000020000664        0x6 ./OLED/Src/ssd1306.o
 .bss.Buffer    0x000000002000066a        0x1 ./Rojo_BH1750/Src/Rojo_BH1750.o
 *fill*         0x000000002000066b        0x1 
 .bss.__malloc_free_list
                0x000000002000066c        0x4 /opt/st/stm32cubeide_1.12.1/plugins/com.st.stm32cube.ide.mcu.externaltools.gnu-tools-for-stm32.10.3-2021.10.linux64_1.0.200.202301161003/tools/bin/../lib/gcc/arm-none-eabi/10.3.1/../../../../arm-none-eabi/lib/thumb/v7-m/nofp/libc_nano.a(lib_a-nano-mallocr.o)
                0x000000002000066c                __malloc_free_list
 .bss.__malloc_sbrk_start
                0x0000000020000670        0x4 /opt/st/stm32cubeide_1.12.1/plugins/com.st.stm32cube.ide.mcu.externaltools.gnu-tools-for-stm32.10.3-2021.10.linux64_1.0.200.202301161003/tools/bin/../lib/gcc/arm-none-eabi/10.3.1/../../../../arm-none-eabi/lib/thumb/v7-m/nofp/libc_nano.a(lib_a-nano-mallocr.o)
                0x0000000020000670                __malloc_sbrk_start
 .bss.errno     0x0000000020000674        0x4 /opt/st/stm32cubeide_1.12.1/plugins/com.st.stm32cube.ide.mcu.externaltools.gnu-tools-for-stm32.10.3-2021.10.linux64_1.0.200.202301161003/tools/bin/../lib/gcc/arm-none-eabi/10.3.1/../../../../arm-none-eabi/lib/thumb/v7-m/nofp/libc_nano.a(lib_a-reent.o)
                0x0000000020000674                errno
 .bss.__lock___malloc_recursive_mutex
                0x0000000020000678        0x1 /opt/st/stm32cubeide_1.12.1/plugins/com.st.stm32cube.ide.mcu.externaltools.gnu-tools-for-stm32.10.3-2021.10.linux64_1.0.200.202301161003/tools/bin/../lib/gcc/arm-none-eabi/10.3.1/../../../../arm-none-eabi/lib/thumb/v7-m/nofp/libc_nano.a(lib_a-lock.o)
                0x0000000020000678                __lock___malloc_recursive_mutex
 *(COMMON)
                0x000000002000067c                . = ALIGN (0x4)
 *fill*         0x0000000020000679        0x3 
                0x000000002000067c                _ebss = .
                0x000000002000067c                __bss_end__ = _ebss

._user_heap_stack
                0x000000002000067c      0x604 load address 0x000000000800a608
                0x0000000020000680                . = ALIGN (0x8)
 *fill*         0x000000002000067c        0x4 
                [!provide]                        PROVIDE (end = .)
                0x0000000020000680                PROVIDE (_end = .)
                0x0000000020000880                . = (. + _Min_Heap_Size)
 *fill*         0x0000000020000680      0x200 
                0x0000000020000c80                . = (. + _Min_Stack_Size)
 *fill*         0x0000000020000880      0x400 
                0x0000000020000c80                . = ALIGN (0x8)

/DISCARD/
 libc.a(*)
 libm.a(*)
 libgcc.a(*)

.ARM.attributes
                0x0000000000000000       0x29
 *(.ARM.attributes)
 .ARM.attributes
                0x0000000000000000       0x1d /opt/st/stm32cubeide_1.12.1/plugins/com.st.stm32cube.ide.mcu.externaltools.gnu-tools-for-stm32.10.3-2021.10.linux64_1.0.200.202301161003/tools/bin/../lib/gcc/arm-none-eabi/10.3.1/thumb/v7-m/nofp/crti.o
 .ARM.attributes
                0x000000000000001d       0x2d /opt/st/stm32cubeide_1.12.1/plugins/com.st.stm32cube.ide.mcu.externaltools.gnu-tools-for-stm32.10.3-2021.10.linux64_1.0.200.202301161003/tools/bin/../lib/gcc/arm-none-eabi/10.3.1/thumb/v7-m/nofp/crtbegin.o
 .ARM.attributes
                0x000000000000004a       0x2d ./Core/Src/main.o
 .ARM.attributes
                0x0000000000000077       0x2d ./Core/Src/stm32f1xx_hal_msp.o
 .ARM.attributes
                0x00000000000000a4       0x2d ./Core/Src/stm32f1xx_it.o
 .ARM.attributes
                0x00000000000000d1       0x2d ./Core/Src/sysmem.o
 .ARM.attributes
                0x00000000000000fe       0x2d ./Core/Src/system_stm32f1xx.o
 .ARM.attributes
                0x000000000000012b       0x21 ./Core/Startup/startup_stm32f103c8tx.o
 .ARM.attributes
                0x000000000000014c       0x2d ./Drivers/STM32F1xx_HAL_Driver/Src/stm32f1xx_hal.o
 .ARM.attributes
                0x0000000000000179       0x2d ./Drivers/STM32F1xx_HAL_Driver/Src/stm32f1xx_hal_cortex.o
 .ARM.attributes
                0x00000000000001a6       0x2d ./Drivers/STM32F1xx_HAL_Driver/Src/stm32f1xx_hal_dma.o
 .ARM.attributes
                0x00000000000001d3       0x2d ./Drivers/STM32F1xx_HAL_Driver/Src/stm32f1xx_hal_gpio.o
 .ARM.attributes
                0x0000000000000200       0x2d ./Drivers/STM32F1xx_HAL_Driver/Src/stm32f1xx_hal_i2c.o
 .ARM.attributes
                0x000000000000022d       0x2d ./Drivers/STM32F1xx_HAL_Driver/Src/stm32f1xx_hal_iwdg.o
 .ARM.attributes
                0x000000000000025a       0x2d ./Drivers/STM32F1xx_HAL_Driver/Src/stm32f1xx_hal_rcc.o
 .ARM.attributes
                0x0000000000000287       0x2d ./Drivers/STM32F1xx_HAL_Driver/Src/stm32f1xx_hal_tim.o
 .ARM.attributes
                0x00000000000002b4       0x2d ./Drivers/STM32F1xx_HAL_Driver/Src/stm32f1xx_hal_tim_ex.o
 .ARM.attributes
                0x00000000000002e1       0x2d ./OLED/Src/fonts.o
 .ARM.attributes
                0x000000000000030e       0x2d ./OLED/Src/ssd1306.o
 .ARM.attributes
                0x000000000000033b       0x2d ./Rojo_BH1750/Src/Rojo_BH1750.o
 .ARM.attributes
                0x0000000000000368       0x2d /opt/st/stm32cubeide_1.12.1/plugins/com.st.stm32cube.ide.mcu.externaltools.gnu-tools-for-stm32.10.3-2021.10.linux64_1.0.200.202301161003/tools/bin/../lib/gcc/arm-none-eabi/10.3.1/../../../../arm-none-eabi/lib/thumb/v7-m/nofp/libc_nano.a(lib_a-calloc.o)
 .ARM.attributes
                0x0000000000000395       0x2d /opt/st/stm32cubeide_1.12.1/plugins/com.st.stm32cube.ide.mcu.externaltools.gnu-tools-for-stm32.10.3-2021.10.linux64_1.0.200.202301161003/tools/bin/../lib/gcc/arm-none-eabi/10.3.1/../../../../arm-none-eabi/lib/thumb/v7-m/nofp/libc_nano.a(lib_a-errno.o)
 .ARM.attributes
                0x00000000000003c2       0x2d /opt/st/stm32cubeide_1.12.1/plugins/com.st.stm32cube.ide.mcu.externaltools.gnu-tools-for-stm32.10.3-2021.10.linux64_1.0.200.202301161003/tools/bin/../lib/gcc/arm-none-eabi/10.3.1/../../../../arm-none-eabi/lib/thumb/v7-m/nofp/libc_nano.a(lib_a-impure.o)
 .ARM.attributes
                0x00000000000003ef       0x2d /opt/st/stm32cubeide_1.12.1/plugins/com.st.stm32cube.ide.mcu.externaltools.gnu-tools-for-stm32.10.3-2021.10.linux64_1.0.200.202301161003/tools/bin/../lib/gcc/arm-none-eabi/10.3.1/../../../../arm-none-eabi/lib/thumb/v7-m/nofp/libc_nano.a(lib_a-init.o)
 .ARM.attributes
                0x000000000000041c       0x2d /opt/st/stm32cubeide_1.12.1/plugins/com.st.stm32cube.ide.mcu.externaltools.gnu-tools-for-stm32.10.3-2021.10.linux64_1.0.200.202301161003/tools/bin/../lib/gcc/arm-none-eabi/10.3.1/../../../../arm-none-eabi/lib/thumb/v7-m/nofp/libc_nano.a(lib_a-malloc.o)
 .ARM.attributes
                0x0000000000000449       0x2d /opt/st/stm32cubeide_1.12.1/plugins/com.st.stm32cube.ide.mcu.externaltools.gnu-tools-for-stm32.10.3-2021.10.linux64_1.0.200.202301161003/tools/bin/../lib/gcc/arm-none-eabi/10.3.1/../../../../arm-none-eabi/lib/thumb/v7-m/nofp/libc_nano.a(lib_a-memset.o)
 .ARM.attributes
                0x0000000000000476       0x2d /opt/st/stm32cubeide_1.12.1/plugins/com.st.stm32cube.ide.mcu.externaltools.gnu-tools-for-stm32.10.3-2021.10.linux64_1.0.200.202301161003/tools/bin/../lib/gcc/arm-none-eabi/10.3.1/../../../../arm-none-eabi/lib/thumb/v7-m/nofp/libc_nano.a(lib_a-nano-callocr.o)
 .ARM.attributes
                0x00000000000004a3       0x2d /opt/st/stm32cubeide_1.12.1/plugins/com.st.stm32cube.ide.mcu.externaltools.gnu-tools-for-stm32.10.3-2021.10.linux64_1.0.200.202301161003/tools/bin/../lib/gcc/arm-none-eabi/10.3.1/../../../../arm-none-eabi/lib/thumb/v7-m/nofp/libc_nano.a(lib_a-nano-freer.o)
 .ARM.attributes
                0x00000000000004d0       0x2d /opt/st/stm32cubeide_1.12.1/plugins/com.st.stm32cube.ide.mcu.externaltools.gnu-tools-for-stm32.10.3-2021.10.linux64_1.0.200.202301161003/tools/bin/../lib/gcc/arm-none-eabi/10.3.1/../../../../arm-none-eabi/lib/thumb/v7-m/nofp/libc_nano.a(lib_a-nano-mallocr.o)
 .ARM.attributes
                0x00000000000004fd       0x2d /opt/st/stm32cubeide_1.12.1/plugins/com.st.stm32cube.ide.mcu.externaltools.gnu-tools-for-stm32.10.3-2021.10.linux64_1.0.200.202301161003/tools/bin/../lib/gcc/arm-none-eabi/10.3.1/../../../../arm-none-eabi/lib/thumb/v7-m/nofp/libc_nano.a(lib_a-sbrkr.o)
 .ARM.attributes
                0x000000000000052a       0x2d /opt/st/stm32cubeide_1.12.1/plugins/com.st.stm32cube.ide.mcu.externaltools.gnu-tools-for-stm32.10.3-2021.10.linux64_1.0.200.202301161003/tools/bin/../lib/gcc/arm-none-eabi/10.3.1/../../../../arm-none-eabi/lib/thumb/v7-m/nofp/libc_nano.a(lib_a-sprintf.o)
 .ARM.attributes
                0x0000000000000557       0x2d /opt/st/stm32cubeide_1.12.1/plugins/com.st.stm32cube.ide.mcu.externaltools.gnu-tools-for-stm32.10.3-2021.10.linux64_1.0.200.202301161003/tools/bin/../lib/gcc/arm-none-eabi/10.3.1/../../../../arm-none-eabi/lib/thumb/v7-m/nofp/libc_nano.a(lib_a-mlock.o)
 .ARM.attributes
                0x0000000000000584       0x2d /opt/st/stm32cubeide_1.12.1/plugins/com.st.stm32cube.ide.mcu.externaltools.gnu-tools-for-stm32.10.3-2021.10.linux64_1.0.200.202301161003/tools/bin/../lib/gcc/arm-none-eabi/10.3.1/../../../../arm-none-eabi/lib/thumb/v7-m/nofp/libc_nano.a(lib_a-nano-svfprintf.o)
 .ARM.attributes
                0x00000000000005b1       0x2d /opt/st/stm32cubeide_1.12.1/plugins/com.st.stm32cube.ide.mcu.externaltools.gnu-tools-for-stm32.10.3-2021.10.linux64_1.0.200.202301161003/tools/bin/../lib/gcc/arm-none-eabi/10.3.1/../../../../arm-none-eabi/lib/thumb/v7-m/nofp/libc_nano.a(lib_a-nano-vfprintf_i.o)
 .ARM.attributes
                0x00000000000005de       0x2d /opt/st/stm32cubeide_1.12.1/plugins/com.st.stm32cube.ide.mcu.externaltools.gnu-tools-for-stm32.10.3-2021.10.linux64_1.0.200.202301161003/tools/bin/../lib/gcc/arm-none-eabi/10.3.1/../../../../arm-none-eabi/lib/thumb/v7-m/nofp/libc_nano.a(lib_a-reent.o)
 .ARM.attributes
                0x000000000000060b       0x2d /opt/st/stm32cubeide_1.12.1/plugins/com.st.stm32cube.ide.mcu.externaltools.gnu-tools-for-stm32.10.3-2021.10.linux64_1.0.200.202301161003/tools/bin/../lib/gcc/arm-none-eabi/10.3.1/../../../../arm-none-eabi/lib/thumb/v7-m/nofp/libc_nano.a(lib_a-lock.o)
 .ARM.attributes
                0x0000000000000638       0x2d /opt/st/stm32cubeide_1.12.1/plugins/com.st.stm32cube.ide.mcu.externaltools.gnu-tools-for-stm32.10.3-2021.10.linux64_1.0.200.202301161003/tools/bin/../lib/gcc/arm-none-eabi/10.3.1/../../../../arm-none-eabi/lib/thumb/v7-m/nofp/libc_nano.a(lib_a-memchr-stub.o)
 .ARM.attributes
                0x0000000000000665       0x2d /opt/st/stm32cubeide_1.12.1/plugins/com.st.stm32cube.ide.mcu.externaltools.gnu-tools-for-stm32.10.3-2021.10.linux64_1.0.200.202301161003/tools/bin/../lib/gcc/arm-none-eabi/10.3.1/../../../../arm-none-eabi/lib/thumb/v7-m/nofp/libc_nano.a(lib_a-memcpy-stub.o)
 .ARM.attributes
                0x0000000000000692       0x2d /opt/st/stm32cubeide_1.12.1/plugins/com.st.stm32cube.ide.mcu.externaltools.gnu-tools-for-stm32.10.3-2021.10.linux64_1.0.200.202301161003/tools/bin/../lib/gcc/arm-none-eabi/10.3.1/../../../../arm-none-eabi/lib/thumb/v7-m/nofp/libc_nano.a(lib_a-memmove.o)
 .ARM.attributes
                0x00000000000006bf       0x2d /opt/st/stm32cubeide_1.12.1/plugins/com.st.stm32cube.ide.mcu.externaltools.gnu-tools-for-stm32.10.3-2021.10.linux64_1.0.200.202301161003/tools/bin/../lib/gcc/arm-none-eabi/10.3.1/../../../../arm-none-eabi/lib/thumb/v7-m/nofp/libc_nano.a(lib_a-nano-reallocr.o)
 .ARM.attributes
                0x00000000000006ec       0x2d /opt/st/stm32cubeide_1.12.1/plugins/com.st.stm32cube.ide.mcu.externaltools.gnu-tools-for-stm32.10.3-2021.10.linux64_1.0.200.202301161003/tools/bin/../lib/gcc/arm-none-eabi/10.3.1/../../../../arm-none-eabi/lib/thumb/v7-m/nofp/libc_nano.a(lib_a-nano-msizer.o)
 .ARM.attributes
                0x0000000000000719       0x1d /opt/st/stm32cubeide_1.12.1/plugins/com.st.stm32cube.ide.mcu.externaltools.gnu-tools-for-stm32.10.3-2021.10.linux64_1.0.200.202301161003/tools/bin/../lib/gcc/arm-none-eabi/10.3.1/thumb/v7-m/nofp/libgcc.a(_arm_mulsf3.o)
 .ARM.attributes
                0x0000000000000736       0x1d /opt/st/stm32cubeide_1.12.1/plugins/com.st.stm32cube.ide.mcu.externaltools.gnu-tools-for-stm32.10.3-2021.10.linux64_1.0.200.202301161003/tools/bin/../lib/gcc/arm-none-eabi/10.3.1/thumb/v7-m/nofp/libgcc.a(_arm_addsubdf3.o)
 .ARM.attributes
                0x0000000000000753       0x1d /opt/st/stm32cubeide_1.12.1/plugins/com.st.stm32cube.ide.mcu.externaltools.gnu-tools-for-stm32.10.3-2021.10.linux64_1.0.200.202301161003/tools/bin/../lib/gcc/arm-none-eabi/10.3.1/thumb/v7-m/nofp/libgcc.a(_arm_muldivdf3.o)
 .ARM.attributes
                0x0000000000000770       0x1d /opt/st/stm32cubeide_1.12.1/plugins/com.st.stm32cube.ide.mcu.externaltools.gnu-tools-for-stm32.10.3-2021.10.linux64_1.0.200.202301161003/tools/bin/../lib/gcc/arm-none-eabi/10.3.1/thumb/v7-m/nofp/libgcc.a(_arm_fixunsdfsi.o)
 .ARM.attributes
                0x000000000000078d       0x1d /opt/st/stm32cubeide_1.12.1/plugins/com.st.stm32cube.ide.mcu.externaltools.gnu-tools-for-stm32.10.3-2021.10.linux64_1.0.200.202301161003/tools/bin/../lib/gcc/arm-none-eabi/10.3.1/thumb/v7-m/nofp/libgcc.a(_arm_truncdfsf2.o)
 .ARM.attributes
                0x00000000000007aa       0x1d /opt/st/stm32cubeide_1.12.1/plugins/com.st.stm32cube.ide.mcu.externaltools.gnu-tools-for-stm32.10.3-2021.10.linux64_1.0.200.202301161003/tools/bin/../lib/gcc/arm-none-eabi/10.3.1/thumb/v7-m/nofp/libgcc.a(_arm_addsubsf3.o)
 .ARM.attributes
                0x00000000000007c7       0x1d /opt/st/stm32cubeide_1.12.1/plugins/com.st.stm32cube.ide.mcu.externaltools.gnu-tools-for-stm32.10.3-2021.10.linux64_1.0.200.202301161003/tools/bin/../lib/gcc/arm-none-eabi/10.3.1/thumb/v7-m/nofp/libgcc.a(_arm_fixunssfsi.o)
 .ARM.attributes
                0x00000000000007e4       0x1d /opt/st/stm32cubeide_1.12.1/plugins/com.st.stm32cube.ide.mcu.externaltools.gnu-tools-for-stm32.10.3-2021.10.linux64_1.0.200.202301161003/tools/bin/../lib/gcc/arm-none-eabi/10.3.1/thumb/v7-m/nofp/crtn.o
OUTPUT(Luxometro.elf elf32-littlearm)
LOAD linker stubs
LOAD /opt/st/stm32cubeide_1.12.1/plugins/com.st.stm32cube.ide.mcu.externaltools.gnu-tools-for-stm32.10.3-2021.10.linux64_1.0.200.202301161003/tools/bin/../lib/gcc/arm-none-eabi/10.3.1/../../../../arm-none-eabi/lib/thumb/v7-m/nofp/libc.a
LOAD /opt/st/stm32cubeide_1.12.1/plugins/com.st.stm32cube.ide.mcu.externaltools.gnu-tools-for-stm32.10.3-2021.10.linux64_1.0.200.202301161003/tools/bin/../lib/gcc/arm-none-eabi/10.3.1/../../../../arm-none-eabi/lib/thumb/v7-m/nofp/libm.a
LOAD /opt/st/stm32cubeide_1.12.1/plugins/com.st.stm32cube.ide.mcu.externaltools.gnu-tools-for-stm32.10.3-2021.10.linux64_1.0.200.202301161003/tools/bin/../lib/gcc/arm-none-eabi/10.3.1/thumb/v7-m/nofp/libgcc.a

.debug_info     0x0000000000000000     0xf2c3
 .debug_info    0x0000000000000000     0x255a ./Core/Src/main.o
 .debug_info    0x000000000000255a      0xe74 ./Core/Src/stm32f1xx_hal_msp.o
 .debug_info    0x00000000000033ce      0xa5c ./Core/Src/stm32f1xx_it.o
 .debug_info    0x0000000000003e2a      0x171 ./Core/Src/sysmem.o
 .debug_info    0x0000000000003f9b      0x23d ./Core/Src/system_stm32f1xx.o
 .debug_info    0x00000000000041d8       0x22 ./Core/Startup/startup_stm32f103c8tx.o
 .debug_info    0x00000000000041fa      0x734 ./Drivers/STM32F1xx_HAL_Driver/Src/stm32f1xx_hal.o
 .debug_info    0x000000000000492e      0xb20 ./Drivers/STM32F1xx_HAL_Driver/Src/stm32f1xx_hal_cortex.o
 .debug_info    0x000000000000544e      0x744 ./Drivers/STM32F1xx_HAL_Driver/Src/stm32f1xx_hal_dma.o
 .debug_info    0x0000000000005b92      0x615 ./Drivers/STM32F1xx_HAL_Driver/Src/stm32f1xx_hal_gpio.o
 .debug_info    0x00000000000061a7     0x2761 ./Drivers/STM32F1xx_HAL_Driver/Src/stm32f1xx_hal_i2c.o
 .debug_info    0x0000000000008908      0x1ec ./Drivers/STM32F1xx_HAL_Driver/Src/stm32f1xx_hal_iwdg.o
 .debug_info    0x0000000000008af4      0x865 ./Drivers/STM32F1xx_HAL_Driver/Src/stm32f1xx_hal_rcc.o
 .debug_info    0x0000000000009359     0x2bab ./Drivers/STM32F1xx_HAL_Driver/Src/stm32f1xx_hal_tim.o
 .debug_info    0x000000000000bf04     0x15c7 ./Drivers/STM32F1xx_HAL_Driver/Src/stm32f1xx_hal_tim_ex.o
 .debug_info    0x000000000000d4cb      0x27a ./OLED/Src/fonts.o
 .debug_info    0x000000000000d745     0x1117 ./OLED/Src/ssd1306.o
 .debug_info    0x000000000000e85c      0xa67 ./Rojo_BH1750/Src/Rojo_BH1750.o

.debug_abbrev   0x0000000000000000     0x23e4
 .debug_abbrev  0x0000000000000000      0x451 ./Core/Src/main.o
 .debug_abbrev  0x0000000000000451      0x1c5 ./Core/Src/stm32f1xx_hal_msp.o
 .debug_abbrev  0x0000000000000616      0x1b3 ./Core/Src/stm32f1xx_it.o
 .debug_abbrev  0x00000000000007c9       0xbb ./Core/Src/sysmem.o
 .debug_abbrev  0x0000000000000884      0x13b ./Core/Src/system_stm32f1xx.o
 .debug_abbrev  0x00000000000009bf       0x12 ./Core/Startup/startup_stm32f103c8tx.o
 .debug_abbrev  0x00000000000009d1      0x1fb ./Drivers/STM32F1xx_HAL_Driver/Src/stm32f1xx_hal.o
 .debug_abbrev  0x0000000000000bcc      0x2ed ./Drivers/STM32F1xx_HAL_Driver/Src/stm32f1xx_hal_cortex.o
 .debug_abbrev  0x0000000000000eb9      0x1fe ./Drivers/STM32F1xx_HAL_Driver/Src/stm32f1xx_hal_dma.o
 .debug_abbrev  0x00000000000010b7      0x1bb ./Drivers/STM32F1xx_HAL_Driver/Src/stm32f1xx_hal_gpio.o
 .debug_abbrev  0x0000000000001272      0x288 ./Drivers/STM32F1xx_HAL_Driver/Src/stm32f1xx_hal_i2c.o
 .debug_abbrev  0x00000000000014fa      0x128 ./Drivers/STM32F1xx_HAL_Driver/Src/stm32f1xx_hal_iwdg.o
 .debug_abbrev  0x0000000000001622      0x2a8 ./Drivers/STM32F1xx_HAL_Driver/Src/stm32f1xx_hal_rcc.o
 .debug_abbrev  0x00000000000018ca      0x264 ./Drivers/STM32F1xx_HAL_Driver/Src/stm32f1xx_hal_tim.o
 .debug_abbrev  0x0000000000001b2e      0x26c ./Drivers/STM32F1xx_HAL_Driver/Src/stm32f1xx_hal_tim_ex.o
 .debug_abbrev  0x0000000000001d9a      0x111 ./OLED/Src/fonts.o
 .debug_abbrev  0x0000000000001eab      0x2f8 ./OLED/Src/ssd1306.o
 .debug_abbrev  0x00000000000021a3      0x241 ./Rojo_BH1750/Src/Rojo_BH1750.o

.debug_aranges  0x0000000000000000      0xf60
 .debug_aranges
                0x0000000000000000      0x150 ./Core/Src/main.o
 .debug_aranges
                0x0000000000000150       0x40 ./Core/Src/stm32f1xx_hal_msp.o
 .debug_aranges
                0x0000000000000190       0x88 ./Core/Src/stm32f1xx_it.o
 .debug_aranges
                0x0000000000000218       0x20 ./Core/Src/sysmem.o
 .debug_aranges
                0x0000000000000238       0x28 ./Core/Src/system_stm32f1xx.o
 .debug_aranges
                0x0000000000000260       0x28 ./Core/Startup/startup_stm32f103c8tx.o
 .debug_aranges
                0x0000000000000288       0xe0 ./Drivers/STM32F1xx_HAL_Driver/Src/stm32f1xx_hal.o
 .debug_aranges
                0x0000000000000368      0x100 ./Drivers/STM32F1xx_HAL_Driver/Src/stm32f1xx_hal_cortex.o
 .debug_aranges
                0x0000000000000468       0x80 ./Drivers/STM32F1xx_HAL_Driver/Src/stm32f1xx_hal_dma.o
 .debug_aranges
                0x00000000000004e8       0x58 ./Drivers/STM32F1xx_HAL_Driver/Src/stm32f1xx_hal_gpio.o
 .debug_aranges
                0x0000000000000540      0x2a8 ./Drivers/STM32F1xx_HAL_Driver/Src/stm32f1xx_hal_i2c.o
 .debug_aranges
                0x00000000000007e8       0x28 ./Drivers/STM32F1xx_HAL_Driver/Src/stm32f1xx_hal_iwdg.o
 .debug_aranges
                0x0000000000000810       0x90 ./Drivers/STM32F1xx_HAL_Driver/Src/stm32f1xx_hal_rcc.o
 .debug_aranges
                0x00000000000008a0      0x3d0 ./Drivers/STM32F1xx_HAL_Driver/Src/stm32f1xx_hal_tim.o
 .debug_aranges
                0x0000000000000c70      0x168 ./Drivers/STM32F1xx_HAL_Driver/Src/stm32f1xx_hal_tim_ex.o
 .debug_aranges
                0x0000000000000dd8       0x20 ./OLED/Src/fonts.o
 .debug_aranges
                0x0000000000000df8       0xf8 ./OLED/Src/ssd1306.o
 .debug_aranges
                0x0000000000000ef0       0x70 ./Rojo_BH1750/Src/Rojo_BH1750.o

.debug_ranges   0x0000000000000000      0xe60
 .debug_ranges  0x0000000000000000      0x140 ./Core/Src/main.o
 .debug_ranges  0x0000000000000140       0x30 ./Core/Src/stm32f1xx_hal_msp.o
 .debug_ranges  0x0000000000000170       0x78 ./Core/Src/stm32f1xx_it.o
 .debug_ranges  0x00000000000001e8       0x10 ./Core/Src/sysmem.o
 .debug_ranges  0x00000000000001f8       0x18 ./Core/Src/system_stm32f1xx.o
 .debug_ranges  0x0000000000000210       0x20 ./Core/Startup/startup_stm32f103c8tx.o
 .debug_ranges  0x0000000000000230       0xd0 ./Drivers/STM32F1xx_HAL_Driver/Src/stm32f1xx_hal.o
 .debug_ranges  0x0000000000000300       0xf0 ./Drivers/STM32F1xx_HAL_Driver/Src/stm32f1xx_hal_cortex.o
 .debug_ranges  0x00000000000003f0       0x70 ./Drivers/STM32F1xx_HAL_Driver/Src/stm32f1xx_hal_dma.o
 .debug_ranges  0x0000000000000460       0x48 ./Drivers/STM32F1xx_HAL_Driver/Src/stm32f1xx_hal_gpio.o
 .debug_ranges  0x00000000000004a8      0x2b0 ./Drivers/STM32F1xx_HAL_Driver/Src/stm32f1xx_hal_i2c.o
 .debug_ranges  0x0000000000000758       0x18 ./Drivers/STM32F1xx_HAL_Driver/Src/stm32f1xx_hal_iwdg.o
 .debug_ranges  0x0000000000000770       0x80 ./Drivers/STM32F1xx_HAL_Driver/Src/stm32f1xx_hal_rcc.o
 .debug_ranges  0x00000000000007f0      0x3c0 ./Drivers/STM32F1xx_HAL_Driver/Src/stm32f1xx_hal_tim.o
 .debug_ranges  0x0000000000000bb0      0x158 ./Drivers/STM32F1xx_HAL_Driver/Src/stm32f1xx_hal_tim_ex.o
 .debug_ranges  0x0000000000000d08       0x10 ./OLED/Src/fonts.o
 .debug_ranges  0x0000000000000d18       0xe8 ./OLED/Src/ssd1306.o
 .debug_ranges  0x0000000000000e00       0x60 ./Rojo_BH1750/Src/Rojo_BH1750.o

.debug_macro    0x0000000000000000    0x18a54
 .debug_macro   0x0000000000000000      0x40d ./Core/Src/main.o
 .debug_macro   0x000000000000040d      0xa6c ./Core/Src/main.o
 .debug_macro   0x0000000000000e79      0x221 ./Core/Src/main.o
 .debug_macro   0x000000000000109a       0x2e ./Core/Src/main.o
 .debug_macro   0x00000000000010c8       0x22 ./Core/Src/main.o
 .debug_macro   0x00000000000010ea       0x22 ./Core/Src/main.o
 .debug_macro   0x000000000000110c       0x8e ./Core/Src/main.o
 .debug_macro   0x000000000000119a       0x51 ./Core/Src/main.o
 .debug_macro   0x00000000000011eb      0x103 ./Core/Src/main.o
 .debug_macro   0x00000000000012ee       0x6a ./Core/Src/main.o
 .debug_macro   0x0000000000001358      0x1df ./Core/Src/main.o
 .debug_macro   0x0000000000001537       0x1c ./Core/Src/main.o
 .debug_macro   0x0000000000001553       0x22 ./Core/Src/main.o
 .debug_macro   0x0000000000001575       0xbd ./Core/Src/main.o
 .debug_macro   0x0000000000001632      0xd23 ./Core/Src/main.o
 .debug_macro   0x0000000000002355     0xe09e ./Core/Src/main.o
 .debug_macro   0x00000000000103f3       0x6d ./Core/Src/main.o
 .debug_macro   0x0000000000010460     0x348d ./Core/Src/main.o
 .debug_macro   0x00000000000138ed      0x174 ./Core/Src/main.o
 .debug_macro   0x0000000000013a61       0x5c ./Core/Src/main.o
 .debug_macro   0x0000000000013abd      0x5bc ./Core/Src/main.o
 .debug_macro   0x0000000000014079      0x289 ./Core/Src/main.o
 .debug_macro   0x0000000000014302      0x1cb ./Core/Src/main.o
 .debug_macro   0x00000000000144cd      0x114 ./Core/Src/main.o
 .debug_macro   0x00000000000145e1      0x1b2 ./Core/Src/main.o
 .debug_macro   0x0000000000014793       0x27 ./Core/Src/main.o
 .debug_macro   0x00000000000147ba      0x136 ./Core/Src/main.o
 .debug_macro   0x00000000000148f0      0x1bc ./Core/Src/main.o
 .debug_macro   0x0000000000014aac       0x34 ./Core/Src/main.o
 .debug_macro   0x0000000000014ae0       0x3c ./Core/Src/main.o
 .debug_macro   0x0000000000014b1c       0x57 ./Core/Src/main.o
 .debug_macro   0x0000000000014b73       0x87 ./Core/Src/main.o
 .debug_macro   0x0000000000014bfa      0x240 ./Core/Src/main.o
 .debug_macro   0x0000000000014e3a      0x287 ./Core/Src/main.o
 .debug_macro   0x00000000000150c1       0x78 ./Core/Src/main.o
 .debug_macro   0x0000000000015139      0x140 ./Core/Src/main.o
 .debug_macro   0x0000000000015279      0x8ed ./Core/Src/main.o
 .debug_macro   0x0000000000015b66       0x83 ./Core/Src/main.o
 .debug_macro   0x0000000000015be9       0xd0 ./Core/Src/main.o
 .debug_macro   0x0000000000015cb9       0x52 ./Core/Src/main.o
 .debug_macro   0x0000000000015d0b       0x18 ./Core/Src/main.o
 .debug_macro   0x0000000000015d23       0x3c ./Core/Src/main.o
 .debug_macro   0x0000000000015d5f       0x34 ./Core/Src/main.o
 .debug_macro   0x0000000000015d93       0x16 ./Core/Src/main.o
 .debug_macro   0x0000000000015da9       0x43 ./Core/Src/main.o
 .debug_macro   0x0000000000015dec       0x34 ./Core/Src/main.o
 .debug_macro   0x0000000000015e20       0x10 ./Core/Src/main.o
 .debug_macro   0x0000000000015e30       0x58 ./Core/Src/main.o
 .debug_macro   0x0000000000015e88       0x71 ./Core/Src/main.o
 .debug_macro   0x0000000000015ef9       0x1c ./Core/Src/main.o
 .debug_macro   0x0000000000015f15      0x12a ./Core/Src/main.o
 .debug_macro   0x000000000001603f      0x341 ./Core/Src/main.o
 .debug_macro   0x0000000000016380       0x10 ./Core/Src/main.o
 .debug_macro   0x0000000000016390       0x35 ./Core/Src/main.o
 .debug_macro   0x00000000000163c5       0x20 ./Core/Src/main.o
 .debug_macro   0x00000000000163e5       0x16 ./Core/Src/main.o
 .debug_macro   0x00000000000163fb       0x16 ./Core/Src/main.o
 .debug_macro   0x0000000000016411       0x29 ./Core/Src/main.o
 .debug_macro   0x000000000001643a       0x1d ./Core/Src/main.o
 .debug_macro   0x0000000000016457       0x10 ./Core/Src/main.o
 .debug_macro   0x0000000000016467       0x1c ./Core/Src/main.o
 .debug_macro   0x0000000000016483       0x10 ./Core/Src/main.o
 .debug_macro   0x0000000000016493       0x10 ./Core/Src/main.o
 .debug_macro   0x00000000000164a3       0x1c ./Core/Src/main.o
 .debug_macro   0x00000000000164bf       0x52 ./Core/Src/main.o
 .debug_macro   0x0000000000016511       0x22 ./Core/Src/main.o
 .debug_macro   0x0000000000016533       0x10 ./Core/Src/main.o
 .debug_macro   0x0000000000016543       0x52 ./Core/Src/main.o
 .debug_macro   0x0000000000016595       0xd5 ./Core/Src/main.o
 .debug_macro   0x000000000001666a       0x1c ./Core/Src/main.o
 .debug_macro   0x0000000000016686       0x3d ./Core/Src/main.o
 .debug_macro   0x00000000000166c3       0x16 ./Core/Src/main.o
 .debug_macro   0x00000000000166d9      0x145 ./Core/Src/main.o
 .debug_macro   0x000000000001681e       0x4c ./Core/Src/main.o
 .debug_macro   0x000000000001686a       0x4d ./Core/Src/main.o
 .debug_macro   0x00000000000168b7      0x1bc ./Core/Src/stm32f1xx_hal_msp.o
 .debug_macro   0x0000000000016a73      0x1c6 ./Core/Src/stm32f1xx_it.o
 .debug_macro   0x0000000000016c39       0xff ./Core/Src/sysmem.o
 .debug_macro   0x0000000000016d38      0x23b ./Core/Src/sysmem.o
 .debug_macro   0x0000000000016f73      0x1ad ./Core/Src/system_stm32f1xx.o
 .debug_macro   0x0000000000017120      0x1d1 ./Drivers/STM32F1xx_HAL_Driver/Src/stm32f1xx_hal.o
 .debug_macro   0x00000000000172f1      0x1ad ./Drivers/STM32F1xx_HAL_Driver/Src/stm32f1xx_hal_cortex.o
 .debug_macro   0x000000000001749e      0x1ad ./Drivers/STM32F1xx_HAL_Driver/Src/stm32f1xx_hal_dma.o
 .debug_macro   0x000000000001764b      0x218 ./Drivers/STM32F1xx_HAL_Driver/Src/stm32f1xx_hal_gpio.o
 .debug_macro   0x0000000000017863      0x1fb ./Drivers/STM32F1xx_HAL_Driver/Src/stm32f1xx_hal_i2c.o
 .debug_macro   0x0000000000017a5e      0x1b9 ./Drivers/STM32F1xx_HAL_Driver/Src/stm32f1xx_hal_iwdg.o
 .debug_macro   0x0000000000017c17      0x1bf ./Drivers/STM32F1xx_HAL_Driver/Src/stm32f1xx_hal_rcc.o
 .debug_macro   0x0000000000017dd6      0x1ae ./Drivers/STM32F1xx_HAL_Driver/Src/stm32f1xx_hal_tim.o
 .debug_macro   0x0000000000017f84      0x1ad ./Drivers/STM32F1xx_HAL_Driver/Src/stm32f1xx_hal_tim_ex.o
 .debug_macro   0x0000000000018131      0x285 ./OLED/Src/fonts.o
 .debug_macro   0x00000000000183b6      0x310 ./OLED/Src/ssd1306.o
 .debug_macro   0x00000000000186c6      0x362 ./Rojo_BH1750/Src/Rojo_BH1750.o
 .debug_macro   0x0000000000018a28       0x16 ./Rojo_BH1750/Src/Rojo_BH1750.o
 .debug_macro   0x0000000000018a3e       0x16 ./Rojo_BH1750/Src/Rojo_BH1750.o

.debug_line     0x0000000000000000    0x11a85
 .debug_line    0x0000000000000000     0x1627 ./Core/Src/main.o
 .debug_line    0x0000000000001627      0x748 ./Core/Src/stm32f1xx_hal_msp.o
 .debug_line    0x0000000000001d6f      0x7a7 ./Core/Src/stm32f1xx_it.o
 .debug_line    0x0000000000002516      0x4c7 ./Core/Src/sysmem.o
 .debug_line    0x00000000000029dd      0x6eb ./Core/Src/system_stm32f1xx.o
 .debug_line    0x00000000000030c8       0x87 ./Core/Startup/startup_stm32f103c8tx.o
 .debug_line    0x000000000000314f      0x918 ./Drivers/STM32F1xx_HAL_Driver/Src/stm32f1xx_hal.o
 .debug_line    0x0000000000003a67      0xb00 ./Drivers/STM32F1xx_HAL_Driver/Src/stm32f1xx_hal_cortex.o
 .debug_line    0x0000000000004567      0xd71 ./Drivers/STM32F1xx_HAL_Driver/Src/stm32f1xx_hal_dma.o
 .debug_line    0x00000000000052d8      0x9b1 ./Drivers/STM32F1xx_HAL_Driver/Src/stm32f1xx_hal_gpio.o
 .debug_line    0x0000000000005c89     0x3a7e ./Drivers/STM32F1xx_HAL_Driver/Src/stm32f1xx_hal_i2c.o
 .debug_line    0x0000000000009707      0x6e3 ./Drivers/STM32F1xx_HAL_Driver/Src/stm32f1xx_hal_iwdg.o
 .debug_line    0x0000000000009dea      0xd24 ./Drivers/STM32F1xx_HAL_Driver/Src/stm32f1xx_hal_rcc.o
 .debug_line    0x000000000000ab0e     0x33a3 ./Drivers/STM32F1xx_HAL_Driver/Src/stm32f1xx_hal_tim.o
 .debug_line    0x000000000000deb1     0x186e ./Drivers/STM32F1xx_HAL_Driver/Src/stm32f1xx_hal_tim_ex.o
 .debug_line    0x000000000000f71f      0x821 ./OLED/Src/fonts.o
 .debug_line    0x000000000000ff40      0xff5 ./OLED/Src/ssd1306.o
 .debug_line    0x0000000000010f35      0xb50 ./Rojo_BH1750/Src/Rojo_BH1750.o

.debug_str      0x0000000000000000    0x8c819
 .debug_str     0x0000000000000000    0x88f4d ./Core/Src/main.o
                                      0x89524 (size before relaxing)
 .debug_str     0x0000000000088f4d       0xcc ./Core/Src/stm32f1xx_hal_msp.o
                                      0x8447f (size before relaxing)
 .debug_str     0x0000000000089019      0x151 ./Core/Src/stm32f1xx_it.o
                                      0x8417b (size before relaxing)
 .debug_str     0x000000000008916a      0x4da ./Core/Src/sysmem.o
                                       0x5d77 (size before relaxing)
 .debug_str     0x0000000000089644       0x7e ./Core/Src/system_stm32f1xx.o
                                      0x836ae (size before relaxing)
 .debug_str     0x00000000000896c2       0x36 ./Core/Startup/startup_stm32f103c8tx.o
                                         0x79 (size before relaxing)
 .debug_str     0x00000000000896f8      0x38e ./Drivers/STM32F1xx_HAL_Driver/Src/stm32f1xx_hal.o
                                      0x83de1 (size before relaxing)
 .debug_str     0x0000000000089a86      0x23a ./Drivers/STM32F1xx_HAL_Driver/Src/stm32f1xx_hal_cortex.o
                                      0x83d2d (size before relaxing)
 .debug_str     0x0000000000089cc0      0x235 ./Drivers/STM32F1xx_HAL_Driver/Src/stm32f1xx_hal_dma.o
                                      0x83a57 (size before relaxing)
 .debug_str     0x0000000000089ef5      0x2a8 ./Drivers/STM32F1xx_HAL_Driver/Src/stm32f1xx_hal_gpio.o
                                      0x83a34 (size before relaxing)
 .debug_str     0x000000000008a19d      0xb65 ./Drivers/STM32F1xx_HAL_Driver/Src/stm32f1xx_hal_i2c.o
                                      0x84775 (size before relaxing)
 .debug_str     0x000000000008ad02       0xd4 ./Drivers/STM32F1xx_HAL_Driver/Src/stm32f1xx_hal_iwdg.o
                                      0x83770 (size before relaxing)
 .debug_str     0x000000000008add6      0x209 ./Drivers/STM32F1xx_HAL_Driver/Src/stm32f1xx_hal_rcc.o
                                      0x83add (size before relaxing)
 .debug_str     0x000000000008afdf      0xd8a ./Drivers/STM32F1xx_HAL_Driver/Src/stm32f1xx_hal_tim.o
                                      0x84acf (size before relaxing)
 .debug_str     0x000000000008bd69      0x493 ./Drivers/STM32F1xx_HAL_Driver/Src/stm32f1xx_hal_tim_ex.o
                                      0x842eb (size before relaxing)
 .debug_str     0x000000000008c1fc       0x8a ./OLED/Src/fonts.o
                                      0x864f8 (size before relaxing)
 .debug_str     0x000000000008c286      0x478 ./OLED/Src/ssd1306.o
                                      0x86fc5 (size before relaxing)
 .debug_str     0x000000000008c6fe      0x11b ./Rojo_BH1750/Src/Rojo_BH1750.o
                                      0x880ca (size before relaxing)

.comment        0x0000000000000000       0x50
 .comment       0x0000000000000000       0x50 ./Core/Src/main.o
                                         0x51 (size before relaxing)
 .comment       0x0000000000000050       0x51 ./Core/Src/stm32f1xx_hal_msp.o
 .comment       0x0000000000000050       0x51 ./Core/Src/stm32f1xx_it.o
 .comment       0x0000000000000050       0x51 ./Core/Src/sysmem.o
 .comment       0x0000000000000050       0x51 ./Core/Src/system_stm32f1xx.o
 .comment       0x0000000000000050       0x51 ./Drivers/STM32F1xx_HAL_Driver/Src/stm32f1xx_hal.o
 .comment       0x0000000000000050       0x51 ./Drivers/STM32F1xx_HAL_Driver/Src/stm32f1xx_hal_cortex.o
 .comment       0x0000000000000050       0x51 ./Drivers/STM32F1xx_HAL_Driver/Src/stm32f1xx_hal_dma.o
 .comment       0x0000000000000050       0x51 ./Drivers/STM32F1xx_HAL_Driver/Src/stm32f1xx_hal_gpio.o
 .comment       0x0000000000000050       0x51 ./Drivers/STM32F1xx_HAL_Driver/Src/stm32f1xx_hal_i2c.o
 .comment       0x0000000000000050       0x51 ./Drivers/STM32F1xx_HAL_Driver/Src/stm32f1xx_hal_iwdg.o
 .comment       0x0000000000000050       0x51 ./Drivers/STM32F1xx_HAL_Driver/Src/stm32f1xx_hal_rcc.o
 .comment       0x0000000000000050       0x51 ./Drivers/STM32F1xx_HAL_Driver/Src/stm32f1xx_hal_tim.o
 .comment       0x0000000000000050       0x51 ./Drivers/STM32F1xx_HAL_Driver/Src/stm32f1xx_hal_tim_ex.o
 .comment       0x0000000000000050       0x51 ./OLED/Src/fonts.o
 .comment       0x0000000000000050       0x51 ./OLED/Src/ssd1306.o
 .comment       0x0000000000000050       0x51 ./Rojo_BH1750/Src/Rojo_BH1750.o

.debug_frame    0x0000000000000000     0x46c4
 .debug_frame   0x0000000000000000      0x574 ./Core/Src/main.o
 .debug_frame   0x0000000000000574       0xc8 ./Core/Src/stm32f1xx_hal_msp.o
 .debug_frame   0x000000000000063c      0x190 ./Core/Src/stm32f1xx_it.o
 .debug_frame   0x00000000000007cc       0x34 ./Core/Src/sysmem.o
 .debug_frame   0x0000000000000800       0x58 ./Core/Src/system_stm32f1xx.o
 .debug_frame   0x0000000000000858      0x334 ./Drivers/STM32F1xx_HAL_Driver/Src/stm32f1xx_hal.o
 .debug_frame   0x0000000000000b8c      0x428 ./Drivers/STM32F1xx_HAL_Driver/Src/stm32f1xx_hal_cortex.o
 .debug_frame   0x0000000000000fb4      0x208 ./Drivers/STM32F1xx_HAL_Driver/Src/stm32f1xx_hal_dma.o
 .debug_frame   0x00000000000011bc      0x14c ./Drivers/STM32F1xx_HAL_Driver/Src/stm32f1xx_hal_gpio.o
 .debug_frame   0x0000000000001308      0xc84 ./Drivers/STM32F1xx_HAL_Driver/Src/stm32f1xx_hal_i2c.o
 .debug_frame   0x0000000000001f8c       0x5c ./Drivers/STM32F1xx_HAL_Driver/Src/stm32f1xx_hal_iwdg.o
 .debug_frame   0x0000000000001fe8      0x218 ./Drivers/STM32F1xx_HAL_Driver/Src/stm32f1xx_hal_rcc.o
 .debug_frame   0x0000000000002200     0x11bc ./Drivers/STM32F1xx_HAL_Driver/Src/stm32f1xx_hal_tim.o
 .debug_frame   0x00000000000033bc      0x638 ./Drivers/STM32F1xx_HAL_Driver/Src/stm32f1xx_hal_tim_ex.o
 .debug_frame   0x00000000000039f4       0x38 ./OLED/Src/fonts.o
 .debug_frame   0x0000000000003a2c      0x414 ./OLED/Src/ssd1306.o
 .debug_frame   0x0000000000003e40      0x1a8 ./Rojo_BH1750/Src/Rojo_BH1750.o
 .debug_frame   0x0000000000003fe8       0x20 /opt/st/stm32cubeide_1.12.1/plugins/com.st.stm32cube.ide.mcu.externaltools.gnu-tools-for-stm32.10.3-2021.10.linux64_1.0.200.202301161003/tools/bin/../lib/gcc/arm-none-eabi/10.3.1/../../../../arm-none-eabi/lib/thumb/v7-m/nofp/libc_nano.a(lib_a-calloc.o)