Archive member included to satisfy reference by file (symbol)

/opt/st/stm32cubeide_1.11.2/plugins/com.st.stm32cube.ide.mcu.externaltools.gnu-tools-for-stm32.10.3-2021.10.linux64_1.0.100.202210260954/tools/bin/../lib/gcc/arm-none-eabi/10.3.1/../../../../arm-none-eabi/lib/thumb/v7-m/nofp/libc_nano.a(lib_a-errno.o)
                              ./Core/Src/syscalls.o (__errno)
/opt/st/stm32cubeide_1.11.2/plugins/com.st.stm32cube.ide.mcu.externaltools.gnu-tools-for-stm32.10.3-2021.10.linux64_1.0.100.202210260954/tools/bin/../lib/gcc/arm-none-eabi/10.3.1/../../../../arm-none-eabi/lib/thumb/v7-m/nofp/libc_nano.a(lib_a-exit.o)
                              /opt/st/stm32cubeide_1.11.2/plugins/com.st.stm32cube.ide.mcu.externaltools.gnu-tools-for-stm32.10.3-2021.10.linux64_1.0.100.202210260954/tools/bin/../lib/gcc/arm-none-eabi/10.3.1/../../../../arm-none-eabi/lib/thumb/v7-m/nofp/crt0.o (exit)
/opt/st/stm32cubeide_1.11.2/plugins/com.st.stm32cube.ide.mcu.externaltools.gnu-tools-for-stm32.10.3-2021.10.linux64_1.0.100.202210260954/tools/bin/../lib/gcc/arm-none-eabi/10.3.1/../../../../arm-none-eabi/lib/thumb/v7-m/nofp/libc_nano.a(lib_a-impure.o)
                              /opt/st/stm32cubeide_1.11.2/plugins/com.st.stm32cube.ide.mcu.externaltools.gnu-tools-for-stm32.10.3-2021.10.linux64_1.0.100.202210260954/tools/bin/../lib/gcc/arm-none-eabi/10.3.1/../../../../arm-none-eabi/lib/thumb/v7-m/nofp/libc_nano.a(lib_a-exit.o) (_global_impure_ptr)
/opt/st/stm32cubeide_1.11.2/plugins/com.st.stm32cube.ide.mcu.externaltools.gnu-tools-for-stm32.10.3-2021.10.linux64_1.0.100.202210260954/tools/bin/../lib/gcc/arm-none-eabi/10.3.1/../../../../arm-none-eabi/lib/thumb/v7-m/nofp/libc_nano.a(lib_a-init.o)
                              /opt/st/stm32cubeide_1.11.2/plugins/com.st.stm32cube.ide.mcu.externaltools.gnu-tools-for-stm32.10.3-2021.10.linux64_1.0.100.202210260954/tools/bin/../lib/gcc/arm-none-eabi/10.3.1/../../../../arm-none-eabi/lib/thumb/v7-m/nofp/crt0.o (__libc_init_array)
/opt/st/stm32cubeide_1.11.2/plugins/com.st.stm32cube.ide.mcu.externaltools.gnu-tools-for-stm32.10.3-2021.10.linux64_1.0.100.202210260954/tools/bin/../lib/gcc/arm-none-eabi/10.3.1/../../../../arm-none-eabi/lib/thumb/v7-m/nofp/libc_nano.a(lib_a-memset.o)
                              /opt/st/stm32cubeide_1.11.2/plugins/com.st.stm32cube.ide.mcu.externaltools.gnu-tools-for-stm32.10.3-2021.10.linux64_1.0.100.202210260954/tools/bin/../lib/gcc/arm-none-eabi/10.3.1/../../../../arm-none-eabi/lib/thumb/v7-m/nofp/crt0.o (memset)
/opt/st/stm32cubeide_1.11.2/plugins/com.st.stm32cube.ide.mcu.externaltools.gnu-tools-for-stm32.10.3-2021.10.linux64_1.0.100.202210260954/tools/bin/../lib/gcc/arm-none-eabi/10.3.1/../../../../arm-none-eabi/lib/thumb/v7-m/nofp/libc_nano.a(lib_a-sprintf.o)
                              ./Core/Src/main.o (sprintf)
/opt/st/stm32cubeide_1.11.2/plugins/com.st.stm32cube.ide.mcu.externaltools.gnu-tools-for-stm32.10.3-2021.10.linux64_1.0.100.202210260954/tools/bin/../lib/gcc/arm-none-eabi/10.3.1/../../../../arm-none-eabi/lib/thumb/v7-m/nofp/libc_nano.a(lib_a-strlen.o)
                              ./OLED/Src/fonts.o (strlen)
/opt/st/stm32cubeide_1.11.2/plugins/com.st.stm32cube.ide.mcu.externaltools.gnu-tools-for-stm32.10.3-2021.10.linux64_1.0.100.202210260954/tools/bin/../lib/gcc/arm-none-eabi/10.3.1/../../../../arm-none-eabi/lib/thumb/v7-m/nofp/libc_nano.a(lib_a-nano-svfprintf.o)
                              /opt/st/stm32cubeide_1.11.2/plugins/com.st.stm32cube.ide.mcu.externaltools.gnu-tools-for-stm32.10.3-2021.10.linux64_1.0.100.202210260954/tools/bin/../lib/gcc/arm-none-eabi/10.3.1/../../../../arm-none-eabi/lib/thumb/v7-m/nofp/libc_nano.a(lib_a-sprintf.o) (_svfprintf_r)
/opt/st/stm32cubeide_1.11.2/plugins/com.st.stm32cube.ide.mcu.externaltools.gnu-tools-for-stm32.10.3-2021.10.linux64_1.0.100.202210260954/tools/bin/../lib/gcc/arm-none-eabi/10.3.1/../../../../arm-none-eabi/lib/thumb/v7-m/nofp/libc_nano.a(lib_a-nano-vfprintf_i.o)
                              /opt/st/stm32cubeide_1.11.2/plugins/com.st.stm32cube.ide.mcu.externaltools.gnu-tools-for-stm32.10.3-2021.10.linux64_1.0.100.202210260954/tools/bin/../lib/gcc/arm-none-eabi/10.3.1/../../../../arm-none-eabi/lib/thumb/v7-m/nofp/libc_nano.a(lib_a-nano-svfprintf.o) (_printf_i)
/opt/st/stm32cubeide_1.11.2/plugins/com.st.stm32cube.ide.mcu.externaltools.gnu-tools-for-stm32.10.3-2021.10.linux64_1.0.100.202210260954/tools/bin/../lib/gcc/arm-none-eabi/10.3.1/../../../../arm-none-eabi/lib/thumb/v7-m/nofp/libc_nano.a(lib_a-memchr-stub.o)
                              /opt/st/stm32cubeide_1.11.2/plugins/com.st.stm32cube.ide.mcu.externaltools.gnu-tools-for-stm32.10.3-2021.10.linux64_1.0.100.202210260954/tools/bin/../lib/gcc/arm-none-eabi/10.3.1/../../../../arm-none-eabi/lib/thumb/v7-m/nofp/libc_nano.a(lib_a-nano-svfprintf.o) (memchr)
[...]
Memory Configuration

Name             Origin             Length             Attributes
RAM              0x0000000020000000 0x0000000000005000 xrw
FLASH            0x0000000008000000 0x0000000000010000 xr
*default*        0x0000000000000000 0xffffffffffffffff

Linker script and memory map

LOAD /opt/st/stm32cubeide_1.11.2/plugins/com.st.stm32cube.ide.mcu.externaltools.gnu-tools-for-stm32.10.3-2021.10.linux64_1.0.100.202210260954/tools/bin/../lib/gcc/arm-none-eabi/10.3.1/thumb/v7-m/nofp/crti.o
LOAD /opt/st/stm32cubeide_1.11.2/plugins/com.st.stm32cube.ide.mcu.externaltools.gnu-tools-for-stm32.10.3-2021.10.linux64_1.0.100.202210260954/tools/bin/../lib/gcc/arm-none-eabi/10.3.1/thumb/v7-m/nofp/crtbegin.o
LOAD /opt/st/stm32cubeide_1.11.2/plugins/com.st.stm32cube.ide.mcu.externaltools.gnu-tools-for-stm32.10.3-2021.10.linux64_1.0.100.202210260954/tools/bin/../lib/gcc/arm-none-eabi/10.3.1/../../../../arm-none-eabi/lib/thumb/v7-m/nofp/crt0.o
LOAD ./Core/Src/main.o
LOAD ./Core/Src/stm32f1xx_hal_msp.o
LOAD ./Core/Src/stm32f1xx_it.o
LOAD ./Core/Src/syscalls.o
LOAD ./Core/Src/sysmem.o
LOAD ./Core/Src/system_stm32f1xx.o
LOAD ./Core/Startup/startup_stm32f103c8tx.o
LOAD ./Drivers/STM32F1xx_HAL_Driver/Src/stm32f1xx_hal.o
LOAD ./Drivers/STM32F1xx_HAL_Driver/Src/stm32f1xx_hal_cortex.o
LOAD ./Drivers/STM32F1xx_HAL_Driver/Src/stm32f1xx_hal_dma.o
LOAD ./Drivers/STM32F1xx_HAL_Driver/Src/stm32f1xx_hal_exti.o
LOAD ./Drivers/STM32F1xx_HAL_Driver/Src/stm32f1xx_hal_flash.o
LOAD ./Drivers/STM32F1xx_HAL_Driver/Src/stm32f1xx_hal_flash_ex.o
LOAD ./Drivers/STM32F1xx_HAL_Driver/Src/stm32f1xx_hal_gpio.o
LOAD ./Drivers/STM32F1xx_HAL_Driver/Src/stm32f1xx_hal_gpio_ex.o
LOAD ./Drivers/STM32F1xx_HAL_Driver/Src/stm32f1xx_hal_i2c.o
LOAD ./Drivers/STM32F1xx_HAL_Driver/Src/stm32f1xx_hal_iwdg.o
LOAD ./Drivers/STM32F1xx_HAL_Driver/Src/stm32f1xx_hal_pwr.o
LOAD ./Drivers/STM32F1xx_HAL_Driver/Src/stm32f1xx_hal_rcc.o
LOAD ./Drivers/STM32F1xx_HAL_Driver/Src/stm32f1xx_hal_rcc_ex.o
LOAD ./Drivers/STM32F1xx_HAL_Driver/Src/stm32f1xx_hal_tim.o
LOAD ./Drivers/STM32F1xx_HAL_Driver/Src/stm32f1xx_hal_tim_ex.o
LOAD ./OLED/Src/fonts.o
LOAD ./OLED/Src/ssd1306.o
LOAD ./Rojo_BH1750/Src/Rojo_BH1750.o
START GROUP
LOAD /opt/st/stm32cubeide_1.11.2/plugins/com.st.stm32cube.ide.mcu.externaltools.gnu-tools-for-stm32.10.3-2021.10.linux64_1.0.100.202210260954/tools/bin/../lib/gcc/arm-none-eabi/10.3.1/../../../../arm-none-eabi/lib/thumb/v7-m/nofp/libc_nano.a
LOAD /opt/st/stm32cubeide_1.11.2/plugins/com.st.stm32cube.ide.mcu.externaltools.gnu-tools-for-stm32.10.3-2021.10.linux64_1.0.100.202210260954/tools/bin/../lib/gcc/arm-none-eabi/10.3.1/../../../../arm-none-eabi/lib/thumb/v7-m/nofp/libm.a
END GROUP
START GROUP
LOAD /opt/st/stm32cubeide_1.11.2/plugins/com.st.stm32cube.ide.mcu.externaltools.gnu-tools-for-stm32.10.3-2021.10.linux64_1.0.100.202210260954/tools/bin/../lib/gcc/arm-none-eabi/10.3.1/thumb/v7-m/nofp/libgcc.a
LOAD /opt/st/stm32cubeide_1.11.2/plugins/com.st.stm32cube.ide.mcu.externaltools.gnu-tools-for-stm32.10.3-2021.10.linux64_1.0.100.202210260954/tools/bin/../lib/gcc/arm-none-eabi/10.3.1/../../../../arm-none-eabi/lib/thumb/v7-m/nofp/libc_nano.a
END GROUP
START GROUP
LOAD /opt/st/stm32cubeide_1.11.2/plugins/com.st.stm32cube.ide.mcu.externaltools.gnu-tools-for-stm32.10.3-2021.10.linux64_1.0.100.202210260954/tools/bin/../lib/gcc/arm-none-eabi/10.3.1/thumb/v7-m/nofp/libgcc.a
LOAD /opt/st/stm32cubeide_1.11.2/plugins/com.st.stm32cube.ide.mcu.externaltools.gnu-tools-for-stm32.10.3-2021.10.linux64_1.0.100.202210260954/tools/bin/../lib/gcc/arm-none-eabi/10.3.1/../../../../arm-none-eabi/lib/thumb/v7-m/nofp/libc_nano.a
LOAD /opt/st/stm32cubeide_1.11.2/plugins/com.st.stm32cube.ide.mcu.externaltools.gnu-tools-for-stm32.10.3-2021.10.linux64_1.0.100.202210260954/tools/bin/../lib/gcc/arm-none-eabi/10.3.1/../../../../arm-none-eabi/lib/thumb/v7-m/nofp/libnosys.a
END GROUP
START GROUP
LOAD /opt/st/stm32cubeide_1.11.2/plugins/com.st.stm32cube.ide.mcu.externaltools.gnu-tools-for-stm32.10.3-2021.10.linux64_1.0.100.202210260954/tools/bin/../lib/gcc/arm-none-eabi/10.3.1/thumb/v7-m/nofp/libgcc.a
LOAD /opt/st/stm32cubeide_1.11.2/plugins/com.st.stm32cube.ide.mcu.externaltools.gnu-tools-for-stm32.10.3-2021.10.linux64_1.0.100.202210260954/tools/bin/../lib/gcc/arm-none-eabi/10.3.1/../../../../arm-none-eabi/lib/thumb/v7-m/nofp/libc_nano.a
LOAD /opt/st/stm32cubeide_1.11.2/plugins/com.st.stm32cube.ide.mcu.externaltools.gnu-tools-for-stm32.10.3-2021.10.linux64_1.0.100.202210260954/tools/bin/../lib/gcc/arm-none-eabi/10.3.1/../../../../arm-none-eabi/lib/thumb/v7-m/nofp/libnosys.a
END GROUP
LOAD /opt/st/stm32cubeide_1.11.2/plugins/com.st.stm32cube.ide.mcu.externaltools.gnu-tools-for-stm32.10.3-2021.10.linux64_1.0.100.202210260954/tools/bin/../lib/gcc/arm-none-eabi/10.3.1/thumb/v7-m/nofp/crtend.o
LOAD /opt/st/stm32cubeide_1.11.2/plugins/com.st.stm32cube.ide.mcu.externaltools.gnu-tools-for-stm32.10.3-2021.10.linux64_1.0.100.202210260954/tools/bin/../lib/gcc/arm-none-eabi/10.3.1/thumb/v7-m/nofp/crtn.o
                0x0000000020005000                _estack = (ORIGIN (RAM) + LENGTH (RAM))
                0x0000000000000200                _Min_Heap_Size = 0x200
                0x0000000000000400                _Min_Stack_Size = 0x400

.isr_vector     0x0000000008000000      0x10c
                0x0000000008000000                . = ALIGN (0x4)
 *(.isr_vector)
 .isr_vector    0x0000000008000000      0x10c ./Core/Startup/startup_stm32f103c8tx.o
                0x0000000008000000                g_pfnVectors
                0x000000000800010c                . = ALIGN (0x4)

.text           0x000000000800010c     0x75ec
                0x000000000800010c                . = ALIGN (0x4)
 *(.text)
 .text          0x000000000800010c       0x40 /opt/st/stm32cubeide_1.11.2/plugins/com.st.stm32cube.ide.mcu.externaltools.gnu-tools-for-stm32.10.3-2021.10.linux64_1.0.100.202210260954/tools/bin/../lib/gcc/arm-none-eabi/10.3.1/thumb/v7-m/nofp/crtbegin.o
 .text          0x000000000800014c      0x168 /opt/st/stm32cubeide_1.11.2/plugins/com.st.stm32cube.ide.mcu.externaltools.gnu-tools-for-stm32.10.3-2021.10.linux64_1.0.100.202210260954/tools/bin/../lib/gcc/arm-none-eabi/10.3.1/thumb/v7-m/nofp/libgcc.a(_arm_mulsf3.o)
                0x000000000800014c                __mulsf3
                0x000000000800014c                __aeabi_fmul
 .text          0x00000000080002b4      0x378 /opt/st/stm32cubeide_1.11.2/plugins/com.st.stm32cube.ide.mcu.externaltools.gnu-tools-for-stm32.10.3-2021.10.linux64_1.0.100.202210260954/tools/bin/../lib/gcc/arm-none-eabi/10.3.1/thumb/v7-m/nofp/libgcc.a(_arm_addsubdf3.o)
                0x00000000080002b4                __aeabi_drsub
                0x00000000080002bc                __aeabi_dsub
                0x00000000080002bc                __subdf3
                0x00000000080002c0                __adddf3
                0x00000000080002c0                __aeabi_dadd
                0x0000000008000538                __aeabi_ui2d
                0x0000000008000538                __floatunsidf
                0x0000000008000558                __floatsidf
                0x0000000008000558                __aeabi_i2d
                0x000000000800057c                __extendsfdf2
                0x000000000800057c                __aeabi_f2d
                0x00000000080005c0                __aeabi_ul2d
                0x00000000080005c0                __floatundidf
                0x00000000080005d0                __floatdidf
                0x00000000080005d0                __aeabi_l2d
 .text          0x000000000800062c      0x424 /opt/st/stm32cubeide_1.11.2/plugins/com.st.stm32cube.ide.mcu.externaltools.gnu-tools-for-stm32.10.3-2021.10.linux64_1.0.100.202210260954/tools/bin/../lib/gcc/arm-none-eabi/10.3.1/thumb/v7-m/nofp/libgcc.a(_arm_muldivdf3.o)
                0x000000000800062c                __aeabi_dmul
                0x000000000800062c                __muldf3
                0x0000000008000880                __aeabi_ddiv
                0x0000000008000880                __divdf3
 .text          0x0000000008000a50       0x40 /opt/st/stm32cubeide_1.11.2/plugins/com.st.stm32cube.ide.mcu.externaltools.gnu-tools-for-stm32.10.3-2021.10.linux64_1.0.100.202210260954/tools/bin/../lib/gcc/arm-none-eabi/10.3.1/thumb/v7-m/nofp/libgcc.a(_arm_fixunsdfsi.o)
                0x0000000008000a50                __fixunsdfsi
                0x0000000008000a50                __aeabi_d2uiz
 .text          0x0000000008000a90       0xa0 /opt/st/stm32cubeide_1.11.2/plugins/com.st.stm32cube.ide.mcu.externaltools.gnu-tools-for-stm32.10.3-2021.10.linux64_1.0.100.202210260954/tools/bin/../lib/gcc/arm-none-eabi/10.3.1/thumb/v7-m/nofp/libgcc.a(_arm_truncdfsf2.o)
                0x0000000008000a90                __aeabi_d2f
                0x0000000008000a90                __truncdfsf2
 .text          0x0000000008000b30      0x21c /opt/st/stm32cubeide_1.11.2/plugins/com.st.stm32cube.ide.mcu.externaltools.gnu-tools-for-stm32.10.3-2021.10.linux64_1.0.100.202210260954/tools/bin/../lib/gcc/arm-none-eabi/10.3.1/thumb/v7-m/nofp/libgcc.a(_arm_addsubsf3.o)
                0x0000000008000b30                __aeabi_frsub
                0x0000000008000b38                __subsf3
                0x0000000008000b38                __aeabi_fsub
                0x0000000008000b3c                __aeabi_fadd
                0x0000000008000b3c                __addsf3
                0x0000000008000c9c                __aeabi_ui2f
                0x0000000008000c9c                __floatunsisf
                0x0000000008000ca4                __aeabi_i2f
                0x0000000008000ca4                __floatsisf
                0x0000000008000cc0                __floatundisf
                0x0000000008000cc0                __aeabi_ul2f
                0x0000000008000cd0                __floatdisf
                0x0000000008000cd0                __aeabi_l2f
 .text          0x0000000008000d4c       0x40 /opt/st/stm32cubeide_1.11.2/plugins/com.st.stm32cube.ide.mcu.externaltools.gnu-tools-for-stm32.10.3-2021.10.linux64_1.0.100.202210260954/tools/bin/../lib/gcc/arm-none-eabi/10.3.1/thumb/v7-m/nofp/libgcc.a(_arm_fixunssfsi.o)
                0x0000000008000d4c                __aeabi_f2uiz
                0x0000000008000d4c                __fixunssfsi
 *(.text*)
 .text.__NVIC_SystemReset
                0x0000000008000d8c       0x2c ./Core/Src/main.o
 .text.main     0x0000000008000db8      0x1e8 ./Core/Src/main.o
                0x0000000008000db8                main
 .text.Continous_mode
                0x0000000008000fa0       0x90 ./Core/Src/main.o
                0x0000000008000fa0                Continous_mode
 .text.Hold_mode
                0x0000000008001030       0x84 ./Core/Src/main.o
                0x0000000008001030                Hold_mode
 .text.Plot_mode
                0x00000000080010b4      0x5c8 ./Core/Src/main.o
                0x00000000080010b4                Plot_mode
 .text.Print_OkToContinue
                0x000000000800167c      0x128 ./Core/Src/main.o
                0x000000000800167c                Print_OkToContinue
 .text.Reset_sensor_mode
                0x00000000080017a4       0xb4 ./Core/Src/main.o
                0x00000000080017a4                Reset_sensor_mode
 .text.MenuGUI  0x0000000008001858      0x30c ./Core/Src/main.o
                0x0000000008001858                MenuGUI
 .text.Select_animation
                0x0000000008001b64       0x64 ./Core/Src/main.o
                0x0000000008001b64                Select_animation
 .text.Fatal_Error_EEPROM
                0x0000000008001bc8       0x68 ./Core/Src/main.o
                0x0000000008001bc8                Fatal_Error_EEPROM
 .text.Fatal_Error_BH1750
                0x0000000008001c30       0x68 ./Core/Src/main.o
                0x0000000008001c30                Fatal_Error_BH1750
 .text.NoConnected_BH1750
                0x0000000008001c98       0x80 ./Core/Src/main.o
                0x0000000008001c98                NoConnected_BH1750
 .text.Print_Measure
                0x0000000008001d18       0xe8 ./Core/Src/main.o
                0x0000000008001d18                Print_Measure
 .text.wait_until_press
                0x0000000008001e00       0x48 ./Core/Src/main.o
                0x0000000008001e00                wait_until_press
 .text.Timer_Delay_250ms
                0x0000000008001e48       0x1e ./Core/Src/main.o
                0x0000000008001e48                Timer_Delay_250ms
 *fill*         0x0000000008001e66        0x2 
 .text.Timer_Delay_at_274PSC
                0x0000000008001e68       0x70 ./Core/Src/main.o
                0x0000000008001e68                Timer_Delay_at_274PSC
 .text.MCU_Reset_Subrutine
                0x0000000008001ed8       0x30 ./Core/Src/main.o
                0x0000000008001ed8                MCU_Reset_Subrutine
 .text.SensorRead
                0x0000000008001f08       0x34 ./Core/Src/main.o
                0x0000000008001f08                SensorRead
 .text.CharsNumberFromInt
                0x0000000008001f3c       0x48 ./Core/Src/main.o
                0x0000000008001f3c                CharsNumberFromInt
 .text.Configs_init
                0x0000000008001f84       0x28 ./Core/Src/main.o
                0x0000000008001f84                Configs_init
 .text.Flash_configs
                0x0000000008001fac        0xc ./Core/Src/main.o
                0x0000000008001fac                Flash_configs
 .text.HAL_GPIO_EXTI_Callback
                0x0000000008001fb8       0x3c ./Core/Src/main.o
                0x0000000008001fb8                HAL_GPIO_EXTI_Callback
 .text.HAL_TIM_PeriodElapsedCallback
                0x0000000008001ff4       0x1c ./Core/Src/main.o
                0x0000000008001ff4                HAL_TIM_PeriodElapsedCallback
 .text.HAL_I2C_ErrorCallback
                0x0000000008002010       0x12 ./Core/Src/main.o
                0x0000000008002010                HAL_I2C_ErrorCallback
 .text.SystemClock_Config
                0x0000000008002022       0x8e ./Core/Src/main.o
                0x0000000008002022                SystemClock_Config
 .text.MX_I2C1_Init
                0x00000000080020b0       0x5c ./Core/Src/main.o
 .text.MX_I2C2_Init
                0x000000000800210c       0x5c ./Core/Src/main.o
 .text.MX_IWDG_Init
                0x0000000008002168       0x34 ./Core/Src/main.o
 .text.MX_TIM3_Init
                0x000000000800219c       0x9c ./Core/Src/main.o
 .text.MX_TIM4_Init
                0x0000000008002238       0x9c ./Core/Src/main.o
 .text.MX_GPIO_Init
                0x00000000080022d4      0x10c ./Core/Src/main.o
 .text.Error_Handler
                0x00000000080023e0        0xa ./Core/Src/main.o
                0x00000000080023e0                Error_Handler
 *fill*         0x00000000080023ea        0x2 
 .text.HAL_MspInit
                0x00000000080023ec       0x64 ./Core/Src/stm32f1xx_hal_msp.o
                0x00000000080023ec                HAL_MspInit
 .text.HAL_I2C_MspInit
                0x0000000008002450      0x118 ./Core/Src/stm32f1xx_hal_msp.o
                0x0000000008002450                HAL_I2C_MspInit
 .text.HAL_TIM_Base_MspInit
                0x0000000008002568       0x74 ./Core/Src/stm32f1xx_hal_msp.o
                0x0000000008002568                HAL_TIM_Base_MspInit
 .text.NMI_Handler
                0x00000000080025dc        0x6 ./Core/Src/stm32f1xx_it.o
                0x00000000080025dc                NMI_Handler
 .text.HardFault_Handler
                0x00000000080025e2        0x6 ./Core/Src/stm32f1xx_it.o
                0x00000000080025e2                HardFault_Handler
 .text.MemManage_Handler
                0x00000000080025e8        0x6 ./Core/Src/stm32f1xx_it.o
                0x00000000080025e8                MemManage_Handler
 .text.BusFault_Handler
                0x00000000080025ee        0x6 ./Core/Src/stm32f1xx_it.o
                0x00000000080025ee                BusFault_Handler
 .text.UsageFault_Handler
                0x00000000080025f4        0x6 ./Core/Src/stm32f1xx_it.o
                0x00000000080025f4                UsageFault_Handler
 .text.SVC_Handler
                0x00000000080025fa        0xc ./Core/Src/stm32f1xx_it.o
                0x00000000080025fa                SVC_Handler
 .text.DebugMon_Handler
                0x0000000008002606        0xc ./Core/Src/stm32f1xx_it.o
                0x0000000008002606                DebugMon_Handler
 .text.PendSV_Handler
                0x0000000008002612        0xc ./Core/Src/stm32f1xx_it.o
                0x0000000008002612                PendSV_Handler
 .text.SysTick_Handler
                0x000000000800261e        0xc ./Core/Src/stm32f1xx_it.o
                0x000000000800261e                SysTick_Handler
 .text.EXTI0_IRQHandler
                0x000000000800262a        0xe ./Core/Src/stm32f1xx_it.o
                0x000000000800262a                EXTI0_IRQHandler
 .text.EXTI1_IRQHandler
                0x0000000008002638        0xe ./Core/Src/stm32f1xx_it.o
                0x0000000008002638                EXTI1_IRQHandler
 *fill*         0x0000000008002646        0x2 
 .text.TIM3_IRQHandler
                0x0000000008002648       0x14 ./Core/Src/stm32f1xx_it.o
                0x0000000008002648                TIM3_IRQHandler
 .text.I2C1_ER_IRQHandler
                0x000000000800265c       0x14 ./Core/Src/stm32f1xx_it.o
                0x000000000800265c                I2C1_ER_IRQHandler
 .text.I2C2_ER_IRQHandler
                0x0000000008002670       0x14 ./Core/Src/stm32f1xx_it.o
                0x0000000008002670                I2C2_ER_IRQHandler
 .text._sbrk    0x0000000008002684       0x6c ./Core/Src/sysmem.o
                0x0000000008002684                _sbrk
 .text.SystemInit
                0x00000000080026f0        0xc ./Core/Src/system_stm32f1xx.o
                0x00000000080026f0                SystemInit
 .text.Reset_Handler
                0x00000000080026fc       0x48 ./Core/Startup/startup_stm32f103c8tx.o
                0x00000000080026fc                Reset_Handler
 .text.Default_Handler
                0x0000000008002744        0x2 ./Core/Startup/startup_stm32f103c8tx.o
                0x0000000008002744                RTC_Alarm_IRQHandler
                0x0000000008002744                EXTI2_IRQHandler
                0x0000000008002744                TIM1_CC_IRQHandler
                0x0000000008002744                PVD_IRQHandler
                0x0000000008002744                EXTI3_IRQHandler
                0x0000000008002744                I2C2_EV_IRQHandler
                0x0000000008002744                ADC1_2_IRQHandler
                0x0000000008002744                SPI1_IRQHandler
                0x0000000008002744                TAMPER_IRQHandler
                0x0000000008002744                DMA1_Channel4_IRQHandler
                0x0000000008002744                USART3_IRQHandler
                0x0000000008002744                RTC_IRQHandler
                0x0000000008002744                DMA1_Channel7_IRQHandler
                0x0000000008002744                CAN1_RX1_IRQHandler
                0x0000000008002744                TIM4_IRQHandler
                0x0000000008002744                I2C1_EV_IRQHandler
                0x0000000008002744                DMA1_Channel6_IRQHandler
                0x0000000008002744                RCC_IRQHandler
                0x0000000008002744                TIM1_TRG_COM_IRQHandler
                0x0000000008002744                DMA1_Channel1_IRQHandler
                0x0000000008002744                Default_Handler
                0x0000000008002744                EXTI15_10_IRQHandler
                0x0000000008002744                EXTI9_5_IRQHandler
                0x0000000008002744                SPI2_IRQHandler
                0x0000000008002744                DMA1_Channel5_IRQHandler
                0x0000000008002744                EXTI4_IRQHandler
                0x0000000008002744                USB_LP_CAN1_RX0_IRQHandler
                0x0000000008002744                USB_HP_CAN1_TX_IRQHandler
                0x0000000008002744                DMA1_Channel3_IRQHandler
                0x0000000008002744                TIM1_UP_IRQHandler
                0x0000000008002744                WWDG_IRQHandler
                0x0000000008002744                TIM2_IRQHandler
                0x0000000008002744                TIM1_BRK_IRQHandler
                0x0000000008002744                USART2_IRQHandler
                0x0000000008002744                DMA1_Channel2_IRQHandler
                0x0000000008002744                CAN1_SCE_IRQHandler
                0x0000000008002744                FLASH_IRQHandler
                0x0000000008002744                USART1_IRQHandler
                0x0000000008002744                USBWakeUp_IRQHandler
 *fill*         0x0000000008002746        0x2 
 .text.HAL_Init
                0x0000000008002748       0x2c ./Drivers/STM32F1xx_HAL_Driver/Src/stm32f1xx_hal.o
                0x0000000008002748                HAL_Init
 .text.HAL_InitTick
                0x0000000008002774       0x60 ./Drivers/STM32F1xx_HAL_Driver/Src/stm32f1xx_hal.o
                0x0000000008002774                HAL_InitTick
 .text.HAL_IncTick
                0x00000000080027d4       0x24 ./Drivers/STM32F1xx_HAL_Driver/Src/stm32f1xx_hal.o
                0x00000000080027d4                HAL_IncTick
 .text.HAL_GetTick
                0x00000000080027f8       0x14 ./Drivers/STM32F1xx_HAL_Driver/Src/stm32f1xx_hal.o
                0x00000000080027f8                HAL_GetTick
 .text.HAL_Delay
                0x000000000800280c       0x48 ./Drivers/STM32F1xx_HAL_Driver/Src/stm32f1xx_hal.o
                0x000000000800280c                HAL_Delay
 .text.__NVIC_SetPriorityGrouping
                0x0000000008002854       0x48 ./Drivers/STM32F1xx_HAL_Driver/Src/stm32f1xx_hal_cortex.o
 .text.__NVIC_GetPriorityGrouping
                0x000000000800289c       0x1c ./Drivers/STM32F1xx_HAL_Driver/Src/stm32f1xx_hal_cortex.o
 .text.__NVIC_EnableIRQ
                0x00000000080028b8       0x38 ./Drivers/STM32F1xx_HAL_Driver/Src/stm32f1xx_hal_cortex.o
 .text.__NVIC_SetPriority
                0x00000000080028f0       0x54 ./Drivers/STM32F1xx_HAL_Driver/Src/stm32f1xx_hal_cortex.o
 .text.NVIC_EncodePriority
                0x0000000008002944       0x64 ./Drivers/STM32F1xx_HAL_Driver/Src/stm32f1xx_hal_cortex.o
 .text.SysTick_Config
                0x00000000080029a8       0x44 ./Drivers/STM32F1xx_HAL_Driver/Src/stm32f1xx_hal_cortex.o
 .text.HAL_NVIC_SetPriorityGrouping
                0x00000000080029ec       0x16 ./Drivers/STM32F1xx_HAL_Driver/Src/stm32f1xx_hal_cortex.o
                0x00000000080029ec                HAL_NVIC_SetPriorityGrouping
 .text.HAL_NVIC_SetPriority
                0x0000000008002a02       0x38 ./Drivers/STM32F1xx_HAL_Driver/Src/stm32f1xx_hal_cortex.o
                0x0000000008002a02                HAL_NVIC_SetPriority
 .text.HAL_NVIC_EnableIRQ
                0x0000000008002a3a       0x1c ./Drivers/STM32F1xx_HAL_Driver/Src/stm32f1xx_hal_cortex.o
                0x0000000008002a3a                HAL_NVIC_EnableIRQ
 .text.HAL_SYSTICK_Config
                0x0000000008002a56       0x18 ./Drivers/STM32F1xx_HAL_Driver/Src/stm32f1xx_hal_cortex.o
                0x0000000008002a56                HAL_SYSTICK_Config
 *fill*         0x0000000008002a6e        0x2 
 .text.HAL_DMA_Abort_IT
                0x0000000008002a70       0xec ./Drivers/STM32F1xx_HAL_Driver/Src/stm32f1xx_hal_dma.o
                0x0000000008002a70                HAL_DMA_Abort_IT
 .text.HAL_GPIO_Init
                0x0000000008002b5c      0x308 ./Drivers/STM32F1xx_HAL_Driver/Src/stm32f1xx_hal_gpio.o
                0x0000000008002b5c                HAL_GPIO_Init
 .text.HAL_GPIO_WritePin
                0x0000000008002e64       0x30 ./Drivers/STM32F1xx_HAL_Driver/Src/stm32f1xx_hal_gpio.o
                0x0000000008002e64                HAL_GPIO_WritePin
 .text.HAL_GPIO_EXTI_IRQHandler
                0x0000000008002e94       0x30 ./Drivers/STM32F1xx_HAL_Driver/Src/stm32f1xx_hal_gpio.o
                0x0000000008002e94                HAL_GPIO_EXTI_IRQHandler
 .text.HAL_I2C_Init
                0x0000000008002ec4      0x288 ./Drivers/STM32F1xx_HAL_Driver/Src/stm32f1xx_hal_i2c.o
                0x0000000008002ec4                HAL_I2C_Init
 .text.HAL_I2C_Master_Transmit
                0x000000000800314c      0x1fc ./Drivers/STM32F1xx_HAL_Driver/Src/stm32f1xx_hal_i2c.o
                0x000000000800314c                HAL_I2C_Master_Transmit
 .text.HAL_I2C_Master_Receive
                0x0000000008003348      0x4c0 ./Drivers/STM32F1xx_HAL_Driver/Src/stm32f1xx_hal_i2c.o
                0x0000000008003348                HAL_I2C_Master_Receive
 .text.HAL_I2C_Mem_Write
                0x0000000008003808      0x1f4 ./Drivers/STM32F1xx_HAL_Driver/Src/stm32f1xx_hal_i2c.o
                0x0000000008003808                HAL_I2C_Mem_Write
 .text.HAL_I2C_Mem_Read
                0x00000000080039fc      0x4d0 ./Drivers/STM32F1xx_HAL_Driver/Src/stm32f1xx_hal_i2c.o
                0x00000000080039fc                HAL_I2C_Mem_Read
 .text.HAL_I2C_IsDeviceReady
                0x0000000008003ecc      0x25c ./Drivers/STM32F1xx_HAL_Driver/Src/stm32f1xx_hal_i2c.o
                0x0000000008003ecc                HAL_I2C_IsDeviceReady
 .text.HAL_I2C_ER_IRQHandler
                0x0000000008004128      0x15e ./Drivers/STM32F1xx_HAL_Driver/Src/stm32f1xx_hal_i2c.o
                0x0000000008004128                HAL_I2C_ER_IRQHandler
 .text.HAL_I2C_SlaveTxCpltCallback
                0x0000000008004286       0x12 ./Drivers/STM32F1xx_HAL_Driver/Src/stm32f1xx_hal_i2c.o
                0x0000000008004286                HAL_I2C_SlaveTxCpltCallback
 .text.HAL_I2C_ListenCpltCallback
                0x0000000008004298       0x12 ./Drivers/STM32F1xx_HAL_Driver/Src/stm32f1xx_hal_i2c.o
                0x0000000008004298                HAL_I2C_ListenCpltCallback
 .text.HAL_I2C_AbortCpltCallback
                0x00000000080042aa       0x12 ./Drivers/STM32F1xx_HAL_Driver/Src/stm32f1xx_hal_i2c.o
                0x00000000080042aa                HAL_I2C_AbortCpltCallback
 .text.I2C_Slave_AF
                0x00000000080042bc       0xe0 ./Drivers/STM32F1xx_HAL_Driver/Src/stm32f1xx_hal_i2c.o
 .text.I2C_ITError
                0x000000000800439c      0x264 ./Drivers/STM32F1xx_HAL_Driver/Src/stm32f1xx_hal_i2c.o
 .text.I2C_MasterRequestWrite
                0x0000000008004600      0x104 ./Drivers/STM32F1xx_HAL_Driver/Src/stm32f1xx_hal_i2c.o
 .text.I2C_MasterRequestRead
                0x0000000008004704      0x19c ./Drivers/STM32F1xx_HAL_Driver/Src/stm32f1xx_hal_i2c.o
 .text.I2C_RequestMemoryWrite
                0x00000000080048a0      0x12c ./Drivers/STM32F1xx_HAL_Driver/Src/stm32f1xx_hal_i2c.o
 .text.I2C_RequestMemoryRead
                0x00000000080049cc      0x1d0 ./Drivers/STM32F1xx_HAL_Driver/Src/stm32f1xx_hal_i2c.o
 .text.I2C_DMAAbort
                0x0000000008004b9c      0x150 ./Drivers/STM32F1xx_HAL_Driver/Src/stm32f1xx_hal_i2c.o
 .text.I2C_WaitOnFlagUntilTimeout
                0x0000000008004cec       0xae ./Drivers/STM32F1xx_HAL_Driver/Src/stm32f1xx_hal_i2c.o
 .text.I2C_WaitOnMasterAddressFlagUntilTimeout
                0x0000000008004d9a       0xfe ./Drivers/STM32F1xx_HAL_Driver/Src/stm32f1xx_hal_i2c.o
 .text.I2C_WaitOnTXEFlagUntilTimeout
                0x0000000008004e98       0x82 ./Drivers/STM32F1xx_HAL_Driver/Src/stm32f1xx_hal_i2c.o
 .text.I2C_WaitOnBTFFlagUntilTimeout
                0x0000000008004f1a       0x82 ./Drivers/STM32F1xx_HAL_Driver/Src/stm32f1xx_hal_i2c.o
 .text.I2C_WaitOnRXNEFlagUntilTimeout
                0x0000000008004f9c       0xac ./Drivers/STM32F1xx_HAL_Driver/Src/stm32f1xx_hal_i2c.o
 .text.I2C_IsAcknowledgeFailed
                0x0000000008005048       0x5c ./Drivers/STM32F1xx_HAL_Driver/Src/stm32f1xx_hal_i2c.o
 .text.HAL_IWDG_Init
                0x00000000080050a4       0x84 ./Drivers/STM32F1xx_HAL_Driver/Src/stm32f1xx_hal_iwdg.o
                0x00000000080050a4                HAL_IWDG_Init
 .text.HAL_IWDG_Refresh
                0x0000000008005128       0x1e ./Drivers/STM32F1xx_HAL_Driver/Src/stm32f1xx_hal_iwdg.o
                0x0000000008005128                HAL_IWDG_Refresh
 *fill*         0x0000000008005146        0x2 
 .text.HAL_RCC_OscConfig
                0x0000000008005148      0x504 ./Drivers/STM32F1xx_HAL_Driver/Src/stm32f1xx_hal_rcc.o
                0x0000000008005148                HAL_RCC_OscConfig
 .text.HAL_RCC_ClockConfig
                0x000000000800564c      0x1d4 ./Drivers/STM32F1xx_HAL_Driver/Src/stm32f1xx_hal_rcc.o
                0x000000000800564c                HAL_RCC_ClockConfig
 .text.HAL_RCC_GetSysClockFreq
                0x0000000008005820       0xbc ./Drivers/STM32F1xx_HAL_Driver/Src/stm32f1xx_hal_rcc.o
                0x0000000008005820                HAL_RCC_GetSysClockFreq
 .text.HAL_RCC_GetHCLKFreq
                0x00000000080058dc       0x14 ./Drivers/STM32F1xx_HAL_Driver/Src/stm32f1xx_hal_rcc.o
                0x00000000080058dc                HAL_RCC_GetHCLKFreq
 .text.HAL_RCC_GetPCLK1Freq
                0x00000000080058f0       0x28 ./Drivers/STM32F1xx_HAL_Driver/Src/stm32f1xx_hal_rcc.o
                0x00000000080058f0                HAL_RCC_GetPCLK1Freq
 .text.RCC_Delay
                0x0000000008005918       0x3c ./Drivers/STM32F1xx_HAL_Driver/Src/stm32f1xx_hal_rcc.o
 .text.HAL_TIM_Base_Init
                0x0000000008005954       0x9e ./Drivers/STM32F1xx_HAL_Driver/Src/stm32f1xx_hal_tim.o
                0x0000000008005954                HAL_TIM_Base_Init
 *fill*         0x00000000080059f2        0x2 
 .text.HAL_TIM_Base_Start
                0x00000000080059f4       0x94 ./Drivers/STM32F1xx_HAL_Driver/Src/stm32f1xx_hal_tim.o
                0x00000000080059f4                HAL_TIM_Base_Start
 .text.HAL_TIM_Base_Start_IT
                0x0000000008005a88       0xa4 ./Drivers/STM32F1xx_HAL_Driver/Src/stm32f1xx_hal_tim.o
                0x0000000008005a88                HAL_TIM_Base_Start_IT
 .text.HAL_TIM_IRQHandler
                0x0000000008005b2c      0x210 ./Drivers/STM32F1xx_HAL_Driver/Src/stm32f1xx_hal_tim.o
                0x0000000008005b2c                HAL_TIM_IRQHandler
 .text.HAL_TIM_ConfigClockSource
                0x0000000008005d3c      0x188 ./Drivers/STM32F1xx_HAL_Driver/Src/stm32f1xx_hal_tim.o
                0x0000000008005d3c                HAL_TIM_ConfigClockSource
 .text.HAL_TIM_OC_DelayElapsedCallback
                0x0000000008005ec4       0x12 ./Drivers/STM32F1xx_HAL_Driver/Src/stm32f1xx_hal_tim.o
                0x0000000008005ec4                HAL_TIM_OC_DelayElapsedCallback
 .text.HAL_TIM_IC_CaptureCallback
                0x0000000008005ed6       0x12 ./Drivers/STM32F1xx_HAL_Driver/Src/stm32f1xx_hal_tim.o
                0x0000000008005ed6                HAL_TIM_IC_CaptureCallback
 .text.HAL_TIM_PWM_PulseFinishedCallback
                0x0000000008005ee8       0x12 ./Drivers/STM32F1xx_HAL_Driver/Src/stm32f1xx_hal_tim.o
                0x0000000008005ee8                HAL_TIM_PWM_PulseFinishedCallback
 .text.HAL_TIM_TriggerCallback
                0x0000000008005efa       0x12 ./Drivers/STM32F1xx_HAL_Driver/Src/stm32f1xx_hal_tim.o
                0x0000000008005efa                HAL_TIM_TriggerCallback
 .text.TIM_Base_SetConfig
                0x0000000008005f0c       0xc4 ./Drivers/STM32F1xx_HAL_Driver/Src/stm32f1xx_hal_tim.o
                0x0000000008005f0c                TIM_Base_SetConfig
 .text.TIM_TI1_ConfigInputStage
                0x0000000008005fd0       0x5c ./Drivers/STM32F1xx_HAL_Driver/Src/stm32f1xx_hal_tim.o
 .text.TIM_TI2_ConfigInputStage
                0x000000000800602c       0x5e ./Drivers/STM32F1xx_HAL_Driver/Src/stm32f1xx_hal_tim.o
 .text.TIM_ITRx_SetConfig
                0x000000000800608a       0x34 ./Drivers/STM32F1xx_HAL_Driver/Src/stm32f1xx_hal_tim.o
 .text.TIM_ETR_SetConfig
                0x00000000080060be       0x3e ./Drivers/STM32F1xx_HAL_Driver/Src/stm32f1xx_hal_tim.o
                0x00000000080060be                TIM_ETR_SetConfig
 .text.HAL_TIMEx_MasterConfigSynchronization
                0x00000000080060fc       0xbc ./Drivers/STM32F1xx_HAL_Driver/Src/stm32f1xx_hal_tim_ex.o
                0x00000000080060fc                HAL_TIMEx_MasterConfigSynchronization
 .text.HAL_TIMEx_CommutCallback
                0x00000000080061b8       0x12 ./Drivers/STM32F1xx_HAL_Driver/Src/stm32f1xx_hal_tim_ex.o
                0x00000000080061b8                HAL_TIMEx_CommutCallback
 .text.HAL_TIMEx_BreakCallback
                0x00000000080061ca       0x12 ./Drivers/STM32F1xx_HAL_Driver/Src/stm32f1xx_hal_tim_ex.o
                0x00000000080061ca                HAL_TIMEx_BreakCallback
 .text.SSD1306_Init
                0x00000000080061dc      0x188 ./OLED/Src/ssd1306.o
                0x00000000080061dc                SSD1306_Init
 .text.SSD1306_UpdateScreen
                0x0000000008006364       0x5c ./OLED/Src/ssd1306.o
                0x0000000008006364                SSD1306_UpdateScreen
 .text.SSD1306_Fill
                0x00000000080063c0       0x30 ./OLED/Src/ssd1306.o
                0x00000000080063c0                SSD1306_Fill
 .text.SSD1306_DrawPixel
                0x00000000080063f0       0xbc ./OLED/Src/ssd1306.o
                0x00000000080063f0                SSD1306_DrawPixel
 .text.SSD1306_GotoXY
                0x00000000080064ac       0x2c ./OLED/Src/ssd1306.o
                0x00000000080064ac                SSD1306_GotoXY
 .text.SSD1306_Putc
                0x00000000080064d8      0x100 ./OLED/Src/ssd1306.o
                0x00000000080064d8                SSD1306_Putc
 .text.SSD1306_Puts
                0x00000000080065d8       0x4a ./OLED/Src/ssd1306.o
                0x00000000080065d8                SSD1306_Puts
 .text.SSD1306_DrawLine
                0x0000000008006622      0x1f6 ./OLED/Src/ssd1306.o
                0x0000000008006622                SSD1306_DrawLine
 .text.SSD1306_DrawFilledTriangle
                0x0000000008006818      0x184 ./OLED/Src/ssd1306.o
                0x0000000008006818                SSD1306_DrawFilledTriangle
 .text.SSD1306_Clear
                0x000000000800699c       0x12 ./OLED/Src/ssd1306.o
                0x000000000800699c                SSD1306_Clear
 *fill*         0x00000000080069ae        0x2 
 .text.ssd1306_I2C_Init
                0x00000000080069b0       0x28 ./OLED/Src/ssd1306.o
                0x00000000080069b0                ssd1306_I2C_Init
 .text.ssd1306_I2C_WriteMulti
                0x00000000080069d8       0xcc ./OLED/Src/ssd1306.o
                0x00000000080069d8                ssd1306_I2C_WriteMulti
 .text.ssd1306_I2C_Write
                0x0000000008006aa4       0x3c ./OLED/Src/ssd1306.o
                0x0000000008006aa4                ssd1306_I2C_Write
 .text.ResetCommand
                0x0000000008006ae0       0x3c ./Rojo_BH1750/Src/Rojo_BH1750.o
 .text.PowerOnCommand
                0x0000000008006b1c       0x3c ./Rojo_BH1750/Src/Rojo_BH1750.o
 .text.PowerDownCommand
                0x0000000008006b58       0x3c ./Rojo_BH1750/Src/Rojo_BH1750.o
 .text.Measure_Subrutine
                0x0000000008006b94       0xac ./Rojo_BH1750/Src/Rojo_BH1750.o
 .text.BH1750_Init
                0x0000000008006c40       0x5c ./Rojo_BH1750/Src/Rojo_BH1750.o
                0x0000000008006c40                BH1750_Init
 .text.BH1750_Read
                0x0000000008006c9c       0x90 ./Rojo_BH1750/Src/Rojo_BH1750.o
                0x0000000008006c9c                BH1750_Read
 .text.BH1750_ReCalibrate
                0x0000000008006d2c       0x5a ./Rojo_BH1750/Src/Rojo_BH1750.o
                0x0000000008006d2c                BH1750_ReCalibrate
 *fill*         0x0000000008006d86        0x2 
 .text.__errno  0x0000000008006d88        0xc /opt/st/stm32cubeide_1.11.2/plugins/com.st.stm32cube.ide.mcu.externaltools.gnu-tools-for-stm32.10.3-2021.10.linux64_1.0.100.202210260954/tools/bin/../lib/gcc/arm-none-eabi/10.3.1/../../../../arm-none-eabi/lib/thumb/v7-m/nofp/libc_nano.a(lib_a-errno.o)
                0x0000000008006d88                __errno
 .text.__libc_init_array
                0x0000000008006d94       0x48 /opt/st/stm32cubeide_1.11.2/plugins/com.st.stm32cube.ide.mcu.externaltools.gnu-tools-for-stm32.10.3-2021.10.linux64_1.0.100.202210260954/tools/bin/../lib/gcc/arm-none-eabi/10.3.1/../../../../arm-none-eabi/lib/thumb/v7-m/nofp/libc_nano.a(lib_a-init.o)
                0x0000000008006d94                __libc_init_array
 .text.memset   0x0000000008006ddc       0x10 /opt/st/stm32cubeide_1.11.2/plugins/com.st.stm32cube.ide.mcu.externaltools.gnu-tools-for-stm32.10.3-2021.10.linux64_1.0.100.202210260954/tools/bin/../lib/gcc/arm-none-eabi/10.3.1/../../../../arm-none-eabi/lib/thumb/v7-m/nofp/libc_nano.a(lib_a-memset.o)
                0x0000000008006ddc                memset
 .text.sprintf  0x0000000008006dec       0x40 /opt/st/stm32cubeide_1.11.2/plugins/com.st.stm32cube.ide.mcu.externaltools.gnu-tools-for-stm32.10.3-2021.10.linux64_1.0.100.202210260954/tools/bin/../lib/gcc/arm-none-eabi/10.3.1/../../../../arm-none-eabi/lib/thumb/v7-m/nofp/libc_nano.a(lib_a-sprintf.o)
                0x0000000008006dec                sprintf
                0x0000000008006dec                siprintf
 .text.__ssputs_r
                0x0000000008006e2c       0xb6 /opt/st/stm32cubeide_1.11.2/plugins/com.st.stm32cube.ide.mcu.externaltools.gnu-tools-for-stm32.10.3-2021.10.linux64_1.0.100.202210260954/tools/bin/../lib/gcc/arm-none-eabi/10.3.1/../../../../arm-none-eabi/lib/thumb/v7-m/nofp/libc_nano.a(lib_a-nano-svfprintf.o)
                0x0000000008006e2c                __ssputs_r
 *fill*         0x0000000008006ee2        0x2 
 .text._svfprintf_r
                0x0000000008006ee4      0x200 /opt/st/stm32cubeide_1.11.2/plugins/com.st.stm32cube.ide.mcu.externaltools.gnu-tools-for-stm32.10.3-2021.10.linux64_1.0.100.202210260954/tools/bin/../lib/gcc/arm-none-eabi/10.3.1/../../../../arm-none-eabi/lib/thumb/v7-m/nofp/libc_nano.a(lib_a-nano-svfprintf.o)
                0x0000000008006ee4                _svfprintf_r
                0x0000000008006ee4                _svfiprintf_r
 .text._printf_common
                0x00000000080070e4       0xde /opt/st/stm32cubeide_1.11.2/plugins/com.st.stm32cube.ide.mcu.externaltools.gnu-tools-for-stm32.10.3-2021.10.linux64_1.0.100.202210260954/tools/bin/../lib/gcc/arm-none-eabi/10.3.1/../../../../arm-none-eabi/lib/thumb/v7-m/nofp/libc_nano.a(lib_a-nano-vfprintf_i.o)
                0x00000000080070e4                _printf_common
 *fill*         0x00000000080071c2        0x2 
 .text._printf_i
                0x00000000080071c4      0x24c /opt/st/stm32cubeide_1.11.2/plugins/com.st.stm32cube.ide.mcu.externaltools.gnu-tools-for-stm32.10.3-2021.10.linux64_1.0.100.202210260954/tools/bin/../lib/gcc/arm-none-eabi/10.3.1/../../../../arm-none-eabi/lib/thumb/v7-m/nofp/libc_nano.a(lib_a-nano-vfprintf_i.o)
                0x00000000080071c4                _printf_i
 .text.memchr   0x0000000008007410       0x1c /opt/st/stm32cubeide_1.11.2/plugins/com.st.stm32cube.ide.mcu.externaltools.gnu-tools-for-stm32.10.3-2021.10.linux64_1.0.100.202210260954/tools/bin/../lib/gcc/arm-none-eabi/10.3.1/../../../../arm-none-eabi/lib/thumb/v7-m/nofp/libc_nano.a(lib_a-memchr-stub.o)
                0x0000000008007410                memchr
 .text.memcpy   0x000000000800742c       0x1c /opt/st/stm32cubeide_1.11.2/plugins/com.st.stm32cube.ide.mcu.externaltools.gnu-tools-for-stm32.10.3-2021.10.linux64_1.0.100.202210260954/tools/bin/../lib/gcc/arm-none-eabi/10.3.1/../../../../arm-none-eabi/lib/thumb/v7-m/nofp/libc_nano.a(lib_a-memcpy-stub.o)
                0x000000000800742c                memcpy
 .text.memmove  0x0000000008007448       0x34 /opt/st/stm32cubeide_1.11.2/plugins/com.st.stm32cube.ide.mcu.externaltools.gnu-tools-for-stm32.10.3-2021.10.linux64_1.0.100.202210260954/tools/bin/../lib/gcc/arm-none-eabi/10.3.1/../../../../arm-none-eabi/lib/thumb/v7-m/nofp/libc_nano.a(lib_a-memmove.o)
                0x0000000008007448                memmove
 .text._free_r  0x000000000800747c       0x90 /opt/st/stm32cubeide_1.11.2/plugins/com.st.stm32cube.ide.mcu.externaltools.gnu-tools-for-stm32.10.3-2021.10.linux64_1.0.100.202210260954/tools/bin/../lib/gcc/arm-none-eabi/10.3.1/../../../../arm-none-eabi/lib/thumb/v7-m/nofp/libc_nano.a(lib_a-nano-freer.o)
                0x000000000800747c                _free_r
 .text.sbrk_aligned
                0x000000000800750c       0x40 /opt/st/stm32cubeide_1.11.2/plugins/com.st.stm32cube.ide.mcu.externaltools.gnu-tools-for-stm32.10.3-2021.10.linux64_1.0.100.202210260954/tools/bin/../lib/gcc/arm-none-eabi/10.3.1/../../../../arm-none-eabi/lib/thumb/v7-m/nofp/libc_nano.a(lib_a-nano-mallocr.o)
 .text._malloc_r
                0x000000000800754c       0xe8 /opt/st/stm32cubeide_1.11.2/plugins/com.st.stm32cube.ide.mcu.externaltools.gnu-tools-for-stm32.10.3-2021.10.linux64_1.0.100.202210260954/tools/bin/../lib/gcc/arm-none-eabi/10.3.1/../../../../arm-none-eabi/lib/thumb/v7-m/nofp/libc_nano.a(lib_a-nano-mallocr.o)
                0x000000000800754c                _malloc_r
 .text._realloc_r
                0x0000000008007634       0x5e /opt/st/stm32cubeide_1.11.2/plugins/com.st.stm32cube.ide.mcu.externaltools.gnu-tools-for-stm32.10.3-2021.10.linux64_1.0.100.202210260954/tools/bin/../lib/gcc/arm-none-eabi/10.3.1/../../../../arm-none-eabi/lib/thumb/v7-m/nofp/libc_nano.a(lib_a-nano-reallocr.o)
                0x0000000008007634                _realloc_r
 *fill*         0x0000000008007692        0x2 
 .text._sbrk_r  0x0000000008007694       0x20 /opt/st/stm32cubeide_1.11.2/plugins/com.st.stm32cube.ide.mcu.externaltools.gnu-tools-for-stm32.10.3-2021.10.linux64_1.0.100.202210260954/tools/bin/../lib/gcc/arm-none-eabi/10.3.1/../../../../arm-none-eabi/lib/thumb/v7-m/nofp/libc_nano.a(lib_a-sbrkr.o)
                0x0000000008007694                _sbrk_r
 .text.__malloc_lock
                0x00000000080076b4        0xc /opt/st/stm32cubeide_1.11.2/plugins/com.st.stm32cube.ide.mcu.externaltools.gnu-tools-for-stm32.10.3-2021.10.linux64_1.0.100.202210260954/tools/bin/../lib/gcc/arm-none-eabi/10.3.1/../../../../arm-none-eabi/lib/thumb/v7-m/nofp/libc_nano.a(lib_a-mlock.o)
                0x00000000080076b4                __malloc_lock
 .text.__malloc_unlock
                0x00000000080076c0        0xc /opt/st/stm32cubeide_1.11.2/plugins/com.st.stm32cube.ide.mcu.externaltools.gnu-tools-for-stm32.10.3-2021.10.linux64_1.0.100.202210260954/tools/bin/../lib/gcc/arm-none-eabi/10.3.1/../../../../arm-none-eabi/lib/thumb/v7-m/nofp/libc_nano.a(lib_a-mlock.o)
                0x00000000080076c0                __malloc_unlock
 .text._malloc_usable_size_r
                0x00000000080076cc       0x10 /opt/st/stm32cubeide_1.11.2/plugins/com.st.stm32cube.ide.mcu.externaltools.gnu-tools-for-stm32.10.3-2021.10.linux64_1.0.100.202210260954/tools/bin/../lib/gcc/arm-none-eabi/10.3.1/../../../../arm-none-eabi/lib/thumb/v7-m/nofp/libc_nano.a(lib_a-nano-msizer.o)
                0x00000000080076cc                _malloc_usable_size_r
 .text.__retarget_lock_acquire_recursive
                0x00000000080076dc        0x2 /opt/st/stm32cubeide_1.11.2/plugins/com.st.stm32cube.ide.mcu.externaltools.gnu-tools-for-stm32.10.3-2021.10.linux64_1.0.100.202210260954/tools/bin/../lib/gcc/arm-none-eabi/10.3.1/../../../../arm-none-eabi/lib/thumb/v7-m/nofp/libc_nano.a(lib_a-lock.o)
                0x00000000080076dc                __retarget_lock_acquire_recursive
 .text.__retarget_lock_release_recursive
                0x00000000080076de        0x2 /opt/st/stm32cubeide_1.11.2/plugins/com.st.stm32cube.ide.mcu.externaltools.gnu-tools-for-stm32.10.3-2021.10.linux64_1.0.100.202210260954/tools/bin/../lib/gcc/arm-none-eabi/10.3.1/../../../../arm-none-eabi/lib/thumb/v7-m/nofp/libc_nano.a(lib_a-lock.o)
                0x00000000080076de                __retarget_lock_release_recursive
 *(.glue_7)
 .glue_7        0x00000000080076e0        0x0 linker stubs
 *(.glue_7t)
 .glue_7t       0x00000000080076e0        0x0 linker stubs
 *(.eh_frame)
 .eh_frame      0x00000000080076e0        0x0 /opt/st/stm32cubeide_1.11.2/plugins/com.st.stm32cube.ide.mcu.externaltools.gnu-tools-for-stm32.10.3-2021.10.linux64_1.0.100.202210260954/tools/bin/../lib/gcc/arm-none-eabi/10.3.1/thumb/v7-m/nofp/crtbegin.o
 *(.init)
 .init          0x00000000080076e0        0x4 /opt/st/stm32cubeide_1.11.2/plugins/com.st.stm32cube.ide.mcu.externaltools.gnu-tools-for-stm32.10.3-2021.10.linux64_1.0.100.202210260954/tools/bin/../lib/gcc/arm-none-eabi/10.3.1/thumb/v7-m/nofp/crti.o
                0x00000000080076e0                _init
 .init          0x00000000080076e4        0x8 /opt/st/stm32cubeide_1.11.2/plugins/com.st.stm32cube.ide.mcu.externaltools.gnu-tools-for-stm32.10.3-2021.10.linux64_1.0.100.202210260954/tools/bin/../lib/gcc/arm-none-eabi/10.3.1/thumb/v7-m/nofp/crtn.o
 *(.fini)
 .fini          0x00000000080076ec        0x4 /opt/st/stm32cubeide_1.11.2/plugins/com.st.stm32cube.ide.mcu.externaltools.gnu-tools-for-stm32.10.3-2021.10.linux64_1.0.100.202210260954/tools/bin/../lib/gcc/arm-none-eabi/10.3.1/thumb/v7-m/nofp/crti.o
                0x00000000080076ec                _fini
 .fini          0x00000000080076f0        0x8 /opt/st/stm32cubeide_1.11.2/plugins/com.st.stm32cube.ide.mcu.externaltools.gnu-tools-for-stm32.10.3-2021.10.linux64_1.0.100.202210260954/tools/bin/../lib/gcc/arm-none-eabi/10.3.1/thumb/v7-m/nofp/crtn.o
                0x00000000080076f8                . = ALIGN (0x4)
                0x00000000080076f8                _etext = .

.vfp11_veneer   0x00000000080076f8        0x0
 .vfp11_veneer  0x00000000080076f8        0x0 linker stubs

.v4_bx          0x00000000080076f8        0x0
 .v4_bx         0x00000000080076f8        0x0 linker stubs

.iplt           0x00000000080076f8        0x0
 .iplt          0x00000000080076f8        0x0 /opt/st/stm32cubeide_1.11.2/plugins/com.st.stm32cube.ide.mcu.externaltools.gnu-tools-for-stm32.10.3-2021.10.linux64_1.0.100.202210260954/tools/bin/../lib/gcc/arm-none-eabi/10.3.1/thumb/v7-m/nofp/crtbegin.o

.rodata         0x00000000080076f8     0x29f0
                0x00000000080076f8                . = ALIGN (0x4)
 *(.rodata)
 .rodata        0x00000000080076f8      0x17e ./Core/Src/main.o
 *fill*         0x0000000008007876        0x2 
 .rodata        0x0000000008007878       0x10 ./Drivers/STM32F1xx_HAL_Driver/Src/stm32f1xx_hal_rcc.o
 *(.rodata*)
 .rodata.AHBPrescTable
                0x0000000008007888       0x10 ./Core/Src/system_stm32f1xx.o
                0x0000000008007888                AHBPrescTable
 .rodata.APBPrescTable
                0x0000000008007898        0x8 ./Core/Src/system_stm32f1xx.o
                0x0000000008007898                APBPrescTable
 .rodata.Font7x10
                0x00000000080078a0      0x76c ./OLED/Src/fonts.o
                0x00000000080078a0                Font7x10
 .rodata.Font11x18
                0x000000000800800c      0xd5c ./OLED/Src/fonts.o
                0x000000000800800c                Font11x18
 .rodata.Font16x26
                0x0000000008008d68     0x134c ./OLED/Src/fonts.o
                0x0000000008008d68                Font16x26
 .rodata._svfprintf_r.str1.1
                0x000000000800a0b4       0x11 /opt/st/stm32cubeide_1.11.2/plugins/com.st.stm32cube.ide.mcu.externaltools.gnu-tools-for-stm32.10.3-2021.10.linux64_1.0.100.202210260954/tools/bin/../lib/gcc/arm-none-eabi/10.3.1/../../../../arm-none-eabi/lib/thumb/v7-m/nofp/libc_nano.a(lib_a-nano-svfprintf.o)
 .rodata._printf_i.str1.1
                0x000000000800a0c5       0x22 /opt/st/stm32cubeide_1.11.2/plugins/com.st.stm32cube.ide.mcu.externaltools.gnu-tools-for-stm32.10.3-2021.10.linux64_1.0.100.202210260954/tools/bin/../lib/gcc/arm-none-eabi/10.3.1/../../../../arm-none-eabi/lib/thumb/v7-m/nofp/libc_nano.a(lib_a-nano-vfprintf_i.o)
                0x000000000800a0e8                . = ALIGN (0x4)
 *fill*         0x000000000800a0e7        0x1 

.rel.dyn        0x000000000800a0e8        0x0
 .rel.iplt      0x000000000800a0e8        0x0 /opt/st/stm32cubeide_1.11.2/plugins/com.st.stm32cube.ide.mcu.externaltools.gnu-tools-for-stm32.10.3-2021.10.linux64_1.0.100.202210260954/tools/bin/../lib/gcc/arm-none-eabi/10.3.1/thumb/v7-m/nofp/crtbegin.o

.ARM.extab      0x000000000800a0e8        0x0
                0x000000000800a0e8                . = ALIGN (0x4)
 *(.ARM.extab* .gnu.linkonce.armextab.*)
                0x000000000800a0e8                . = ALIGN (0x4)

.ARM            0x000000000800a0e8        0x0
                0x000000000800a0e8                . = ALIGN (0x4)
                0x000000000800a0e8                __exidx_start = .
 *(.ARM.exidx*)
                0x000000000800a0e8                __exidx_end = .
                0x000000000800a0e8                . = ALIGN (0x4)

.preinit_array  0x000000000800a0e8        0x0
                0x000000000800a0e8                . = ALIGN (0x4)
                0x000000000800a0e8                PROVIDE (__preinit_array_start = .)
 *(.preinit_array*)
                0x000000000800a0e8                PROVIDE (__preinit_array_end = .)
                0x000000000800a0e8                . = ALIGN (0x4)

.init_array     0x000000000800a0e8        0x4
                0x000000000800a0e8                . = ALIGN (0x4)
                0x000000000800a0e8                PROVIDE (__init_array_start = .)
 *(SORT_BY_NAME(.init_array.*))
 *(.init_array*)
 .init_array    0x000000000800a0e8        0x4 /opt/st/stm32cubeide_1.11.2/plugins/com.st.stm32cube.ide.mcu.externaltools.gnu-tools-for-stm32.10.3-2021.10.linux64_1.0.100.202210260954/tools/bin/../lib/gcc/arm-none-eabi/10.3.1/thumb/v7-m/nofp/crtbegin.o
                0x000000000800a0ec                PROVIDE (__init_array_end = .)
                0x000000000800a0ec                . = ALIGN (0x4)

.fini_array     0x000000000800a0ec        0x4
                0x000000000800a0ec                . = ALIGN (0x4)
                [!provide]                        PROVIDE (__fini_array_start = .)
 *(SORT_BY_NAME(.fini_array.*))
 *(.fini_array*)
 .fini_array    0x000000000800a0ec        0x4 /opt/st/stm32cubeide_1.11.2/plugins/com.st.stm32cube.ide.mcu.externaltools.gnu-tools-for-stm32.10.3-2021.10.linux64_1.0.100.202210260954/tools/bin/../lib/gcc/arm-none-eabi/10.3.1/thumb/v7-m/nofp/crtbegin.o
                [!provide]                        PROVIDE (__fini_array_end = .)
                0x000000000800a0f0                . = ALIGN (0x4)
                0x000000000800a0f0                _sidata = LOADADDR (.data)

.data           0x0000000020000000       0xb8 load address 0x000000000800a0f0
                0x0000000020000000                . = ALIGN (0x4)
                0x0000000020000000                _sdata = .
 *(.data)
 *(.data*)
 .data.PlotConfigs
                0x0000000020000000        0x8 ./Core/Src/main.o
                0x0000000020000000                PlotConfigs
 .data.YAxisPosition
                0x0000000020000008       0x24 ./Core/Src/main.o
 .data.PauseFlag
                0x000000002000002c        0x1 ./Core/Src/main.o
                0x000000002000002c                PauseFlag
 *fill*         0x000000002000002d        0x3 
 .data.SystemCoreClock
                0x0000000020000030        0x4 ./Core/Src/system_stm32f1xx.o
                0x0000000020000030                SystemCoreClock
 .data.uwTickPrio
                0x0000000020000034        0x4 ./Drivers/STM32F1xx_HAL_Driver/Src/stm32f1xx_hal.o
                0x0000000020000034                uwTickPrio
 .data.uwTickFreq
                0x0000000020000038        0x1 ./Drivers/STM32F1xx_HAL_Driver/Src/stm32f1xx_hal.o
                0x0000000020000038                uwTickFreq
 *fill*         0x0000000020000039        0x3 
 .data.Font_7x10
                0x000000002000003c        0x8 ./OLED/Src/fonts.o
                0x000000002000003c                Font_7x10
 .data.Font_11x18
                0x0000000020000044        0x8 ./OLED/Src/fonts.o
                0x0000000020000044                Font_11x18
 .data.Font_16x26
                0x000000002000004c        0x8 ./OLED/Src/fonts.o
                0x000000002000004c                Font_16x26
 .data._impure_ptr
                0x0000000020000054        0x4 /opt/st/stm32cubeide_1.11.2/plugins/com.st.stm32cube.ide.mcu.externaltools.gnu-tools-for-stm32.10.3-2021.10.linux64_1.0.100.202210260954/tools/bin/../lib/gcc/arm-none-eabi/10.3.1/../../../../arm-none-eabi/lib/thumb/v7-m/nofp/libc_nano.a(lib_a-impure.o)
                0x0000000020000054                _impure_ptr
 .data.impure_data
                0x0000000020000058       0x60 /opt/st/stm32cubeide_1.11.2/plugins/com.st.stm32cube.ide.mcu.externaltools.gnu-tools-for-stm32.10.3-2021.10.linux64_1.0.100.202210260954/tools/bin/../lib/gcc/arm-none-eabi/10.3.1/../../../../arm-none-eabi/lib/thumb/v7-m/nofp/libc_nano.a(lib_a-impure.o)
 *(.RamFunc)
 *(.RamFunc*)
                0x00000000200000b8                . = ALIGN (0x4)
                0x00000000200000b8                _edata = .

.igot.plt       0x00000000200000b8        0x0 load address 0x000000000800a1a8
 .igot.plt      0x00000000200000b8        0x0 /opt/st/stm32cubeide_1.11.2/plugins/com.st.stm32cube.ide.mcu.externaltools.gnu-tools-for-stm32.10.3-2021.10.linux64_1.0.100.202210260954/tools/bin/../lib/gcc/arm-none-eabi/10.3.1/thumb/v7-m/nofp/crtbegin.o
                0x00000000200000b8                . = ALIGN (0x4)

.bss            0x00000000200000b8      0x5a4 load address 0x000000000800a1a8
                0x00000000200000b8                _sbss = .
                0x00000000200000b8                __bss_start__ = _sbss
 *(.bss)
 .bss           0x00000000200000b8       0x1c /opt/st/stm32cubeide_1.11.2/plugins/com.st.stm32cube.ide.mcu.externaltools.gnu-tools-for-stm32.10.3-2021.10.linux64_1.0.100.202210260954/tools/bin/../lib/gcc/arm-none-eabi/10.3.1/thumb/v7-m/nofp/crtbegin.o
 *(.bss*)
 .bss.hi2c1     0x00000000200000d4       0x54 ./Core/Src/main.o
                0x00000000200000d4                hi2c1
 .bss.hi2c2     0x0000000020000128       0x54 ./Core/Src/main.o
                0x0000000020000128                hi2c2
 .bss.htim3     0x000000002000017c       0x48 ./Core/Src/main.o
                0x000000002000017c                htim3
 .bss.htim4     0x00000000200001c4       0x48 ./Core/Src/main.o
                0x00000000200001c4                htim4
 .bss.hiwdg     0x000000002000020c        0xc ./Core/Src/main.o
                0x000000002000020c                hiwdg
 .bss.Sensor    0x0000000020000218        0x1 ./Core/Src/main.o
                0x0000000020000218                Sensor
 .bss.ISR       0x0000000020000219        0x1 ./Core/Src/main.o
                0x0000000020000219                ISR
 *fill*         0x000000002000021a        0x2 
 .bss.Errors    0x000000002000021c        0x3 ./Core/Src/main.o
                0x000000002000021c                Errors
 *fill*         0x000000002000021f        0x1 
 .bss.Configs   0x0000000020000220        0x4 ./Core/Src/main.o
                0x0000000020000220                Configs
 .bss.Measure   0x0000000020000224        0x4 ./Core/Src/main.o
                0x0000000020000224                Measure
 .bss.BH1750    0x0000000020000228        0xc ./Core/Src/main.o
                0x0000000020000228                BH1750
 .bss.IDR_Read  0x0000000020000234        0x4 ./Core/Src/main.o
                0x0000000020000234                IDR_Read
 .bss.Config_buffer
                0x0000000020000238        0x2 ./Core/Src/main.o
                0x0000000020000238                Config_buffer
 .bss.comeFromMenu
                0x000000002000023a        0x1 ./Core/Src/main.o
                0x000000002000023a                comeFromMenu
 .bss.ChangedConfigs.1
                0x000000002000023b        0x1 ./Core/Src/main.o
 .bss.__sbrk_heap_end
                0x000000002000023c        0x4 ./Core/Src/sysmem.o
 .bss.uwTick    0x0000000020000240        0x4 ./Drivers/STM32F1xx_HAL_Driver/Src/stm32f1xx_hal.o
                0x0000000020000240                uwTick
 .bss.SSD1306_Buffer
                0x0000000020000244      0x400 ./OLED/Src/ssd1306.o
 .bss.SSD1306   0x0000000020000644        0x6 ./OLED/Src/ssd1306.o
 .bss.Buffer    0x000000002000064a        0x1 ./Rojo_BH1750/Src/Rojo_BH1750.o
 *fill*         0x000000002000064b        0x1 
 .bss.__malloc_free_list
                0x000000002000064c        0x4 /opt/st/stm32cubeide_1.11.2/plugins/com.st.stm32cube.ide.mcu.externaltools.gnu-tools-for-stm32.10.3-2021.10.linux64_1.0.100.202210260954/tools/bin/../lib/gcc/arm-none-eabi/10.3.1/../../../../arm-none-eabi/lib/thumb/v7-m/nofp/libc_nano.a(lib_a-nano-mallocr.o)
                0x000000002000064c                __malloc_free_list
 .bss.__malloc_sbrk_start
                0x0000000020000650        0x4 /opt/st/stm32cubeide_1.11.2/plugins/com.st.stm32cube.ide.mcu.externaltools.gnu-tools-for-stm32.10.3-2021.10.linux64_1.0.100.202210260954/tools/bin/../lib/gcc/arm-none-eabi/10.3.1/../../../../arm-none-eabi/lib/thumb/v7-m/nofp/libc_nano.a(lib_a-nano-mallocr.o)
                0x0000000020000650                __malloc_sbrk_start
 .bss.errno     0x0000000020000654        0x4 /opt/st/stm32cubeide_1.11.2/plugins/com.st.stm32cube.ide.mcu.externaltools.gnu-tools-for-stm32.10.3-2021.10.linux64_1.0.100.202210260954/tools/bin/../lib/gcc/arm-none-eabi/10.3.1/../../../../arm-none-eabi/lib/thumb/v7-m/nofp/libc_nano.a(lib_a-reent.o)
                0x0000000020000654                errno
 .bss.__lock___malloc_recursive_mutex
                0x0000000020000658        0x1 /opt/st/stm32cubeide_1.11.2/plugins/com.st.stm32cube.ide.mcu.externaltools.gnu-tools-for-stm32.10.3-2021.10.linux64_1.0.100.202210260954/tools/bin/../lib/gcc/arm-none-eabi/10.3.1/../../../../arm-none-eabi/lib/thumb/v7-m/nofp/libc_nano.a(lib_a-lock.o)
                0x0000000020000658                __lock___malloc_recursive_mutex
 *(COMMON)
                0x000000002000065c                . = ALIGN (0x4)
 *fill*         0x0000000020000659        0x3 
                0x000000002000065c                _ebss = .
                0x000000002000065c                __bss_end__ = _ebss

._user_heap_stack
                0x000000002000065c      0x604 load address 0x000000000800a1a8
                0x0000000020000660                . = ALIGN (0x8)
 *fill*         0x000000002000065c        0x4 
                [!provide]                        PROVIDE (end = .)
                0x0000000020000660                PROVIDE (_end = .)
                0x0000000020000860                . = (. + _Min_Heap_Size)
 *fill*         0x0000000020000660      0x200 
                0x0000000020000c60                . = (. + _Min_Stack_Size)
 *fill*         0x0000000020000860      0x400 
                0x0000000020000c60                . = ALIGN (0x8)

/DISCARD/
 libc.a(*)
 libm.a(*)
 libgcc.a(*)

.ARM.attributes
                0x0000000000000000       0x29
 *(.ARM.attributes)
 .ARM.attributes
                0x0000000000000000       0x1d /opt/st/stm32cubeide_1.11.2/plugins/com.st.stm32cube.ide.mcu.externaltools.gnu-tools-for-stm32.10.3-2021.10.linux64_1.0.100.202210260954/tools/bin/../lib/gcc/arm-none-eabi/10.3.1/thumb/v7-m/nofp/crti.o
 .ARM.attributes
                0x000000000000001d       0x2d /opt/st/stm32cubeide_1.11.2/plugins/com.st.stm32cube.ide.mcu.externaltools.gnu-tools-for-stm32.10.3-2021.10.linux64_1.0.100.202210260954/tools/bin/../lib/gcc/arm-none-eabi/10.3.1/thumb/v7-m/nofp/crtbegin.o
 .ARM.attributes
                0x000000000000004a       0x2d ./Core/Src/main.o
 .ARM.attributes
                0x0000000000000077       0x2d ./Core/Src/stm32f1xx_hal_msp.o
 .ARM.attributes
                0x00000000000000a4       0x2d ./Core/Src/stm32f1xx_it.o
 .ARM.attributes
                0x00000000000000d1       0x2d ./Core/Src/sysmem.o
 .ARM.attributes
                0x00000000000000fe       0x2d ./Core/Src/system_stm32f1xx.o
 .ARM.attributes
                0x000000000000012b       0x21 ./Core/Startup/startup_stm32f103c8tx.o
 .ARM.attributes
                0x000000000000014c       0x2d ./Drivers/STM32F1xx_HAL_Driver/Src/stm32f1xx_hal.o
 .ARM.attributes
                0x0000000000000179       0x2d ./Drivers/STM32F1xx_HAL_Driver/Src/stm32f1xx_hal_cortex.o
 .ARM.attributes
                0x00000000000001a6       0x2d ./Drivers/STM32F1xx_HAL_Driver/Src/stm32f1xx_hal_dma.o
 .ARM.attributes
                0x00000000000001d3       0x2d ./Drivers/STM32F1xx_HAL_Driver/Src/stm32f1xx_hal_gpio.o
 .ARM.attributes
                0x0000000000000200       0x2d ./Drivers/STM32F1xx_HAL_Driver/Src/stm32f1xx_hal_i2c.o
 .ARM.attributes
                0x000000000000022d       0x2d ./Drivers/STM32F1xx_HAL_Driver/Src/stm32f1xx_hal_iwdg.o
 .ARM.attributes
                0x000000000000025a       0x2d ./Drivers/STM32F1xx_HAL_Driver/Src/stm32f1xx_hal_rcc.o
 .ARM.attributes
                0x0000000000000287       0x2d ./Drivers/STM32F1xx_HAL_Driver/Src/stm32f1xx_hal_tim.o
 .ARM.attributes
                0x00000000000002b4       0x2d ./Drivers/STM32F1xx_HAL_Driver/Src/stm32f1xx_hal_tim_ex.o
 .ARM.attributes
                0x00000000000002e1       0x2d ./OLED/Src/fonts.o
 .ARM.attributes
                0x000000000000030e       0x2d ./OLED/Src/ssd1306.o
 .ARM.attributes
                0x000000000000033b       0x2d ./Rojo_BH1750/Src/Rojo_BH1750.o
 .ARM.attributes
                0x0000000000000368       0x2d /opt/st/stm32cubeide_1.11.2/plugins/com.st.stm32cube.ide.mcu.externaltools.gnu-tools-for-stm32.10.3-2021.10.linux64_1.0.100.202210260954/tools/bin/../lib/gcc/arm-none-eabi/10.3.1/../../../../arm-none-eabi/lib/thumb/v7-m/nofp/libc_nano.a(lib_a-errno.o)
 .ARM.attributes
                0x0000000000000395       0x2d /opt/st/stm32cubeide_1.11.2/plugins/com.st.stm32cube.ide.mcu.externaltools.gnu-tools-for-stm32.10.3-2021.10.linux64_1.0.100.202210260954/tools/bin/../lib/gcc/arm-none-eabi/10.3.1/../../../../arm-none-eabi/lib/thumb/v7-m/nofp/libc_nano.a(lib_a-impure.o)
 .ARM.attributes
                0x00000000000003c2       0x2d /opt/st/stm32cubeide_1.11.2/plugins/com.st.stm32cube.ide.mcu.externaltools.gnu-tools-for-stm32.10.3-2021.10.linux64_1.0.100.202210260954/tools/bin/../lib/gcc/arm-none-eabi/10.3.1/../../../../arm-none-eabi/lib/thumb/v7-m/nofp/libc_nano.a(lib_a-init.o)
 .ARM.attributes
                0x00000000000003ef       0x2d /opt/st/stm32cubeide_1.11.2/plugins/com.st.stm32cube.ide.mcu.externaltools.gnu-tools-for-stm32.10.3-2021.10.linux64_1.0.100.202210260954/tools/bin/../lib/gcc/arm-none-eabi/10.3.1/../../../../arm-none-eabi/lib/thumb/v7-m/nofp/libc_nano.a(lib_a-memset.o)
 .ARM.attributes
                0x000000000000041c       0x2d /opt/st/stm32cubeide_1.11.2/plugins/com.st.stm32cube.ide.mcu.externaltools.gnu-tools-for-stm32.10.3-2021.10.linux64_1.0.100.202210260954/tools/bin/../lib/gcc/arm-none-eabi/10.3.1/../../../../arm-none-eabi/lib/thumb/v7-m/nofp/libc_nano.a(lib_a-sprintf.o)
 .ARM.attributes
                0x0000000000000449       0x2d /opt/st/stm32cubeide_1.11.2/plugins/com.st.stm32cube.ide.mcu.externaltools.gnu-tools-for-stm32.10.3-2021.10.linux64_1.0.100.202210260954/tools/bin/../lib/gcc/arm-none-eabi/10.3.1/../../../../arm-none-eabi/lib/thumb/v7-m/nofp/libc_nano.a(lib_a-nano-svfprintf.o)
 .ARM.attributes
                0x0000000000000476       0x2d /opt/st/stm32cubeide_1.11.2/plugins/com.st.stm32cube.ide.mcu.externaltools.gnu-tools-for-stm32.10.3-2021.10.linux64_1.0.100.202210260954/tools/bin/../lib/gcc/arm-none-eabi/10.3.1/../../../../arm-none-eabi/lib/thumb/v7-m/nofp/libc_nano.a(lib_a-nano-vfprintf_i.o)
 .ARM.attributes
                0x00000000000004a3       0x2d /opt/st/stm32cubeide_1.11.2/plugins/com.st.stm32cube.ide.mcu.externaltools.gnu-tools-for-stm32.10.3-2021.10.linux64_1.0.100.202210260954/tools/bin/../lib/gcc/arm-none-eabi/10.3.1/../../../../arm-none-eabi/lib/thumb/v7-m/nofp/libc_nano.a(lib_a-memchr-stub.o)
 .ARM.attributes
                0x00000000000004d0       0x2d /opt/st/stm32cubeide_1.11.2/plugins/com.st.stm32cube.ide.mcu.externaltools.gnu-tools-for-stm32.10.3-2021.10.linux64_1.0.100.202210260954/tools/bin/../lib/gcc/arm-none-eabi/10.3.1/../../../../arm-none-eabi/lib/thumb/v7-m/nofp/libc_nano.a(lib_a-memcpy-stub.o)
 .ARM.attributes
                0x00000000000004fd       0x2d /opt/st/stm32cubeide_1.11.2/plugins/com.st.stm32cube.ide.mcu.externaltools.gnu-tools-for-stm32.10.3-2021.10.linux64_1.0.100.202210260954/tools/bin/../lib/gcc/arm-none-eabi/10.3.1/../../../../arm-none-eabi/lib/thumb/v7-m/nofp/libc_nano.a(lib_a-memmove.o)
 .ARM.attributes
                0x000000000000052a       0x2d /opt/st/stm32cubeide_1.11.2/plugins/com.st.stm32cube.ide.mcu.externaltools.gnu-tools-for-stm32.10.3-2021.10.linux64_1.0.100.202210260954/tools/bin/../lib/gcc/arm-none-eabi/10.3.1/../../../../arm-none-eabi/lib/thumb/v7-m/nofp/libc_nano.a(lib_a-nano-freer.o)
 .ARM.attributes
                0x0000000000000557       0x2d /opt/st/stm32cubeide_1.11.2/plugins/com.st.stm32cube.ide.mcu.externaltools.gnu-tools-for-stm32.10.3-2021.10.linux64_1.0.100.202210260954/tools/bin/../lib/gcc/arm-none-eabi/10.3.1/../../../../arm-none-eabi/lib/thumb/v7-m/nofp/libc_nano.a(lib_a-nano-mallocr.o)
 .ARM.attributes
                0x0000000000000584       0x2d /opt/st/stm32cubeide_1.11.2/plugins/com.st.stm32cube.ide.mcu.externaltools.gnu-tools-for-stm32.10.3-2021.10.linux64_1.0.100.202210260954/tools/bin/../lib/gcc/arm-none-eabi/10.3.1/../../../../arm-none-eabi/lib/thumb/v7-m/nofp/libc_nano.a(lib_a-nano-reallocr.o)
 .ARM.attributes
                0x00000000000005b1       0x2d /opt/st/stm32cubeide_1.11.2/plugins/com.st.stm32cube.ide.mcu.externaltools.gnu-tools-for-stm32.10.3-2021.10.linux64_1.0.100.202210260954/tools/bin/../lib/gcc/arm-none-eabi/10.3.1/../../../../arm-none-eabi/lib/thumb/v7-m/nofp/libc_nano.a(lib_a-sbrkr.o)
 .ARM.attributes
                0x00000000000005de       0x2d /opt/st/stm32cubeide_1.11.2/plugins/com.st.stm32cube.ide.mcu.externaltools.gnu-tools-for-stm32.10.3-2021.10.linux64_1.0.100.202210260954/tools/bin/../lib/gcc/arm-none-eabi/10.3.1/../../../../arm-none-eabi/lib/thumb/v7-m/nofp/libc_nano.a(lib_a-mlock.o)
 .ARM.attributes
                0x000000000000060b       0x2d /opt/st/stm32cubeide_1.11.2/plugins/com.st.stm32cube.ide.mcu.externaltools.gnu-tools-for-stm32.10.3-2021.10.linux64_1.0.100.202210260954/tools/bin/../lib/gcc/arm-none-eabi/10.3.1/../../../../arm-none-eabi/lib/thumb/v7-m/nofp/libc_nano.a(lib_a-nano-msizer.o)
 .ARM.attributes
                0x0000000000000638       0x2d /opt/st/stm32cubeide_1.11.2/plugins/com.st.stm32cube.ide.mcu.externaltools.gnu-tools-for-stm32.10.3-2021.10.linux64_1.0.100.202210260954/tools/bin/../lib/gcc/arm-none-eabi/10.3.1/../../../../arm-none-eabi/lib/thumb/v7-m/nofp/libc_nano.a(lib_a-reent.o)
 .ARM.attributes
                0x0000000000000665       0x2d /opt/st/stm32cubeide_1.11.2/plugins/com.st.stm32cube.ide.mcu.externaltools.gnu-tools-for-stm32.10.3-2021.10.linux64_1.0.100.202210260954/tools/bin/../lib/gcc/arm-none-eabi/10.3.1/../../../../arm-none-eabi/lib/thumb/v7-m/nofp/libc_nano.a(lib_a-lock.o)
 .ARM.attributes
                0x0000000000000692       0x1d /opt/st/stm32cubeide_1.11.2/plugins/com.st.stm32cube.ide.mcu.externaltools.gnu-tools-for-stm32.10.3-2021.10.linux64_1.0.100.202210260954/tools/bin/../lib/gcc/arm-none-eabi/10.3.1/thumb/v7-m/nofp/libgcc.a(_arm_mulsf3.o)
 .ARM.attributes
                0x00000000000006af       0x1d /opt/st/stm32cubeide_1.11.2/plugins/com.st.stm32cube.ide.mcu.externaltools.gnu-tools-for-stm32.10.3-2021.10.linux64_1.0.100.202210260954/tools/bin/../lib/gcc/arm-none-eabi/10.3.1/thumb/v7-m/nofp/libgcc.a(_arm_addsubdf3.o)
 .ARM.attributes
                0x00000000000006cc       0x1d /opt/st/stm32cubeide_1.11.2/plugins/com.st.stm32cube.ide.mcu.externaltools.gnu-tools-for-stm32.10.3-2021.10.linux64_1.0.100.202210260954/tools/bin/../lib/gcc/arm-none-eabi/10.3.1/thumb/v7-m/nofp/libgcc.a(_arm_muldivdf3.o)
 .ARM.attributes
                0x00000000000006e9       0x1d /opt/st/stm32cubeide_1.11.2/plugins/com.st.stm32cube.ide.mcu.externaltools.gnu-tools-for-stm32.10.3-2021.10.linux64_1.0.100.202210260954/tools/bin/../lib/gcc/arm-none-eabi/10.3.1/thumb/v7-m/nofp/libgcc.a(_arm_fixunsdfsi.o)
 .ARM.attributes
                0x0000000000000706       0x1d /opt/st/stm32cubeide_1.11.2/plugins/com.st.stm32cube.ide.mcu.externaltools.gnu-tools-for-stm32.10.3-2021.10.linux64_1.0.100.202210260954/tools/bin/../lib/gcc/arm-none-eabi/10.3.1/thumb/v7-m/nofp/libgcc.a(_arm_truncdfsf2.o)
 .ARM.attributes
                0x0000000000000723       0x1d /opt/st/stm32cubeide_1.11.2/plugins/com.st.stm32cube.ide.mcu.externaltools.gnu-tools-for-stm32.10.3-2021.10.linux64_1.0.100.202210260954/tools/bin/../lib/gcc/arm-none-eabi/10.3.1/thumb/v7-m/nofp/libgcc.a(_arm_addsubsf3.o)
 .ARM.attributes
                0x0000000000000740       0x1d /opt/st/stm32cubeide_1.11.2/plugins/com.st.stm32cube.ide.mcu.externaltools.gnu-tools-for-stm32.10.3-2021.10.linux64_1.0.100.202210260954/tools/bin/../lib/gcc/arm-none-eabi/10.3.1/thumb/v7-m/nofp/libgcc.a(_arm_fixunssfsi.o)
 .ARM.attributes
                0x000000000000075d       0x1d /opt/st/stm32cubeide_1.11.2/plugins/com.st.stm32cube.ide.mcu.externaltools.gnu-tools-for-stm32.10.3-2021.10.linux64_1.0.100.202210260954/tools/bin/../lib/gcc/arm-none-eabi/10.3.1/thumb/v7-m/nofp/crtn.o
OUTPUT(Luxometro.elf elf32-littlearm)
LOAD linker stubs
LOAD /opt/st/stm32cubeide_1.11.2/plugins/com.st.stm32cube.ide.mcu.externaltools.gnu-tools-for-stm32.10.3-2021.10.linux64_1.0.100.202210260954/tools/bin/../lib/gcc/arm-none-eabi/10.3.1/../../../../arm-none-eabi/lib/thumb/v7-m/nofp/libc.a
LOAD /opt/st/stm32cubeide_1.11.2/plugins/com.st.stm32cube.ide.mcu.externaltools.gnu-tools-for-stm32.10.3-2021.10.linux64_1.0.100.202210260954/tools/bin/../lib/gcc/arm-none-eabi/10.3.1/../../../../arm-none-eabi/lib/thumb/v7-m/nofp/libm.a
LOAD /opt/st/stm32cubeide_1.11.2/plugins/com.st.stm32cube.ide.mcu.externaltools.gnu-tools-for-stm32.10.3-2021.10.linux64_1.0.100.202210260954/tools/bin/../lib/gcc/arm-none-eabi/10.3.1/thumb/v7-m/nofp/libgcc.a

.debug_info     0x0000000000000000     0xebff
 .debug_info    0x0000000000000000     0x2162 ./Core/Src/main.o
 .debug_info    0x0000000000002162      0xe6f ./Core/Src/stm32f1xx_hal_msp.o
 .debug_info    0x0000000000002fd1      0xa57 ./Core/Src/stm32f1xx_it.o
 .debug_info    0x0000000000003a28      0x171 ./Core/Src/sysmem.o
 .debug_info    0x0000000000003b99      0x23d ./Core/Src/system_stm32f1xx.o
 .debug_info    0x0000000000003dd6       0x22 ./Core/Startup/startup_stm32f103c8tx.o
 .debug_info    0x0000000000003df8      0x734 ./Drivers/STM32F1xx_HAL_Driver/Src/stm32f1xx_hal.o
 .debug_info    0x000000000000452c      0xb20 ./Drivers/STM32F1xx_HAL_Driver/Src/stm32f1xx_hal_cortex.o
 .debug_info    0x000000000000504c      0x73f ./Drivers/STM32F1xx_HAL_Driver/Src/stm32f1xx_hal_dma.o
 .debug_info    0x000000000000578b      0x615 ./Drivers/STM32F1xx_HAL_Driver/Src/stm32f1xx_hal_gpio.o
 .debug_info    0x0000000000005da0     0x2734 ./Drivers/STM32F1xx_HAL_Driver/Src/stm32f1xx_hal_i2c.o
 .debug_info    0x00000000000084d4      0x1ec ./Drivers/STM32F1xx_HAL_Driver/Src/stm32f1xx_hal_iwdg.o
 .debug_info    0x00000000000086c0      0x860 ./Drivers/STM32F1xx_HAL_Driver/Src/stm32f1xx_hal_rcc.o
 .debug_info    0x0000000000008f20     0x29de ./Drivers/STM32F1xx_HAL_Driver/Src/stm32f1xx_hal_tim.o
 .debug_info    0x000000000000b8fe     0x1513 ./Drivers/STM32F1xx_HAL_Driver/Src/stm32f1xx_hal_tim_ex.o
 .debug_info    0x000000000000ce11      0x27a ./OLED/Src/fonts.o
 .debug_info    0x000000000000d08b     0x1112 ./OLED/Src/ssd1306.o
 .debug_info    0x000000000000e19d      0xa62 ./Rojo_BH1750/Src/Rojo_BH1750.o

.debug_abbrev   0x0000000000000000     0x2392
 .debug_abbrev  0x0000000000000000      0x40d ./Core/Src/main.o
 .debug_abbrev  0x000000000000040d      0x1c5 ./Core/Src/stm32f1xx_hal_msp.o
 .debug_abbrev  0x00000000000005d2      0x1b3 ./Core/Src/stm32f1xx_it.o
 .debug_abbrev  0x0000000000000785       0xbb ./Core/Src/sysmem.o
 .debug_abbrev  0x0000000000000840      0x13b ./Core/Src/system_stm32f1xx.o
 .debug_abbrev  0x000000000000097b       0x12 ./Core/Startup/startup_stm32f103c8tx.o
 .debug_abbrev  0x000000000000098d      0x1fb ./Drivers/STM32F1xx_HAL_Driver/Src/stm32f1xx_hal.o
 .debug_abbrev  0x0000000000000b88      0x2ed ./Drivers/STM32F1xx_HAL_Driver/Src/stm32f1xx_hal_cortex.o
 .debug_abbrev  0x0000000000000e75      0x1fe ./Drivers/STM32F1xx_HAL_Driver/Src/stm32f1xx_hal_dma.o
 .debug_abbrev  0x0000000000001073      0x1bb ./Drivers/STM32F1xx_HAL_Driver/Src/stm32f1xx_hal_gpio.o
 .debug_abbrev  0x000000000000122e      0x288 ./Drivers/STM32F1xx_HAL_Driver/Src/stm32f1xx_hal_i2c.o
 .debug_abbrev  0x00000000000014b6      0x128 ./Drivers/STM32F1xx_HAL_Driver/Src/stm32f1xx_hal_iwdg.o
 .debug_abbrev  0x00000000000015de      0x2a8 ./Drivers/STM32F1xx_HAL_Driver/Src/stm32f1xx_hal_rcc.o
 .debug_abbrev  0x0000000000001886      0x25d ./Drivers/STM32F1xx_HAL_Driver/Src/stm32f1xx_hal_tim.o
 .debug_abbrev  0x0000000000001ae3      0x265 ./Drivers/STM32F1xx_HAL_Driver/Src/stm32f1xx_hal_tim_ex.o
 .debug_abbrev  0x0000000000001d48      0x111 ./OLED/Src/fonts.o
 .debug_abbrev  0x0000000000001e59      0x2f8 ./OLED/Src/ssd1306.o
 .debug_abbrev  0x0000000000002151      0x241 ./Rojo_BH1750/Src/Rojo_BH1750.o

.debug_aranges  0x0000000000000000      0xf40
 .debug_aranges
                0x0000000000000000      0x138 ./Core/Src/main.o
 .debug_aranges
                0x0000000000000138       0x40 ./Core/Src/stm32f1xx_hal_msp.o
 .debug_aranges
                0x0000000000000178       0x88 ./Core/Src/stm32f1xx_it.o
 .debug_aranges
                0x0000000000000200       0x20 ./Core/Src/sysmem.o
 .debug_aranges
                0x0000000000000220       0x28 ./Core/Src/system_stm32f1xx.o
 .debug_aranges
                0x0000000000000248       0x28 ./Core/Startup/startup_stm32f103c8tx.o
 .debug_aranges
                0x0000000000000270       0xe0 ./Drivers/STM32F1xx_HAL_Driver/Src/stm32f1xx_hal.o
 .debug_aranges
                0x0000000000000350      0x100 ./Drivers/STM32F1xx_HAL_Driver/Src/stm32f1xx_hal_cortex.o
 .debug_aranges
                0x0000000000000450       0x80 ./Drivers/STM32F1xx_HAL_Driver/Src/stm32f1xx_hal_dma.o
 .debug_aranges
                0x00000000000004d0       0x58 ./Drivers/STM32F1xx_HAL_Driver/Src/stm32f1xx_hal_gpio.o
 .debug_aranges
                0x0000000000000528      0x2a0 ./Drivers/STM32F1xx_HAL_Driver/Src/stm32f1xx_hal_i2c.o
 .debug_aranges
                0x00000000000007c8       0x28 ./Drivers/STM32F1xx_HAL_Driver/Src/stm32f1xx_hal_iwdg.o
 .debug_aranges
                0x00000000000007f0       0x90 ./Drivers/STM32F1xx_HAL_Driver/Src/stm32f1xx_hal_rcc.o
 .debug_aranges
                0x0000000000000880      0x3d0 ./Drivers/STM32F1xx_HAL_Driver/Src/stm32f1xx_hal_tim.o
 .debug_aranges
                0x0000000000000c50      0x168 ./Drivers/STM32F1xx_HAL_Driver/Src/stm32f1xx_hal_tim_ex.o
 .debug_aranges
                0x0000000000000db8       0x20 ./OLED/Src/fonts.o
 .debug_aranges
                0x0000000000000dd8       0xf8 ./OLED/Src/ssd1306.o
 .debug_aranges
                0x0000000000000ed0       0x70 ./Rojo_BH1750/Src/Rojo_BH1750.o

.debug_ranges   0x0000000000000000      0xe50
 .debug_ranges  0x0000000000000000      0x128 ./Core/Src/main.o
 .debug_ranges  0x0000000000000128       0x30 ./Core/Src/stm32f1xx_hal_msp.o
 .debug_ranges  0x0000000000000158       0x78 ./Core/Src/stm32f1xx_it.o
 .debug_ranges  0x00000000000001d0       0x10 ./Core/Src/sysmem.o
 .debug_ranges  0x00000000000001e0       0x18 ./Core/Src/system_stm32f1xx.o
 .debug_ranges  0x00000000000001f8       0x20 ./Core/Startup/startup_stm32f103c8tx.o
 .debug_ranges  0x0000000000000218       0xd0 ./Drivers/STM32F1xx_HAL_Driver/Src/stm32f1xx_hal.o
 .debug_ranges  0x00000000000002e8       0xf0 ./Drivers/STM32F1xx_HAL_Driver/Src/stm32f1xx_hal_cortex.o
 .debug_ranges  0x00000000000003d8       0x70 ./Drivers/STM32F1xx_HAL_Driver/Src/stm32f1xx_hal_dma.o
 .debug_ranges  0x0000000000000448       0x48 ./Drivers/STM32F1xx_HAL_Driver/Src/stm32f1xx_hal_gpio.o
 .debug_ranges  0x0000000000000490      0x2b8 ./Drivers/STM32F1xx_HAL_Driver/Src/stm32f1xx_hal_i2c.o
 .debug_ranges  0x0000000000000748       0x18 ./Drivers/STM32F1xx_HAL_Driver/Src/stm32f1xx_hal_iwdg.o
 .debug_ranges  0x0000000000000760       0x80 ./Drivers/STM32F1xx_HAL_Driver/Src/stm32f1xx_hal_rcc.o
 .debug_ranges  0x00000000000007e0      0x3c0 ./Drivers/STM32F1xx_HAL_Driver/Src/stm32f1xx_hal_tim.o
 .debug_ranges  0x0000000000000ba0      0x158 ./Drivers/STM32F1xx_HAL_Driver/Src/stm32f1xx_hal_tim_ex.o
 .debug_ranges  0x0000000000000cf8       0x10 ./OLED/Src/fonts.o
 .debug_ranges  0x0000000000000d08       0xe8 ./OLED/Src/ssd1306.o
 .debug_ranges  0x0000000000000df0       0x60 ./Rojo_BH1750/Src/Rojo_BH1750.o

.debug_macro    0x0000000000000000    0x1899f
 .debug_macro   0x0000000000000000      0x3fb ./Core/Src/main.o
 .debug_macro   0x00000000000003fb      0xa6c ./Core/Src/main.o
 .debug_macro   0x0000000000000e67      0x221 ./Core/Src/main.o
 .debug_macro   0x0000000000001088       0x2e ./Core/Src/main.o
 .debug_macro   0x00000000000010b6       0x22 ./Core/Src/main.o
 .debug_macro   0x00000000000010d8       0x22 ./Core/Src/main.o
 .debug_macro   0x00000000000010fa       0x8e ./Core/Src/main.o
 .debug_macro   0x0000000000001188       0x51 ./Core/Src/main.o
 .debug_macro   0x00000000000011d9      0x103 ./Core/Src/main.o
 .debug_macro   0x00000000000012dc       0x6a ./Core/Src/main.o
 .debug_macro   0x0000000000001346      0x1df ./Core/Src/main.o
 .debug_macro   0x0000000000001525       0x1c ./Core/Src/main.o
 .debug_macro   0x0000000000001541       0x22 ./Core/Src/main.o
 .debug_macro   0x0000000000001563       0xbd ./Core/Src/main.o
 .debug_macro   0x0000000000001620      0xd23 ./Core/Src/main.o
 .debug_macro   0x0000000000002343     0xe09e ./Core/Src/main.o
 .debug_macro   0x00000000000103e1       0x6d ./Core/Src/main.o
 .debug_macro   0x000000000001044e     0x3468 ./Core/Src/main.o
 .debug_macro   0x00000000000138b6      0x174 ./Core/Src/main.o
 .debug_macro   0x0000000000013a2a       0x5c ./Core/Src/main.o
 .debug_macro   0x0000000000013a86      0x5be ./Core/Src/main.o
 .debug_macro   0x0000000000014044      0x289 ./Core/Src/main.o
 .debug_macro   0x00000000000142cd      0x1cb ./Core/Src/main.o
 .debug_macro   0x0000000000014498      0x114 ./Core/Src/main.o
 .debug_macro   0x00000000000145ac      0x1b2 ./Core/Src/main.o
 .debug_macro   0x000000000001475e       0x27 ./Core/Src/main.o
 .debug_macro   0x0000000000014785      0x136 ./Core/Src/main.o
 .debug_macro   0x00000000000148bb      0x1bc ./Core/Src/main.o
 .debug_macro   0x0000000000014a77       0x34 ./Core/Src/main.o
 .debug_macro   0x0000000000014aab       0x3c ./Core/Src/main.o
 .debug_macro   0x0000000000014ae7       0x57 ./Core/Src/main.o
 .debug_macro   0x0000000000014b3e       0x88 ./Core/Src/main.o
 .debug_macro   0x0000000000014bc6      0x241 ./Core/Src/main.o
 .debug_macro   0x0000000000014e07      0x287 ./Core/Src/main.o
 .debug_macro   0x000000000001508e       0x78 ./Core/Src/main.o
 .debug_macro   0x0000000000015106      0x141 ./Core/Src/main.o
 .debug_macro   0x0000000000015247      0x8d1 ./Core/Src/main.o
 .debug_macro   0x0000000000015b18       0x83 ./Core/Src/main.o
 .debug_macro   0x0000000000015b9b       0x70 ./Core/Src/main.o
 .debug_macro   0x0000000000015c0b       0x52 ./Core/Src/main.o
 .debug_macro   0x0000000000015c5d       0x18 ./Core/Src/main.o
 .debug_macro   0x0000000000015c75       0x3c ./Core/Src/main.o
 .debug_macro   0x0000000000015cb1       0x34 ./Core/Src/main.o
 .debug_macro   0x0000000000015ce5       0x16 ./Core/Src/main.o
 .debug_macro   0x0000000000015cfb       0x43 ./Core/Src/main.o
 .debug_macro   0x0000000000015d3e       0x34 ./Core/Src/main.o
 .debug_macro   0x0000000000015d72       0x10 ./Core/Src/main.o
 .debug_macro   0x0000000000015d82       0x58 ./Core/Src/main.o
 .debug_macro   0x0000000000015dda       0x71 ./Core/Src/main.o
 .debug_macro   0x0000000000015e4b       0x1c ./Core/Src/main.o
 .debug_macro   0x0000000000015e67      0x12a ./Core/Src/main.o
 .debug_macro   0x0000000000015f91      0x341 ./Core/Src/main.o
 .debug_macro   0x00000000000162d2       0x10 ./Core/Src/main.o
 .debug_macro   0x00000000000162e2       0x35 ./Core/Src/main.o
 .debug_macro   0x0000000000016317       0x20 ./Core/Src/main.o
 .debug_macro   0x0000000000016337       0x16 ./Core/Src/main.o
 .debug_macro   0x000000000001634d       0x16 ./Core/Src/main.o
 .debug_macro   0x0000000000016363       0x29 ./Core/Src/main.o
 .debug_macro   0x000000000001638c       0x1d ./Core/Src/main.o
 .debug_macro   0x00000000000163a9       0x10 ./Core/Src/main.o
 .debug_macro   0x00000000000163b9       0x1c ./Core/Src/main.o
 .debug_macro   0x00000000000163d5       0x10 ./Core/Src/main.o
 .debug_macro   0x00000000000163e5       0x10 ./Core/Src/main.o
 .debug_macro   0x00000000000163f5       0x1c ./Core/Src/main.o
 .debug_macro   0x0000000000016411       0x52 ./Core/Src/main.o
 .debug_macro   0x0000000000016463       0x22 ./Core/Src/main.o
 .debug_macro   0x0000000000016485       0x10 ./Core/Src/main.o
 .debug_macro   0x0000000000016495       0x52 ./Core/Src/main.o
 .debug_macro   0x00000000000164e7       0xd5 ./Core/Src/main.o
 .debug_macro   0x00000000000165bc       0x1c ./Core/Src/main.o
 .debug_macro   0x00000000000165d8       0x3d ./Core/Src/main.o
 .debug_macro   0x0000000000016615       0x16 ./Core/Src/main.o
 .debug_macro   0x000000000001662b      0x145 ./Core/Src/main.o
 .debug_macro   0x0000000000016770       0x4c ./Core/Src/main.o
 .debug_macro   0x00000000000167bc       0x4d ./Core/Src/main.o
 .debug_macro   0x0000000000016809      0x1bc ./Core/Src/stm32f1xx_hal_msp.o
 .debug_macro   0x00000000000169c5      0x1c6 ./Core/Src/stm32f1xx_it.o
 .debug_macro   0x0000000000016b8b       0xff ./Core/Src/sysmem.o
 .debug_macro   0x0000000000016c8a      0x23b ./Core/Src/sysmem.o
 .debug_macro   0x0000000000016ec5      0x1ad ./Core/Src/system_stm32f1xx.o
 .debug_macro   0x0000000000017072      0x1d1 ./Drivers/STM32F1xx_HAL_Driver/Src/stm32f1xx_hal.o
 .debug_macro   0x0000000000017243      0x1ad ./Drivers/STM32F1xx_HAL_Driver/Src/stm32f1xx_hal_cortex.o
 .debug_macro   0x00000000000173f0      0x1ad ./Drivers/STM32F1xx_HAL_Driver/Src/stm32f1xx_hal_dma.o
 .debug_macro   0x000000000001759d      0x218 ./Drivers/STM32F1xx_HAL_Driver/Src/stm32f1xx_hal_gpio.o
 .debug_macro   0x00000000000177b5      0x1f4 ./Drivers/STM32F1xx_HAL_Driver/Src/stm32f1xx_hal_i2c.o
 .debug_macro   0x00000000000179a9      0x1b9 ./Drivers/STM32F1xx_HAL_Driver/Src/stm32f1xx_hal_iwdg.o
 .debug_macro   0x0000000000017b62      0x1bf ./Drivers/STM32F1xx_HAL_Driver/Src/stm32f1xx_hal_rcc.o
 .debug_macro   0x0000000000017d21      0x1ae ./Drivers/STM32F1xx_HAL_Driver/Src/stm32f1xx_hal_tim.o
 .debug_macro   0x0000000000017ecf      0x1ad ./Drivers/STM32F1xx_HAL_Driver/Src/stm32f1xx_hal_tim_ex.o
 .debug_macro   0x000000000001807c      0x285 ./OLED/Src/fonts.o
 .debug_macro   0x0000000000018301      0x310 ./OLED/Src/ssd1306.o
 .debug_macro   0x0000000000018611      0x362 ./Rojo_BH1750/Src/Rojo_BH1750.o
 .debug_macro   0x0000000000018973       0x16 ./Rojo_BH1750/Src/Rojo_BH1750.o
 .debug_macro   0x0000000000018989       0x16 ./Rojo_BH1750/Src/Rojo_BH1750.o

.debug_line     0x0000000000000000    0x11662
 .debug_line    0x0000000000000000     0x1381 ./Core/Src/main.o
 .debug_line    0x0000000000001381      0x748 ./Core/Src/stm32f1xx_hal_msp.o
 .debug_line    0x0000000000001ac9      0x7a7 ./Core/Src/stm32f1xx_it.o
 .debug_line    0x0000000000002270      0x4c7 ./Core/Src/sysmem.o
 .debug_line    0x0000000000002737      0x6eb ./Core/Src/system_stm32f1xx.o
 .debug_line    0x0000000000002e22       0x87 ./Core/Startup/startup_stm32f103c8tx.o
 .debug_line    0x0000000000002ea9      0x918 ./Drivers/STM32F1xx_HAL_Driver/Src/stm32f1xx_hal.o
 .debug_line    0x00000000000037c1      0xb00 ./Drivers/STM32F1xx_HAL_Driver/Src/stm32f1xx_hal_cortex.o
 .debug_line    0x00000000000042c1      0xd70 ./Drivers/STM32F1xx_HAL_Driver/Src/stm32f1xx_hal_dma.o
 .debug_line    0x0000000000005031      0x9af ./Drivers/STM32F1xx_HAL_Driver/Src/stm32f1xx_hal_gpio.o
 .debug_line    0x00000000000059e0     0x3a02 ./Drivers/STM32F1xx_HAL_Driver/Src/stm32f1xx_hal_i2c.o
 .debug_line    0x00000000000093e2      0x6e3 ./Drivers/STM32F1xx_HAL_Driver/Src/stm32f1xx_hal_iwdg.o
 .debug_line    0x0000000000009ac5      0xd26 ./Drivers/STM32F1xx_HAL_Driver/Src/stm32f1xx_hal_rcc.o
 .debug_line    0x000000000000a7eb     0x32ce ./Drivers/STM32F1xx_HAL_Driver/Src/stm32f1xx_hal_tim.o
 .debug_line    0x000000000000dab9     0x1840 ./Drivers/STM32F1xx_HAL_Driver/Src/stm32f1xx_hal_tim_ex.o
 .debug_line    0x000000000000f2f9      0x821 ./OLED/Src/fonts.o
 .debug_line    0x000000000000fb1a      0xff5 ./OLED/Src/ssd1306.o
 .debug_line    0x0000000000010b0f      0xb53 ./Rojo_BH1750/Src/Rojo_BH1750.o

.debug_str      0x0000000000000000    0x8c29e
 .debug_str     0x0000000000000000    0x88a1b ./Core/Src/main.o
                                      0x88fcb (size before relaxing)
 .debug_str     0x0000000000088a1b       0xcc ./Core/Src/stm32f1xx_hal_msp.o
                                      0x84160 (size before relaxing)
 .debug_str     0x0000000000088ae7      0x151 ./Core/Src/stm32f1xx_it.o
                                      0x83e5c (size before relaxing)
 .debug_str     0x0000000000088c38      0x4da ./Core/Src/sysmem.o
                                       0x5d5f (size before relaxing)
 .debug_str     0x0000000000089112       0x7e ./Core/Src/system_stm32f1xx.o
                                      0x834ba (size before relaxing)
 .debug_str     0x0000000000089190       0x36 ./Core/Startup/startup_stm32f103c8tx.o
                                         0x79 (size before relaxing)
 .debug_str     0x00000000000891c6      0x38e ./Drivers/STM32F1xx_HAL_Driver/Src/stm32f1xx_hal.o
                                      0x83bed (size before relaxing)
 .debug_str     0x0000000000089554      0x23a ./Drivers/STM32F1xx_HAL_Driver/Src/stm32f1xx_hal_cortex.o
                                      0x83b39 (size before relaxing)
 .debug_str     0x000000000008978e      0x235 ./Drivers/STM32F1xx_HAL_Driver/Src/stm32f1xx_hal_dma.o
                                      0x83863 (size before relaxing)
 .debug_str     0x00000000000899c3      0x2a8 ./Drivers/STM32F1xx_HAL_Driver/Src/stm32f1xx_hal_gpio.o
                                      0x83840 (size before relaxing)
 .debug_str     0x0000000000089c6b      0xb01 ./Drivers/STM32F1xx_HAL_Driver/Src/stm32f1xx_hal_i2c.o
                                      0x8452e (size before relaxing)
 .debug_str     0x000000000008a76c       0xd4 ./Drivers/STM32F1xx_HAL_Driver/Src/stm32f1xx_hal_iwdg.o
                                      0x8357c (size before relaxing)
 .debug_str     0x000000000008a840      0x209 ./Drivers/STM32F1xx_HAL_Driver/Src/stm32f1xx_hal_rcc.o
                                      0x838e9 (size before relaxing)
 .debug_str     0x000000000008aa49      0xd8a ./Drivers/STM32F1xx_HAL_Driver/Src/stm32f1xx_hal_tim.o
                                      0x848d4 (size before relaxing)
 .debug_str     0x000000000008b7d3      0x493 ./Drivers/STM32F1xx_HAL_Driver/Src/stm32f1xx_hal_tim_ex.o
                                      0x840f0 (size before relaxing)
 .debug_str     0x000000000008bc66       0x8f ./OLED/Src/fonts.o
                                      0x86304 (size before relaxing)
 .debug_str     0x000000000008bcf5      0x48e ./OLED/Src/ssd1306.o
                                      0x86dd1 (size before relaxing)
 .debug_str     0x000000000008c183      0x11b ./Rojo_BH1750/Src/Rojo_BH1750.o
                                      0x87dab (size before relaxing)

.comment        0x0000000000000000       0x50
 .comment       0x0000000000000000       0x50 ./Core/Src/main.o
                                         0x51 (size before relaxing)
 .comment       0x0000000000000050       0x51 ./Core/Src/stm32f1xx_hal_msp.o
 .comment       0x0000000000000050       0x51 ./Core/Src/stm32f1xx_it.o
 .comment       0x0000000000000050       0x51 ./Core/Src/sysmem.o
 .comment       0x0000000000000050       0x51 ./Core/Src/system_stm32f1xx.o
 .comment       0x0000000000000050       0x51 ./Drivers/STM32F1xx_HAL_Driver/Src/stm32f1xx_hal.o
 .comment       0x0000000000000050       0x51 ./Drivers/STM32F1xx_HAL_Driver/Src/stm32f1xx_hal_cortex.o
 .comment       0x0000000000000050       0x51 ./Drivers/STM32F1xx_HAL_Driver/Src/stm32f1xx_hal_dma.o
 .comment       0x0000000000000050       0x51 ./Drivers/STM32F1xx_HAL_Driver/Src/stm32f1xx_hal_gpio.o
 .comment       0x0000000000000050       0x51 ./Drivers/STM32F1xx_HAL_Driver/Src/stm32f1xx_hal_i2c.o
 .comment       0x0000000000000050       0x51 ./Drivers/STM32F1xx_HAL_Driver/Src/stm32f1xx_hal_iwdg.o
 .comment       0x0000000000000050       0x51 ./Drivers/STM32F1xx_HAL_Driver/Src/stm32f1xx_hal_rcc.o
 .comment       0x0000000000000050       0x51 ./Drivers/STM32F1xx_HAL_Driver/Src/stm32f1xx_hal_tim.o
 .comment       0x0000000000000050       0x51 ./Drivers/STM32F1xx_HAL_Driver/Src/stm32f1xx_hal_tim_ex.o
 .comment       0x0000000000000050       0x51 ./OLED/Src/fonts.o
 .comment       0x0000000000000050       0x51 ./OLED/Src/ssd1306.o
 .comment       0x0000000000000050       0x51 ./Rojo_BH1750/Src/Rojo_BH1750.o

.debug_frame    0x0000000000000000     0x4570
 .debug_frame   0x0000000000000000      0x4c4 ./Core/Src/main.o
 .debug_frame   0x00000000000004c4       0xc8 ./Core/Src/stm32f1xx_hal_msp.o
 .debug_frame   0x000000000000058c      0x190 ./Core/Src/stm32f1xx_it.o
 .debug_frame   0x000000000000071c       0x34 ./Core/Src/sysmem.o
 .debug_frame   0x0000000000000750       0x58 ./Core/Src/system_stm32f1xx.o
 .debug_frame   0x00000000000007a8      0x334 ./Drivers/STM32F1xx_HAL_Driver/Src/stm32f1xx_hal.o
 .debug_frame   0x0000000000000adc      0x428 ./Drivers/STM32F1xx_HAL_Driver/Src/stm32f1xx_hal_cortex.o
 .debug_frame   0x0000000000000f04      0x208 ./Drivers/STM32F1xx_HAL_Driver/Src/stm32f1xx_hal_dma.o
 .debug_frame   0x000000000000110c      0x14c ./Drivers/STM32F1xx_HAL_Driver/Src/stm32f1xx_hal_gpio.o
 .debug_frame   0x0000000000001258      0xc5c ./Drivers/STM32F1xx_HAL_Driver/Src/stm32f1xx_hal_i2c.o
 .debug_frame   0x0000000000001eb4       0x5c ./Drivers/STM32F1xx_HAL_Driver/Src/stm32f1xx_hal_iwdg.o
 .debug_frame   0x0000000000001f10      0x21c ./Drivers/STM32F1xx_HAL_Driver/Src/stm32f1xx_hal_rcc.o
 .debug_frame   0x000000000000212c     0x11b8 ./Drivers/STM32F1xx_HAL_Driver/Src/stm32f1xx_hal_tim.o
 .debug_frame   0x00000000000032e4      0x638 ./Drivers/STM32F1xx_HAL_Driver/Src/stm32f1xx_hal_tim_ex.o
 .debug_frame   0x000000000000391c       0x38 ./OLED/Src/fonts.o
 .debug_frame   0x0000000000003954      0x414 ./OLED/Src/ssd1306.o
 .debug_frame   0x0000000000003d68      0x1a8 ./Rojo_BH1750/Src/Rojo_BH1750.o
 .debug_frame   0x0000000000003f10       0x20 /opt/st/stm32cubeide_1.11.2/plugins/com.st.stm32cube.ide.mcu.externaltools.gnu-tools-for-stm32.10.3-2021.10.linux64_1.0.100.202210260954/tools/bin/../lib/gcc/arm-none-eabi/10.3.1/../../../../arm-none-eabi/lib/thumb/v7-m/nofp/libc_nano.a(lib_a-errno.o)
 .debug_frame   0x0000000000003f30       0x2c /opt/st/stm32cubeide_1.11.2/plugins/com.st.stm32cube.ide.mcu.externaltools.gnu-tools-for-stm32.10.3-2021.10.linux64_1.0.100.202210260954/tools/bin/../lib/gcc/arm-none-eabi/10.3.1/../../../../arm-none-eabi/lib/thumb/v7-m/nofp/libc_nano.a(lib_a-init.o)
 .debug_frame   0x0000000000003f5c       0x20 /opt/st/stm32cubeide_1.11.2/plugins/com.st.stm32cube.ide.mcu.externaltools.gnu-tools-for-stm32.10.3-2021.10.linux64_1.0.100.202210260954/tools/bin/../lib/gcc/arm-none-eabi/10.3.1/../../../../arm-none-eabi/lib/thumb/v7-m/nofp/libc_nano.a(lib_a-memset.o)
 .debug_frame   0x0000000000003f7c       0x6c /opt/st/stm32cubeide_1.11.2/plugins/com.st.stm32cube.ide.mcu.externaltools.gnu-tools-for-stm32.10.3-2021.10.linux64_1.0.100.202210260954/tools/bin/../lib/gcc/arm-none-eabi/10.3.1/../../../../arm-none-eabi/lib/thumb/v7-m/nofp/libc_nano.a(lib_a-sprintf.o)
 .debug_frame   0x0000000000003fe8       0x90 /opt/st/stm32cubeide_1.11.2/plugins/com.st.stm32cube.ide.mcu.externaltools.gnu-tools-for-stm32.10.3-2021.10.linux64_1.0.100.202210260954/tools/bin/../lib/gcc/arm-none-eabi/10.3.1/../../../../arm-none-eabi/lib/thumb/v7-m/nofp/libc_nano.a(lib_a-nano-svfprintf.o)
 .debug_frame   0x0000000000004078       0x60 /opt/st/stm32cubeide_1.11.2/plugins/com.st.stm32cube.ide.mcu.externaltools.gnu-tools-for-stm32.10.3-2021.10.linux64_1.0.100.202210260954/tools/bin/../lib/gcc/arm-none-eabi/10.3.1/../../../../arm-none-eabi/lib/thumb/v7-m/nofp/libc_nano.a(lib_a-nano-vfprintf_i.o)
 .debug_frame   0x00000000000040d8       0x28 /opt/st/stm32cubeide_1.11.2/plugins/com.st.stm32cube.ide.mcu.externaltools.gnu-tools-for-stm32.10.3-2021.10.linux64_1.0.100.202210260954/tools/bin/../lib/gcc/arm-none-eabi/10.3.1/../../../../arm-none-eabi/lib/thumb/v7-m/nofp/libc_nano.a(lib_a-memchr-stub.o)
 .debug_frame   0x0000000000004100       0x28 /opt/st/stm32cubeide_1.11.2/plugins/com.st.stm32cube.ide.mcu.externaltools.gnu-tools-for-stm32.10.3-2021.10.linux64_1.0.100.202210260954/tools/bin/../lib/gcc/arm-none-eabi/10.3.1/../../../../arm-none-eabi/lib/thumb/v7-m/nofp/libc_nano.a(lib_a-memcpy-stub.o)
 .debug_frame   0x0000000000004128       0x28 /opt/st/stm32cubeide_1.11.2/plugins/com.st.stm32cube.ide.mcu.externaltools.gnu-tools-for-stm32.10.3-2021.10.linux64_1.0.100.202210260954/tools/bin/../lib/gcc/arm-none-eabi/10.3.1/../../../../arm-none-eabi/lib/thumb/v7-m/nofp/libc_nano.a(lib_a-memmove.o)
 .debug_frame   0x0000000000004150       0x38 /opt/st/stm32cubeide_1.11.2/plugins/com.st.stm32cube.ide.mcu.externaltools.gnu-tools-for-stm32.10.3-2021.10.linux64_1.0.100.202210260954/tools/bin/../lib/gcc/arm-none-eabi/10.3.1/../../../../arm-none-eabi/lib/thumb/v7-m/nofp/libc_nano.a(lib_a-nano-freer.o)
 .debug_frame   0x0000000000004188       0x4c /opt/st/stm32cubeide_1.11.2/plugins/com.st.stm32cube.ide.mcu.externaltools.gnu-tools-for-stm32.10.3-2021.10.linux64_1.0.100.202210260954/tools/bin/../lib/gcc/arm-none-eabi/10.3.1/../../../../arm-none-eabi/lib/thumb/v7-m/nofp/libc_nano.a(lib_a-nano-mallocr.o)
 .debug_frame   0x00000000000041d4       0x3c /opt/st/stm32cubeide_1.11.2/plugins/com.st.stm32cube.ide.mcu.externaltools.gnu-tools-for-stm32.10.3-2021.10.linux64_1.0.100.202210260954/tools/bin/../lib/gcc/arm-none-eabi/10.3.1/../../../../arm-none-eabi/lib/thumb/v7-m/nofp/libc_nano.a(lib_a-nano-reallocr.o)