/home/lord448/Escritorio/Libraries/STM32/Rojo_BH1750/Src/Rojo_BH1750.c:27:20:ResetCommand	24	static
/home/lord448/Escritorio/Libraries/STM32/Rojo_BH1750/Src/Rojo_BH1750.c:42:20:PowerOnCommand	24	static
/home/lord448/Escritorio/Libraries/STM32/Rojo_BH1750/Src/Rojo_BH1750.c:57:20:PowerDownCommand	24	static
/home/lord448/Escritorio/Libraries/STM32/Rojo_BH1750/Src/Rojo_BH1750.c:73:17:Measure_Subrutine	32	static
/home/lord448/Escritorio/Libraries/STM32/Rojo_BH1750/Src/Rojo_BH1750.c:103:13:BH1750_Init	24	static
/home/lord448/Escritorio/Libraries/STM32/Rojo_BH1750/Src/Rojo_BH1750.c:119:13:BH1750_Read	24	static
/home/lord448/Escritorio/Libraries/STM32/Rojo_BH1750/Src/Rojo_BH1750.c:145:13:BH1750_ReCalibrate	16	static
/home/lord448/Escritorio/Libraries/STM32/Rojo_BH1750/Src/Rojo_BH1750.c:166:13:BH1750_Command	24	static
/home/lord448/Escritorio/Libraries/STM32/Rojo_BH1750/Src/Rojo_BH1750.c:179:13:BH1750_Sleep	16	static
/home/lord448/Escritorio/Libraries/STM32/Rojo_BH1750/Src/Rojo_BH1750.c:189:13:BH1750_SetResolution	16	static
/home/lord448/Escritorio/Libraries/STM32/Rojo_BH1750/Src/Rojo_BH1750.c:211:6:Prepare_to_print	48	static
