/home/lord448/Escritorio/Libraries/STM32/Rojo_BH1750/Src/Rojo_BH1750.c:25:20:ResetCommand	24	static
/home/lord448/Escritorio/Libraries/STM32/Rojo_BH1750/Src/Rojo_BH1750.c:40:20:PowerOnCommand	24	static
/home/lord448/Escritorio/Libraries/STM32/Rojo_BH1750/Src/Rojo_BH1750.c:55:20:PowerDownCommand	24	static
/home/lord448/Escritorio/Libraries/STM32/Rojo_BH1750/Src/Rojo_BH1750.c:71:17:Measure_Subrutine	32	static
/home/lord448/Escritorio/Libraries/STM32/Rojo_BH1750/Src/Rojo_BH1750.c:101:13:BH1750_Init	24	static
/home/lord448/Escritorio/Libraries/STM32/Rojo_BH1750/Src/Rojo_BH1750.c:117:13:BH1750_Read	24	static
/home/lord448/Escritorio/Libraries/STM32/Rojo_BH1750/Src/Rojo_BH1750.c:143:13:BH1750_ReCalibrate	16	static
/home/lord448/Escritorio/Libraries/STM32/Rojo_BH1750/Src/Rojo_BH1750.c:164:13:BH1750_Command	24	static
/home/lord448/Escritorio/Libraries/STM32/Rojo_BH1750/Src/Rojo_BH1750.c:177:13:BH1750_Sleep	16	static
/home/lord448/Escritorio/Libraries/STM32/Rojo_BH1750/Src/Rojo_BH1750.c:187:13:BH1750_SetResolution	16	static
/home/lord448/Escritorio/Libraries/STM32/Rojo_BH1750/Src/Rojo_BH1750.c:209:6:Prepare_to_print	48	static
