../Drivers/CMSIS/Include/core_cm3.h:1762:34:__NVIC_SystemReset	4	static,ignoring_inline_asm
../Core/Src/main.c:114:5:main	24	static
../Core/Src/main.c:212:6:Continous_mode	8	static
../Core/Src/main.c:230:6:Hold_mode	8	static
../Core/Src/main.c:248:6:Plot_mode	8	static
../Core/Src/main.c:262:6:Reset_sensor_mode	8	static
../Core/Src/main.c:295:6:Flash_configs	4	static
../Core/Src/main.c:300:6:MenuGUI	40	static
../Core/Src/main.c:410:6:Select_animation	16	static
../Core/Src/main.c:431:6:MCU_Reset_Subrutine	8	static
../Core/Src/main.c:442:6:Fatal_Error_EEPROM	8	static
../Core/Src/main.c:459:6:Fatal_Error_BH1750	8	static
../Core/Src/main.c:477:6:NoConnected_BH1750	8	static
../Core/Src/main.c:496:6:Print_Measure	40	static
../Core/Src/main.c:521:6:wait_until_press	16	static
../Core/Src/main.c:529:6:Errors_init	16	static
../Core/Src/main.c:541:6:Timer_Delay_250ms	16	static
../Core/Src/main.c:546:6:Timer_Delay_at_274PSC	24	static
../Core/Src/main.c:565:6:SensorRead	8	static
../Core/Src/main.c:578:6:Configs_init	4	static
../Core/Src/main.c:586:6:HAL_GPIO_EXTI_Callback	16	static
../Core/Src/main.c:594:6:HAL_I2C_ErrorCallback	16	static
../Core/Src/main.c:604:6:Borrame	8	static
../Core/Src/main.c:626:6:SystemClock_Config	72	static
../Core/Src/main.c:667:13:MX_I2C1_Init	8	static
../Core/Src/main.c:701:13:MX_I2C2_Init	8	static
../Core/Src/main.c:735:13:MX_IWDG_Init	8	static
../Core/Src/main.c:763:13:MX_TIM4_Init	32	static
../Core/Src/main.c:808:13:MX_GPIO_Init	40	static
../Core/Src/main.c:859:6:Error_Handler	4	static,ignoring_inline_asm
