../Drivers/CMSIS/Include/core_cm3.h:1762:34:__NVIC_SystemReset	4	static,ignoring_inline_asm
../Core/Src/main.c:201:5:main	8	static
../Core/Src/main.c:339:6:Continous_mode	16	static
../Core/Src/main.c:366:6:Hold_mode	16	static
../Core/Src/main.c:394:6:Plot_mode	56	static
../Core/Src/main.c:499:6:Print_OkToContinue	32	static
../Core/Src/main.c:526:6:Config_plot_mode	88	static
../Core/Src/main.c:755:6:Config_PlotSelectAnim	16	static
../Core/Src/main.c:762:6:Reset_sensor_mode	8	static
../Core/Src/main.c:800:6:MenuGUI	40	static
../Core/Src/main.c:932:6:Select_animation	16	static
../Core/Src/main.c:973:6:Fatal_Error_BH1750	16	static
../Core/Src/main.c:998:6:NoConnected_BH1750	16	static
../Core/Src/main.c:1025:6:Print_Measure	40	static
../Core/Src/main.c:1049:6:wait_until_press	16	static
../Core/Src/main.c:1057:6:Errors_init	16	static
../Core/Src/main.c:1069:6:Timer_Delay_250ms	16	static
../Core/Src/main.c:1074:6:Timer_Delay_50ms	16	static
../Core/Src/main.c:1079:6:Timer_Delay_at_274PSC	24	static
../Core/Src/main.c:1098:6:MCU_Reset_Subrutine	8	static
../Core/Src/main.c:1108:6:SensorRead	32	static
../Core/Src/main.c:1145:10:CenterXPrint	24	static
../Core/Src/main.c:1154:10:CharsNumberFromInt	24	static
../Core/Src/main.c:1168:6:CharNumberFromFloat	48	static
../Core/Src/main.c:1198:10:NumberOfCharsUsed	24	static
../Core/Src/main.c:1213:6:Configs_init	4	static
../Core/Src/main.c:1222:6:Flash_configs	4	static
../Core/Src/main.c:1228:6:HAL_GPIO_EXTI_Callback	16	static
../Core/Src/main.c:1239:6:HAL_TIM_PeriodElapsedCallback	16	static
../Core/Src/main.c:1247:6:HAL_I2C_ErrorCallback	16	static
../Core/Src/main.c:1257:6:Borrame	8	static
../Core/Src/main.c:1280:6:SystemClock_Config	72	static
../Core/Src/main.c:1321:13:MX_I2C1_Init	8	static
../Core/Src/main.c:1355:13:MX_I2C2_Init	8	static
../Core/Src/main.c:1389:13:MX_IWDG_Init	8	static
../Core/Src/main.c:1417:13:MX_TIM3_Init	32	static
../Core/Src/main.c:1462:13:MX_TIM4_Init	32	static
../Core/Src/main.c:1507:13:MX_GPIO_Init	40	static
../Core/Src/main.c:1585:6:Error_Handler	4	static,ignoring_inline_asm
