../Drivers/CMSIS/Include/core_cm3.h:1762:34:__NVIC_SystemReset	4	static,ignoring_inline_asm
../Core/Src/main.c:188:5:main	24	static
../Core/Src/main.c:314:6:Continous_mode	8	static
../Core/Src/main.c:333:6:Hold_mode	8	static
../Core/Src/main.c:353:6:Plot_mode	56	static
../Core/Src/main.c:458:6:Print_OkToContinue	32	static
../Core/Src/main.c:485:6:Config_plot_mode	88	static
../Core/Src/main.c:694:6:Config_PlotCursorAnim	48	static
../Core/Src/main.c:714:6:Reset_sensor_mode	8	static
../Core/Src/main.c:748:6:MenuGUI	40	static
../Core/Src/main.c:867:6:Select_animation	16	static
../Core/Src/main.c:889:6:Fatal_Error_EEPROM	8	static
../Core/Src/main.c:906:6:Fatal_Error_BH1750	8	static
../Core/Src/main.c:924:6:NoConnected_BH1750	8	static
../Core/Src/main.c:946:6:Print_Measure	40	static
../Core/Src/main.c:971:6:wait_until_press	16	static
../Core/Src/main.c:979:6:Errors_init	16	static
../Core/Src/main.c:991:6:Timer_Delay_250ms	16	static
../Core/Src/main.c:996:6:Timer_Delay_at_274PSC	24	static
../Core/Src/main.c:1015:6:MCU_Reset_Subrutine	8	static
../Core/Src/main.c:1025:6:SensorRead	8	static
../Core/Src/main.c:1038:10:CenterXPrint	24	static
../Core/Src/main.c:1047:10:CharsNumberFromInt	24	static
../Core/Src/main.c:1061:6:CharNumberFromFloat	48	static
../Core/Src/main.c:1091:10:NumberOfCharsUsed	24	static
../Core/Src/main.c:1106:6:Configs_init	4	static
../Core/Src/main.c:1115:6:Flash_configs	4	static
../Core/Src/main.c:1121:6:HAL_GPIO_EXTI_Callback	16	static
../Core/Src/main.c:1132:6:HAL_TIM_PeriodElapsedCallback	16	static
../Core/Src/main.c:1140:6:HAL_I2C_ErrorCallback	16	static
../Core/Src/main.c:1150:6:Borrame	8	static
../Core/Src/main.c:1173:6:SystemClock_Config	72	static
../Core/Src/main.c:1214:13:MX_I2C1_Init	8	static
../Core/Src/main.c:1248:13:MX_I2C2_Init	8	static
../Core/Src/main.c:1282:13:MX_IWDG_Init	8	static
../Core/Src/main.c:1310:13:MX_TIM3_Init	32	static
../Core/Src/main.c:1355:13:MX_TIM4_Init	32	static
../Core/Src/main.c:1400:13:MX_GPIO_Init	40	static
../Core/Src/main.c:1451:6:Error_Handler	4	static,ignoring_inline_asm
