../Drivers/CMSIS/Include/core_cm3.h:1762:34:__NVIC_SystemReset	4	static,ignoring_inline_asm
../Core/Src/main.c:112:5:main	24	static
../Core/Src/main.c:198:6:Continous_mode	8	static
../Core/Src/main.c:217:6:One_shot_mode	8	static
../Core/Src/main.c:235:6:Plot_mode	8	static
../Core/Src/main.c:249:6:Reset_sensor_mode	8	static
../Core/Src/main.c:262:6:Save_info_mode	16	static
../Core/Src/main.c:302:6:Flash_configs	4	static
../Core/Src/main.c:307:6:MenuGUI	40	static
../Core/Src/main.c:430:6:MCU_Reset_Subrutine	8	static
../Core/Src/main.c:442:6:Fatal_Error_EEPROM	8	static
../Core/Src/main.c:459:6:Fatal_Error_BH1750	8	static
../Core/Src/main.c:477:6:NoConnected_BH1750	8	static
../Core/Src/main.c:495:6:Select_animation	16	static
../Core/Src/main.c:508:6:Print_Measure	40	static
../Core/Src/main.c:533:6:wait_until_press	16	static
../Core/Src/main.c:541:6:Errors_init	16	static
../Core/Src/main.c:553:6:Timer_Delay_250ms	24	static
../Core/Src/main.c:570:6:Timer_Delay_at_274PSC	24	static
../Core/Src/main.c:587:6:Configs_init	4	static
../Core/Src/main.c:595:6:HAL_GPIO_EXTI_Callback	16	static
../Core/Src/main.c:603:6:HAL_I2C_ErrorCallback	16	static
../Core/Src/main.c:613:6:Borrame	8	static
../Core/Src/main.c:637:6:SystemClock_Config	72	static
../Core/Src/main.c:678:13:MX_I2C1_Init	8	static
../Core/Src/main.c:712:13:MX_I2C2_Init	8	static
../Core/Src/main.c:746:13:MX_IWDG_Init	8	static
../Core/Src/main.c:774:13:MX_TIM4_Init	32	static
../Core/Src/main.c:819:13:MX_GPIO_Init	40	static
../Core/Src/main.c:870:6:Error_Handler	4	static,ignoring_inline_asm
