../Drivers/CMSIS/Include/core_cm3.h:1762:34:__NVIC_SystemReset	4	static,ignoring_inline_asm
../Core/Src/main.c:199:5:main	8	static
../Core/Src/main.c:333:6:Continous_mode	8	static
../Core/Src/main.c:352:6:Hold_mode	8	static
../Core/Src/main.c:372:6:Plot_mode	56	static
../Core/Src/main.c:477:6:Print_OkToContinue	32	static
../Core/Src/main.c:504:6:Config_plot_mode	88	static
../Core/Src/main.c:733:6:Config_PlotSelectAnim	16	static
../Core/Src/main.c:740:6:Reset_sensor_mode	8	static
../Core/Src/main.c:776:6:MenuGUI	40	static
../Core/Src/main.c:908:6:Select_animation	16	static
../Core/Src/main.c:949:6:Fatal_Error_BH1750	8	static
../Core/Src/main.c:967:6:NoConnected_BH1750	8	static
../Core/Src/main.c:989:6:Print_Measure	40	static
../Core/Src/main.c:1014:6:wait_until_press	16	static
../Core/Src/main.c:1022:6:Errors_init	16	static
../Core/Src/main.c:1034:6:Timer_Delay_250ms	16	static
../Core/Src/main.c:1039:6:Timer_Delay_50ms	16	static
../Core/Src/main.c:1044:6:Timer_Delay_at_274PSC	24	static
../Core/Src/main.c:1063:6:MCU_Reset_Subrutine	8	static
../Core/Src/main.c:1073:6:SensorRead	32	static
../Core/Src/main.c:1108:10:CenterXPrint	24	static
../Core/Src/main.c:1117:10:CharsNumberFromInt	24	static
../Core/Src/main.c:1131:6:CharNumberFromFloat	48	static
../Core/Src/main.c:1161:10:NumberOfCharsUsed	24	static
../Core/Src/main.c:1176:6:Configs_init	4	static
../Core/Src/main.c:1185:6:Flash_configs	4	static
../Core/Src/main.c:1191:6:HAL_GPIO_EXTI_Callback	16	static
../Core/Src/main.c:1202:6:HAL_TIM_PeriodElapsedCallback	16	static
../Core/Src/main.c:1210:6:HAL_I2C_ErrorCallback	16	static
../Core/Src/main.c:1220:6:Borrame	8	static
../Core/Src/main.c:1243:6:SystemClock_Config	72	static
../Core/Src/main.c:1284:13:MX_I2C1_Init	8	static
../Core/Src/main.c:1318:13:MX_I2C2_Init	8	static
../Core/Src/main.c:1352:13:MX_IWDG_Init	8	static
../Core/Src/main.c:1380:13:MX_TIM3_Init	32	static
../Core/Src/main.c:1425:13:MX_TIM4_Init	32	static
../Core/Src/main.c:1470:13:MX_GPIO_Init	40	static
../Core/Src/main.c:1548:6:Error_Handler	4	static,ignoring_inline_asm
