../Drivers/CMSIS/Include/core_cm3.h:1762:34:__NVIC_SystemReset	4	static,ignoring_inline_asm
../Core/Src/main.c:174:5:main	24	static
../Core/Src/main.c:295:6:Continous_mode	8	static
../Core/Src/main.c:314:6:Hold_mode	8	static
../Core/Src/main.c:334:6:Plot_mode	56	static
../Core/Src/main.c:439:6:Print_OkToContinue	32	static
../Core/Src/main.c:471:6:Reset_sensor_mode	8	static
../Core/Src/main.c:505:6:MenuGUI	40	static
../Core/Src/main.c:624:6:Select_animation	16	static
../Core/Src/main.c:646:6:Fatal_Error_EEPROM	8	static
../Core/Src/main.c:663:6:Fatal_Error_BH1750	8	static
../Core/Src/main.c:681:6:NoConnected_BH1750	8	static
../Core/Src/main.c:703:6:Print_Measure	40	static
../Core/Src/main.c:728:6:wait_until_press	16	static
../Core/Src/main.c:736:6:Errors_init	16	static
../Core/Src/main.c:748:6:Timer_Delay_250ms	16	static
../Core/Src/main.c:753:6:Timer_Delay_at_274PSC	24	static
../Core/Src/main.c:772:6:MCU_Reset_Subrutine	8	static
../Core/Src/main.c:782:6:SensorRead	8	static
../Core/Src/main.c:795:10:CharsNumberFromInt	24	static
../Core/Src/main.c:809:6:CharNumberFromFloat	48	static
../Core/Src/main.c:839:10:NumberOfCharsUsed	24	static
../Core/Src/main.c:854:6:Configs_init	4	static
../Core/Src/main.c:863:6:Flash_configs	4	static
../Core/Src/main.c:869:6:HAL_GPIO_EXTI_Callback	16	static
../Core/Src/main.c:880:6:HAL_TIM_PeriodElapsedCallback	16	static
../Core/Src/main.c:888:6:HAL_I2C_ErrorCallback	16	static
../Core/Src/main.c:898:6:Borrame	8	static
../Core/Src/main.c:921:6:SystemClock_Config	72	static
../Core/Src/main.c:962:13:MX_I2C1_Init	8	static
../Core/Src/main.c:996:13:MX_I2C2_Init	8	static
../Core/Src/main.c:1030:13:MX_IWDG_Init	8	static
../Core/Src/main.c:1058:13:MX_TIM3_Init	32	static
../Core/Src/main.c:1103:13:MX_TIM4_Init	32	static
../Core/Src/main.c:1148:13:MX_GPIO_Init	40	static
../Core/Src/main.c:1199:6:Error_Handler	4	static,ignoring_inline_asm
